/Users/shivengarisa/Context4DocuGen/commons-geometry-1.0-src/commons-geometry-core/src/main/java/org/apache/commons/geometry/core/Vector.java
/Users/shivengarisa/Context4DocuGen/commons-geometry-1.0-src/commons-geometry-core/src/main/java/org/apache/commons/geometry/core/RegionLocation.java
/Users/shivengarisa/Context4DocuGen/commons-geometry-1.0-src/commons-geometry-core/src/main/java/org/apache/commons/geometry/core/partitioning/SplitLocation.java
/Users/shivengarisa/Context4DocuGen/commons-geometry-1.0-src/commons-geometry-core/src/main/java/org/apache/commons/geometry/core/Transform.java
/Users/shivengarisa/Context4DocuGen/commons-geometry-1.0-src/commons-geometry-core/src/main/java/org/apache/commons/geometry/core/internal/IteratorTransform.java
/Users/shivengarisa/Context4DocuGen/commons-geometry-1.0-src/commons-geometry-core/src/main/java/org/apache/commons/geometry/core/partitioning/EmbeddingHyperplane.java
/Users/shivengarisa/Context4DocuGen/commons-geometry-1.0-src/commons-geometry-core/src/main/java/org/apache/commons/geometry/core/partitioning/package-info.java
/Users/shivengarisa/Context4DocuGen/commons-geometry-1.0-src/commons-geometry-core/src/main/java/org/apache/commons/geometry/core/package-info.java
/Users/shivengarisa/Context4DocuGen/commons-geometry-1.0-src/commons-geometry-core/src/main/java/org/apache/commons/geometry/core/partitioning/bsp/AbstractRegionBSPTree.java
/Users/shivengarisa/Context4DocuGen/commons-geometry-1.0-src/commons-geometry-core/src/main/java/org/apache/commons/geometry/core/Spatial.java
/Users/shivengarisa/Context4DocuGen/commons-geometry-1.0-src/commons-geometry-core/src/main/java/org/apache/commons/geometry/core/partitioning/HyperplaneBoundedRegion.java
/Users/shivengarisa/Context4DocuGen/commons-geometry-1.0-src/commons-geometry-core/src/main/java/org/apache/commons/geometry/core/partitioning/Split.java
/Users/shivengarisa/Context4DocuGen/commons-geometry-1.0-src/commons-geometry-core/src/main/java/org/apache/commons/geometry/core/internal/package-info.java
/Users/shivengarisa/Context4DocuGen/commons-geometry-1.0-src/commons-geometry-core/src/main/java/org/apache/commons/geometry/core/partitioning/bsp/AbstractPartitionedRegionBuilder.java
/Users/shivengarisa/Context4DocuGen/commons-geometry-1.0-src/commons-geometry-core/src/main/java/org/apache/commons/geometry/core/internal/DoubleFunction1N.java
/Users/shivengarisa/Context4DocuGen/commons-geometry-1.0-src/commons-geometry-core/src/main/java/org/apache/commons/geometry/core/partitioning/bsp/AbstractBSPTreeMergeOperator.java
/Users/shivengarisa/Context4DocuGen/commons-geometry-1.0-src/commons-geometry-core/src/main/java/org/apache/commons/geometry/core/partitioning/bsp/BSPTreePrinter.java
/Users/shivengarisa/Context4DocuGen/commons-geometry-1.0-src/commons-geometry-core/src/main/java/org/apache/commons/geometry/core/partitioning/AbstractConvexHyperplaneBoundedRegion.java
/Users/shivengarisa/Context4DocuGen/commons-geometry-1.0-src/commons-geometry-core/src/main/java/org/apache/commons/geometry/core/partitioning/BoundaryList.java
/Users/shivengarisa/Context4DocuGen/commons-geometry-1.0-src/commons-geometry-core/src/main/java/org/apache/commons/geometry/core/partitioning/Hyperplane.java
/Users/shivengarisa/Context4DocuGen/commons-geometry-1.0-src/commons-geometry-core/src/main/java/org/apache/commons/geometry/core/internal/DoubleFunction3N.java
/Users/shivengarisa/Context4DocuGen/commons-geometry-1.0-src/commons-geometry-core/src/main/java/org/apache/commons/geometry/core/partitioning/HyperplaneLocation.java
/Users/shivengarisa/Context4DocuGen/commons-geometry-1.0-src/commons-geometry-core/src/main/java/org/apache/commons/geometry/core/partitioning/bsp/package-info.java
/Users/shivengarisa/Context4DocuGen/commons-geometry-1.0-src/commons-geometry-core/src/main/java/org/apache/commons/geometry/core/partitioning/HyperplaneSubset.java
/Users/shivengarisa/Context4DocuGen/commons-geometry-1.0-src/commons-geometry-core/src/main/java/org/apache/commons/geometry/core/partitioning/bsp/BSPSubtree.java
/Users/shivengarisa/Context4DocuGen/commons-geometry-1.0-src/commons-geometry-core/src/main/java/org/apache/commons/geometry/core/partitioning/BoundarySource.java
/Users/shivengarisa/Context4DocuGen/commons-geometry-1.0-src/commons-geometry-core/src/main/java/org/apache/commons/geometry/core/partitioning/bsp/BSPTreeVisitor.java
/Users/shivengarisa/Context4DocuGen/commons-geometry-1.0-src/commons-geometry-core/src/main/java/org/apache/commons/geometry/core/RegionEmbedding.java
/Users/shivengarisa/Context4DocuGen/commons-geometry-1.0-src/commons-geometry-core/src/main/java/org/apache/commons/geometry/core/partitioning/bsp/RegionCutBoundary.java
/Users/shivengarisa/Context4DocuGen/commons-geometry-1.0-src/commons-geometry-core/src/main/java/org/apache/commons/geometry/core/partitioning/AbstractHyperplane.java
/Users/shivengarisa/Context4DocuGen/commons-geometry-1.0-src/commons-geometry-core/src/main/java/org/apache/commons/geometry/core/Embedding.java
/Users/shivengarisa/Context4DocuGen/commons-geometry-1.0-src/commons-geometry-core/src/main/java/org/apache/commons/geometry/core/Region.java
/Users/shivengarisa/Context4DocuGen/commons-geometry-1.0-src/commons-geometry-core/src/main/java/org/apache/commons/geometry/core/internal/DoubleFunction2N.java
/Users/shivengarisa/Context4DocuGen/commons-geometry-1.0-src/commons-geometry-core/src/main/java/org/apache/commons/geometry/core/internal/GeometryInternalError.java
/Users/shivengarisa/Context4DocuGen/commons-geometry-1.0-src/commons-geometry-core/src/main/java/org/apache/commons/geometry/core/partitioning/bsp/AbstractBSPTree.java
/Users/shivengarisa/Context4DocuGen/commons-geometry-1.0-src/commons-geometry-core/src/main/java/org/apache/commons/geometry/core/Sized.java
/Users/shivengarisa/Context4DocuGen/commons-geometry-1.0-src/commons-geometry-core/src/main/java/org/apache/commons/geometry/core/Point.java
/Users/shivengarisa/Context4DocuGen/commons-geometry-1.0-src/commons-geometry-core/src/main/java/org/apache/commons/geometry/core/partitioning/Splittable.java
/Users/shivengarisa/Context4DocuGen/commons-geometry-1.0-src/commons-geometry-core/src/main/java/org/apache/commons/geometry/core/partitioning/bsp/BSPTree.java
/Users/shivengarisa/Context4DocuGen/commons-geometry-1.0-src/commons-geometry-core/src/main/java/org/apache/commons/geometry/core/partitioning/bsp/RegionCutRule.java
/Users/shivengarisa/Context4DocuGen/commons-geometry-1.0-src/commons-geometry-core/src/main/java/org/apache/commons/geometry/core/partitioning/HyperplaneConvexSubset.java
/Users/shivengarisa/Context4DocuGen/commons-geometry-1.0-src/commons-geometry-core/src/main/java/org/apache/commons/geometry/core/internal/SimpleTupleFormat.java
/Users/shivengarisa/Context4DocuGen/commons-geometry-1.0-src/commons-geometry-core/src/main/java/org/apache/commons/geometry/core/internal/HyperplaneSubsets.java
