/Users/shivengarisa/Context4DocuGen/commons-jcs3-3.1-src/commons-jcs-jcache/src/main/java/org/apache/commons/jcs3/jcache/cdi/CacheResolverImpl.java
/Users/shivengarisa/Context4DocuGen/commons-jcs3-3.1-src/commons-jcs-jcache/src/main/java/org/apache/commons/jcs3/jcache/jmx/JCSCacheMXBean.java
/Users/shivengarisa/Context4DocuGen/commons-jcs3-3.1-src/commons-jcs-jcache/src/main/java/org/apache/commons/jcs3/jcache/cdi/CDIJCacheHelper.java
/Users/shivengarisa/Context4DocuGen/commons-jcs3-3.1-src/commons-jcs-jcache/src/main/java/org/apache/commons/jcs3/jcache/cdi/CacheMethodDetailsImpl.java
/Users/shivengarisa/Context4DocuGen/commons-jcs3-3.1-src/commons-jcs-jcache/src/main/java/org/apache/commons/jcs3/jcache/cdi/CachePutInterceptor.java
/Users/shivengarisa/Context4DocuGen/commons-jcs3-3.1-src/commons-jcs-jcache/src/main/java/org/apache/commons/jcs3/jcache/cdi/CacheResultInterceptor.java
/Users/shivengarisa/Context4DocuGen/commons-jcs3-3.1-src/commons-jcs-jcache/src/main/java/org/apache/commons/jcs3/jcache/cdi/CacheInvocationParameterImpl.java
/Users/shivengarisa/Context4DocuGen/commons-jcs3-3.1-src/commons-jcs-jcache/src/main/java/org/apache/commons/jcs3/jcache/cdi/MakeJCacheCDIInterceptorFriendly.java
/Users/shivengarisa/Context4DocuGen/commons-jcs3-3.1-src/commons-jcs-jcache/src/main/java/org/apache/commons/jcs3/jcache/serialization/Serializations.java
/Users/shivengarisa/Context4DocuGen/commons-jcs3-3.1-src/commons-jcs-jcache/src/main/java/org/apache/commons/jcs3/jcache/JCSListener.java
/Users/shivengarisa/Context4DocuGen/commons-jcs3-3.1-src/commons-jcs-jcache/src/main/java/org/apache/commons/jcs3/jcache/JCSEntry.java
/Users/shivengarisa/Context4DocuGen/commons-jcs3-3.1-src/commons-jcs-jcache/src/main/java/org/apache/commons/jcs3/jcache/cdi/CacheRemoveAllInterceptor.java
/Users/shivengarisa/Context4DocuGen/commons-jcs3-3.1-src/commons-jcs-jcache/src/main/java/org/apache/commons/jcs3/jcache/jmx/JMXs.java
/Users/shivengarisa/Context4DocuGen/commons-jcs3-3.1-src/commons-jcs-jcache/src/main/java/org/apache/commons/jcs3/jcache/Statistics.java
/Users/shivengarisa/Context4DocuGen/commons-jcs3-3.1-src/commons-jcs-jcache/src/main/java/org/apache/commons/jcs3/jcache/cdi/CacheKeyInvocationContextImpl.java
/Users/shivengarisa/Context4DocuGen/commons-jcs3-3.1-src/commons-jcs-jcache/src/main/java/org/apache/commons/jcs3/jcache/cdi/CacheInvocationContextImpl.java
/Users/shivengarisa/Context4DocuGen/commons-jcs3-3.1-src/commons-jcs-jcache/src/main/java/org/apache/commons/jcs3/jcache/NoWriter.java
/Users/shivengarisa/Context4DocuGen/commons-jcs3-3.1-src/commons-jcs-jcache/src/main/java/org/apache/commons/jcs3/jcache/jmx/JCSCacheStatisticsMXBean.java
/Users/shivengarisa/Context4DocuGen/commons-jcs3-3.1-src/commons-jcs-jcache/src/main/java/org/apache/commons/jcs3/jcache/NoLoader.java
/Users/shivengarisa/Context4DocuGen/commons-jcs3-3.1-src/commons-jcs-jcache/src/main/java/org/apache/commons/jcs3/jcache/lang/Subsitutor.java
/Users/shivengarisa/Context4DocuGen/commons-jcs3-3.1-src/commons-jcs-jcache/src/main/java/org/apache/commons/jcs3/jcache/JCSMutableEntry.java
/Users/shivengarisa/Context4DocuGen/commons-jcs3-3.1-src/commons-jcs-jcache/src/main/java/org/apache/commons/jcs3/jcache/ImmutableIterable.java
/Users/shivengarisa/Context4DocuGen/commons-jcs3-3.1-src/commons-jcs-jcache/src/main/java/org/apache/commons/jcs3/jcache/JCSCache.java
/Users/shivengarisa/Context4DocuGen/commons-jcs3-3.1-src/commons-jcs-jcache/src/main/java/org/apache/commons/jcs3/jcache/JCSConfiguration.java
/Users/shivengarisa/Context4DocuGen/commons-jcs3-3.1-src/commons-jcs-jcache/src/main/java/org/apache/commons/jcs3/jcache/TempStateCacheView.java
/Users/shivengarisa/Context4DocuGen/commons-jcs3-3.1-src/commons-jcs-jcache/src/main/java/org/apache/commons/jcs3/jcache/thread/DaemonThreadFactory.java
/Users/shivengarisa/Context4DocuGen/commons-jcs3-3.1-src/commons-jcs-jcache/src/main/java/org/apache/commons/jcs3/jcache/cdi/CacheResolverFactoryImpl.java
/Users/shivengarisa/Context4DocuGen/commons-jcs3-3.1-src/commons-jcs-jcache/src/main/java/org/apache/commons/jcs3/jcache/ImmutableIterator.java
/Users/shivengarisa/Context4DocuGen/commons-jcs3-3.1-src/commons-jcs-jcache/src/main/java/org/apache/commons/jcs3/jcache/ExpiryAwareCache.java
/Users/shivengarisa/Context4DocuGen/commons-jcs3-3.1-src/commons-jcs-jcache/src/main/java/org/apache/commons/jcs3/jcache/cdi/CacheRemoveInterceptor.java
/Users/shivengarisa/Context4DocuGen/commons-jcs3-3.1-src/commons-jcs-jcache/src/main/java/org/apache/commons/jcs3/jcache/proxy/ClassLoaderAwareCache.java
/Users/shivengarisa/Context4DocuGen/commons-jcs3-3.1-src/commons-jcs-jcache/src/main/java/org/apache/commons/jcs3/jcache/JCSCacheEntryEvent.java
/Users/shivengarisa/Context4DocuGen/commons-jcs3-3.1-src/commons-jcs-jcache/src/main/java/org/apache/commons/jcs3/jcache/cdi/GeneratedCacheKeyImpl.java
/Users/shivengarisa/Context4DocuGen/commons-jcs3-3.1-src/commons-jcs-jcache/src/main/java/org/apache/commons/jcs3/jcache/JCSCachingManager.java
/Users/shivengarisa/Context4DocuGen/commons-jcs3-3.1-src/commons-jcs-jcache/src/main/java/org/apache/commons/jcs3/jcache/NoFilter.java
/Users/shivengarisa/Context4DocuGen/commons-jcs3-3.1-src/commons-jcs-jcache/src/main/java/org/apache/commons/jcs3/jcache/Asserts.java
/Users/shivengarisa/Context4DocuGen/commons-jcs3-3.1-src/commons-jcs-jcache/src/main/java/org/apache/commons/jcs3/jcache/JCSCachingProvider.java
/Users/shivengarisa/Context4DocuGen/commons-jcs3-3.1-src/commons-jcs-jcache/src/main/java/org/apache/commons/jcs3/jcache/lang/Lang3Substitutor.java
/Users/shivengarisa/Context4DocuGen/commons-jcs3-3.1-src/commons-jcs-jcache/src/main/java/org/apache/commons/jcs3/jcache/jmx/ConfigurableMBeanServerIdBuilder.java
/Users/shivengarisa/Context4DocuGen/commons-jcs3-3.1-src/commons-jcs-jcache/src/main/java/org/apache/commons/jcs3/jcache/proxy/ExceptionWrapperHandler.java
/Users/shivengarisa/Context4DocuGen/commons-jcs3-3.1-src/commons-jcs-jcache/src/main/java/org/apache/commons/jcs3/jcache/lang/DefaultSubsitutor.java
/Users/shivengarisa/Context4DocuGen/commons-jcs3-3.1-src/commons-jcs-jcache/src/main/java/org/apache/commons/jcs3/jcache/cdi/CacheKeyGeneratorImpl.java
/Users/shivengarisa/Context4DocuGen/commons-jcs3-3.1-src/commons-jcs-jcache/src/main/java/org/apache/commons/jcs3/jcache/Times.java
/Users/shivengarisa/Context4DocuGen/commons-jcs3-3.1-src/commons-jcs-jcache/src/main/java/org/apache/commons/jcs3/jcache/EvictionListener.java
