/Users/shivengarisa/Context4DocuGen/springside4/modules/utils/src/main/java/org/springside/modules/utils/base/BooleanUtil.java
/Users/shivengarisa/Context4DocuGen/springside4/modules/utils/src/main/java/org/springside/modules/utils/base/EnumUtil.java
/Users/shivengarisa/Context4DocuGen/springside4/modules/utils/src/main/java/org/springside/modules/utils/base/ExceptionUtil.java
/Users/shivengarisa/Context4DocuGen/springside4/modules/utils/src/main/java/org/springside/modules/utils/base/MoreValidate.java
/Users/shivengarisa/Context4DocuGen/springside4/modules/utils/src/main/java/org/springside/modules/utils/base/ObjectUtil.java
/Users/shivengarisa/Context4DocuGen/springside4/modules/utils/src/main/java/org/springside/modules/utils/base/Platforms.java
/Users/shivengarisa/Context4DocuGen/springside4/modules/utils/src/main/java/org/springside/modules/utils/base/PropertiesUtil.java
/Users/shivengarisa/Context4DocuGen/springside4/modules/utils/src/main/java/org/springside/modules/utils/base/SystemPropertiesUtil.java
/Users/shivengarisa/Context4DocuGen/springside4/modules/utils/src/main/java/org/springside/modules/utils/base/annotation/NotNull.java
/Users/shivengarisa/Context4DocuGen/springside4/modules/utils/src/main/java/org/springside/modules/utils/base/annotation/Nullable.java
/Users/shivengarisa/Context4DocuGen/springside4/modules/utils/src/main/java/org/springside/modules/utils/collection/ArrayUtil.java
/Users/shivengarisa/Context4DocuGen/springside4/modules/utils/src/main/java/org/springside/modules/utils/collection/CollectionUtil.java
/Users/shivengarisa/Context4DocuGen/springside4/modules/utils/src/main/java/org/springside/modules/utils/collection/CommonCollections.java
/Users/shivengarisa/Context4DocuGen/springside4/modules/utils/src/main/java/org/springside/modules/utils/collection/ListUtil.java
/Users/shivengarisa/Context4DocuGen/springside4/modules/utils/src/main/java/org/springside/modules/utils/collection/MapUtil.java
/Users/shivengarisa/Context4DocuGen/springside4/modules/utils/src/main/java/org/springside/modules/utils/collection/QueueUtil.java
/Users/shivengarisa/Context4DocuGen/springside4/modules/utils/src/main/java/org/springside/modules/utils/collection/SetUtil.java
/Users/shivengarisa/Context4DocuGen/springside4/modules/utils/src/main/java/org/springside/modules/utils/collection/type/ConcurrentHashSet.java
/Users/shivengarisa/Context4DocuGen/springside4/modules/utils/src/main/java/org/springside/modules/utils/collection/type/Pair.java
/Users/shivengarisa/Context4DocuGen/springside4/modules/utils/src/main/java/org/springside/modules/utils/collection/type/SortedArrayList.java
/Users/shivengarisa/Context4DocuGen/springside4/modules/utils/src/main/java/org/springside/modules/utils/collection/type/primitive/IntObjectHashMap.java
/Users/shivengarisa/Context4DocuGen/springside4/modules/utils/src/main/java/org/springside/modules/utils/collection/type/primitive/IntObjectMap.java
/Users/shivengarisa/Context4DocuGen/springside4/modules/utils/src/main/java/org/springside/modules/utils/collection/type/primitive/LongObjectHashMap.java
/Users/shivengarisa/Context4DocuGen/springside4/modules/utils/src/main/java/org/springside/modules/utils/collection/type/primitive/LongObjectMap.java
/Users/shivengarisa/Context4DocuGen/springside4/modules/utils/src/main/java/org/springside/modules/utils/concurrent/BasicFuture.java
/Users/shivengarisa/Context4DocuGen/springside4/modules/utils/src/main/java/org/springside/modules/utils/concurrent/ConcurrentTools.java
/Users/shivengarisa/Context4DocuGen/springside4/modules/utils/src/main/java/org/springside/modules/utils/concurrent/ThreadDumpper.java
/Users/shivengarisa/Context4DocuGen/springside4/modules/utils/src/main/java/org/springside/modules/utils/concurrent/ThreadLocalContext.java
/Users/shivengarisa/Context4DocuGen/springside4/modules/utils/src/main/java/org/springside/modules/utils/concurrent/ThreadUtil.java
/Users/shivengarisa/Context4DocuGen/springside4/modules/utils/src/main/java/org/springside/modules/utils/concurrent/jsr166e/ConcurrentHashMapV8.java
/Users/shivengarisa/Context4DocuGen/springside4/modules/utils/src/main/java/org/springside/modules/utils/concurrent/jsr166e/CountedCompleter.java
/Users/shivengarisa/Context4DocuGen/springside4/modules/utils/src/main/java/org/springside/modules/utils/concurrent/jsr166e/ForkJoinPool.java
/Users/shivengarisa/Context4DocuGen/springside4/modules/utils/src/main/java/org/springside/modules/utils/concurrent/jsr166e/ForkJoinTask.java
/Users/shivengarisa/Context4DocuGen/springside4/modules/utils/src/main/java/org/springside/modules/utils/concurrent/jsr166e/ForkJoinWorkerThread.java
/Users/shivengarisa/Context4DocuGen/springside4/modules/utils/src/main/java/org/springside/modules/utils/concurrent/jsr166e/LongAdder.java
/Users/shivengarisa/Context4DocuGen/springside4/modules/utils/src/main/java/org/springside/modules/utils/concurrent/jsr166e/RecursiveAction.java
/Users/shivengarisa/Context4DocuGen/springside4/modules/utils/src/main/java/org/springside/modules/utils/concurrent/jsr166e/RecursiveTask.java
/Users/shivengarisa/Context4DocuGen/springside4/modules/utils/src/main/java/org/springside/modules/utils/concurrent/jsr166e/Striped64.java
/Users/shivengarisa/Context4DocuGen/springside4/modules/utils/src/main/java/org/springside/modules/utils/concurrent/threadpool/QueuableCachedThreadPool.java
/Users/shivengarisa/Context4DocuGen/springside4/modules/utils/src/main/java/org/springside/modules/utils/concurrent/threadpool/ThreadPoolBuilder.java
/Users/shivengarisa/Context4DocuGen/springside4/modules/utils/src/main/java/org/springside/modules/utils/concurrent/threadpool/ThreadPoolUtil.java
/Users/shivengarisa/Context4DocuGen/springside4/modules/utils/src/main/java/org/springside/modules/utils/concurrent/throttle/Sampler.java
/Users/shivengarisa/Context4DocuGen/springside4/modules/utils/src/main/java/org/springside/modules/utils/io/FilePathUtil.java
/Users/shivengarisa/Context4DocuGen/springside4/modules/utils/src/main/java/org/springside/modules/utils/io/FileTreeWalker.java
/Users/shivengarisa/Context4DocuGen/springside4/modules/utils/src/main/java/org/springside/modules/utils/io/FileUtil.java
/Users/shivengarisa/Context4DocuGen/springside4/modules/utils/src/main/java/org/springside/modules/utils/io/IOUtil.java
/Users/shivengarisa/Context4DocuGen/springside4/modules/utils/src/main/java/org/springside/modules/utils/io/ResourceUtil.java
/Users/shivengarisa/Context4DocuGen/springside4/modules/utils/src/main/java/org/springside/modules/utils/io/URLResourceUtil.java
/Users/shivengarisa/Context4DocuGen/springside4/modules/utils/src/main/java/org/springside/modules/utils/io/type/StringBuilderWriter.java
/Users/shivengarisa/Context4DocuGen/springside4/modules/utils/src/main/java/org/springside/modules/utils/log/ThrottledSlf4jLogger.java
/Users/shivengarisa/Context4DocuGen/springside4/modules/utils/src/main/java/org/springside/modules/utils/mapper/BeanMapper.java
/Users/shivengarisa/Context4DocuGen/springside4/modules/utils/src/main/java/org/springside/modules/utils/mapper/JsonMapper.java
/Users/shivengarisa/Context4DocuGen/springside4/modules/utils/src/main/java/org/springside/modules/utils/mapper/XmlMapper.java
/Users/shivengarisa/Context4DocuGen/springside4/modules/utils/src/main/java/org/springside/modules/utils/misc/IdGenerator.java
/Users/shivengarisa/Context4DocuGen/springside4/modules/utils/src/main/java/org/springside/modules/utils/net/IPUtil.java
/Users/shivengarisa/Context4DocuGen/springside4/modules/utils/src/main/java/org/springside/modules/utils/net/NetUtil.java
/Users/shivengarisa/Context4DocuGen/springside4/modules/utils/src/main/java/org/springside/modules/utils/number/MathUtil.java
/Users/shivengarisa/Context4DocuGen/springside4/modules/utils/src/main/java/org/springside/modules/utils/number/NumberUtil.java
/Users/shivengarisa/Context4DocuGen/springside4/modules/utils/src/main/java/org/springside/modules/utils/number/RandomUtil.java
/Users/shivengarisa/Context4DocuGen/springside4/modules/utils/src/main/java/org/springside/modules/utils/number/UnitConverter.java
/Users/shivengarisa/Context4DocuGen/springside4/modules/utils/src/main/java/org/springside/modules/utils/reflect/ClassUtil.java
/Users/shivengarisa/Context4DocuGen/springside4/modules/utils/src/main/java/org/springside/modules/utils/reflect/FastMethodInvoker.java
/Users/shivengarisa/Context4DocuGen/springside4/modules/utils/src/main/java/org/springside/modules/utils/reflect/MethodInvoker.java
/Users/shivengarisa/Context4DocuGen/springside4/modules/utils/src/main/java/org/springside/modules/utils/reflect/ReflectionUtil.java
/Users/shivengarisa/Context4DocuGen/springside4/modules/utils/src/main/java/org/springside/modules/utils/security/CryptoUtil.java
/Users/shivengarisa/Context4DocuGen/springside4/modules/utils/src/main/java/org/springside/modules/utils/text/Charsets.java
/Users/shivengarisa/Context4DocuGen/springside4/modules/utils/src/main/java/org/springside/modules/utils/text/CsvUtil.java
/Users/shivengarisa/Context4DocuGen/springside4/modules/utils/src/main/java/org/springside/modules/utils/text/EncodeUtil.java
/Users/shivengarisa/Context4DocuGen/springside4/modules/utils/src/main/java/org/springside/modules/utils/text/EscapeUtil.java
/Users/shivengarisa/Context4DocuGen/springside4/modules/utils/src/main/java/org/springside/modules/utils/text/HashUtil.java
/Users/shivengarisa/Context4DocuGen/springside4/modules/utils/src/main/java/org/springside/modules/utils/text/MoreStringUtil.java
/Users/shivengarisa/Context4DocuGen/springside4/modules/utils/src/main/java/org/springside/modules/utils/text/StringBuilderHolder.java
/Users/shivengarisa/Context4DocuGen/springside4/modules/utils/src/main/java/org/springside/modules/utils/text/TextValidator.java
/Users/shivengarisa/Context4DocuGen/springside4/modules/utils/src/main/java/org/springside/modules/utils/text/WildcardMatcher.java
/Users/shivengarisa/Context4DocuGen/springside4/modules/utils/src/main/java/org/springside/modules/utils/time/CachingDateFormatter.java
/Users/shivengarisa/Context4DocuGen/springside4/modules/utils/src/main/java/org/springside/modules/utils/time/ClockUtil.java
/Users/shivengarisa/Context4DocuGen/springside4/modules/utils/src/main/java/org/springside/modules/utils/time/DateFormatUtil.java
/Users/shivengarisa/Context4DocuGen/springside4/modules/utils/src/main/java/org/springside/modules/utils/time/DateUtil.java
