/Users/shivengarisa/Context4DocuGen/commons-jcs3-3.1-src/commons-jcs-core/src/main/java/org/apache/commons/jcs3/auxiliary/remote/RemoteUtils.java
/Users/shivengarisa/Context4DocuGen/commons-jcs3-3.1-src/commons-jcs-core/src/main/java/org/apache/commons/jcs3/utils/discovery/UDPDiscoveryMessage.java
/Users/shivengarisa/Context4DocuGen/commons-jcs3-3.1-src/commons-jcs-core/src/main/java/org/apache/commons/jcs3/utils/discovery/UDPDiscoveryService.java
/Users/shivengarisa/Context4DocuGen/commons-jcs3-3.1-src/commons-jcs-core/src/main/java/org/apache/commons/jcs3/auxiliary/disk/jdbc/mysql/MySQLDiskCache.java
/Users/shivengarisa/Context4DocuGen/commons-jcs3-3.1-src/commons-jcs-core/src/main/java/org/apache/commons/jcs3/JCS.java
/Users/shivengarisa/Context4DocuGen/commons-jcs3-3.1-src/commons-jcs-core/src/main/java/org/apache/commons/jcs3/utils/struct/LRUMap.java
/Users/shivengarisa/Context4DocuGen/commons-jcs3-3.1-src/commons-jcs-core/src/main/java/org/apache/commons/jcs3/utils/access/JCSWorker.java
/Users/shivengarisa/Context4DocuGen/commons-jcs3-3.1-src/commons-jcs-core/src/main/java/org/apache/commons/jcs3/auxiliary/disk/jdbc/dsfactory/JndiDataSourceFactory.java
/Users/shivengarisa/Context4DocuGen/commons-jcs3-3.1-src/commons-jcs-core/src/main/java/org/apache/commons/jcs3/auxiliary/disk/behavior/IDiskCacheAttributes.java
/Users/shivengarisa/Context4DocuGen/commons-jcs3-3.1-src/commons-jcs-core/src/main/java/org/apache/commons/jcs3/auxiliary/disk/jdbc/mysql/MySQLTableOptimizer.java
/Users/shivengarisa/Context4DocuGen/commons-jcs3-3.1-src/commons-jcs-core/src/main/java/org/apache/commons/jcs3/utils/config/OptionConverter.java
/Users/shivengarisa/Context4DocuGen/commons-jcs3-3.1-src/commons-jcs-core/src/main/java/org/apache/commons/jcs3/auxiliary/lateral/socket/tcp/LateralTCPSender.java
/Users/shivengarisa/Context4DocuGen/commons-jcs3-3.1-src/commons-jcs-core/src/main/java/org/apache/commons/jcs3/engine/memory/mru/MRUMemoryCache.java
/Users/shivengarisa/Context4DocuGen/commons-jcs3-3.1-src/commons-jcs-core/src/main/java/org/apache/commons/jcs3/auxiliary/disk/AbstractDiskCacheAttributes.java
/Users/shivengarisa/Context4DocuGen/commons-jcs3-3.1-src/commons-jcs-core/src/main/java/org/apache/commons/jcs3/auxiliary/disk/jdbc/mysql/MySQLDiskCacheAttributes.java
/Users/shivengarisa/Context4DocuGen/commons-jcs3-3.1-src/commons-jcs-core/src/main/java/org/apache/commons/jcs3/auxiliary/remote/http/client/AbstractHttpClient.java
/Users/shivengarisa/Context4DocuGen/commons-jcs3-3.1-src/commons-jcs-core/src/main/java/org/apache/commons/jcs3/utils/serialization/StandardSerializer.java
/Users/shivengarisa/Context4DocuGen/commons-jcs3-3.1-src/commons-jcs-core/src/main/java/org/apache/commons/jcs3/engine/memory/shrinking/ShrinkerThread.java
/Users/shivengarisa/Context4DocuGen/commons-jcs3-3.1-src/commons-jcs-core/src/main/java/org/apache/commons/jcs3/access/exception/InvalidArgumentException.java
/Users/shivengarisa/Context4DocuGen/commons-jcs3-3.1-src/commons-jcs-core/src/main/java/org/apache/commons/jcs3/engine/logging/CacheEvent.java
/Users/shivengarisa/Context4DocuGen/commons-jcs3-3.1-src/commons-jcs-core/src/main/java/org/apache/commons/jcs3/utils/threadpool/DaemonThreadFactory.java
/Users/shivengarisa/Context4DocuGen/commons-jcs3-3.1-src/commons-jcs-core/src/main/java/org/apache/commons/jcs3/engine/stats/StatElement.java
/Users/shivengarisa/Context4DocuGen/commons-jcs3-3.1-src/commons-jcs-core/src/main/java/org/apache/commons/jcs3/access/exception/ObjectExistsException.java
/Users/shivengarisa/Context4DocuGen/commons-jcs3-3.1-src/commons-jcs-core/src/main/java/org/apache/commons/jcs3/auxiliary/disk/jdbc/JDBCDiskCache.java
/Users/shivengarisa/Context4DocuGen/commons-jcs3-3.1-src/commons-jcs-core/src/main/java/org/apache/commons/jcs3/engine/CacheInfo.java
/Users/shivengarisa/Context4DocuGen/commons-jcs3-3.1-src/commons-jcs-core/src/main/java/org/apache/commons/jcs3/auxiliary/remote/http/server/RemoteHttpCacheService.java
/Users/shivengarisa/Context4DocuGen/commons-jcs3-3.1-src/commons-jcs-core/src/main/java/org/apache/commons/jcs3/engine/behavior/ICompositeCacheAttributes.java
/Users/shivengarisa/Context4DocuGen/commons-jcs3-3.1-src/commons-jcs-core/src/main/java/org/apache/commons/jcs3/engine/logging/CacheEventLoggerDebugLogger.java
/Users/shivengarisa/Context4DocuGen/commons-jcs3-3.1-src/commons-jcs-core/src/main/java/org/apache/commons/jcs3/auxiliary/AuxiliaryCache.java
/Users/shivengarisa/Context4DocuGen/commons-jcs3-3.1-src/commons-jcs-core/src/main/java/org/apache/commons/jcs3/engine/CacheEventQueueFactory.java
/Users/shivengarisa/Context4DocuGen/commons-jcs3-3.1-src/commons-jcs-core/src/main/java/org/apache/commons/jcs3/auxiliary/lateral/LateralElementDescriptor.java
/Users/shivengarisa/Context4DocuGen/commons-jcs3-3.1-src/commons-jcs-core/src/main/java/org/apache/commons/jcs3/auxiliary/remote/behavior/IRemoteCacheListener.java
/Users/shivengarisa/Context4DocuGen/commons-jcs3-3.1-src/commons-jcs-core/src/main/java/org/apache/commons/jcs3/engine/behavior/IProvideScheduler.java
/Users/shivengarisa/Context4DocuGen/commons-jcs3-3.1-src/commons-jcs-core/src/main/java/org/apache/commons/jcs3/access/exception/ConfigurationException.java
/Users/shivengarisa/Context4DocuGen/commons-jcs3-3.1-src/commons-jcs-core/src/main/java/org/apache/commons/jcs3/auxiliary/disk/indexed/IndexedDiskCacheFactory.java
/Users/shivengarisa/Context4DocuGen/commons-jcs3-3.1-src/commons-jcs-core/src/main/java/org/apache/commons/jcs3/engine/control/CompositeCacheConfigurator.java
/Users/shivengarisa/Context4DocuGen/commons-jcs3-3.1-src/commons-jcs-core/src/main/java/org/apache/commons/jcs3/log/Log.java
/Users/shivengarisa/Context4DocuGen/commons-jcs3-3.1-src/commons-jcs-core/src/main/java/org/apache/commons/jcs3/auxiliary/remote/RemoteCacheNoWaitFacade.java
/Users/shivengarisa/Context4DocuGen/commons-jcs3-3.1-src/commons-jcs-core/src/main/java/org/apache/commons/jcs3/engine/CacheEventQueue.java
/Users/shivengarisa/Context4DocuGen/commons-jcs3-3.1-src/commons-jcs-core/src/main/java/org/apache/commons/jcs3/auxiliary/disk/block/BlockDiskCache.java
/Users/shivengarisa/Context4DocuGen/commons-jcs3-3.1-src/commons-jcs-core/src/main/java/org/apache/commons/jcs3/engine/ZombieCacheWatch.java
/Users/shivengarisa/Context4DocuGen/commons-jcs3-3.1-src/commons-jcs-core/src/main/java/org/apache/commons/jcs3/auxiliary/lateral/socket/tcp/LateralTCPService.java
/Users/shivengarisa/Context4DocuGen/commons-jcs3-3.1-src/commons-jcs-core/src/main/java/org/apache/commons/jcs3/auxiliary/remote/http/client/RemoteHttpClientListener.java
/Users/shivengarisa/Context4DocuGen/commons-jcs3-3.1-src/commons-jcs-core/src/main/java/org/apache/commons/jcs3/utils/serialization/CompressingSerializer.java
/Users/shivengarisa/Context4DocuGen/commons-jcs3-3.1-src/commons-jcs-core/src/main/java/org/apache/commons/jcs3/engine/behavior/ICacheObserver.java
/Users/shivengarisa/Context4DocuGen/commons-jcs3-3.1-src/commons-jcs-core/src/main/java/org/apache/commons/jcs3/utils/serialization/SerializationConversionUtil.java
/Users/shivengarisa/Context4DocuGen/commons-jcs3-3.1-src/commons-jcs-core/src/main/java/org/apache/commons/jcs3/auxiliary/remote/value/RemoteCacheResponse.java
/Users/shivengarisa/Context4DocuGen/commons-jcs3-3.1-src/commons-jcs-core/src/main/java/org/apache/commons/jcs3/auxiliary/remote/server/RemoteCacheStartupServlet.java
/Users/shivengarisa/Context4DocuGen/commons-jcs3-3.1-src/commons-jcs-core/src/main/java/org/apache/commons/jcs3/utils/struct/DoubleLinkedListNode.java
/Users/shivengarisa/Context4DocuGen/commons-jcs3-3.1-src/commons-jcs-core/src/main/java/org/apache/commons/jcs3/engine/CacheWatchRepairable.java
/Users/shivengarisa/Context4DocuGen/commons-jcs3-3.1-src/commons-jcs-core/src/main/java/org/apache/commons/jcs3/engine/control/event/behavior/ElementEventType.java
/Users/shivengarisa/Context4DocuGen/commons-jcs3-3.1-src/commons-jcs-core/src/main/java/org/apache/commons/jcs3/auxiliary/remote/server/RemoteCacheServerFactory.java
/Users/shivengarisa/Context4DocuGen/commons-jcs3-3.1-src/commons-jcs-core/src/main/java/org/apache/commons/jcs3/engine/control/event/behavior/IElementEvent.java
/Users/shivengarisa/Context4DocuGen/commons-jcs3-3.1-src/commons-jcs-core/src/main/java/org/apache/commons/jcs3/utils/zip/CompressionUtil.java
/Users/shivengarisa/Context4DocuGen/commons-jcs3-3.1-src/commons-jcs-core/src/main/java/org/apache/commons/jcs3/auxiliary/disk/jdbc/mysql/util/ScheduleParser.java
/Users/shivengarisa/Context4DocuGen/commons-jcs3-3.1-src/commons-jcs-core/src/main/java/org/apache/commons/jcs3/auxiliary/disk/jdbc/JDBCDiskCacheFactory.java
/Users/shivengarisa/Context4DocuGen/commons-jcs3-3.1-src/commons-jcs-core/src/main/java/org/apache/commons/jcs3/auxiliary/remote/behavior/ICommonRemoteCacheAttributes.java
/Users/shivengarisa/Context4DocuGen/commons-jcs3-3.1-src/commons-jcs-core/src/main/java/org/apache/commons/jcs3/auxiliary/remote/AbstractRemoteCacheListener.java
/Users/shivengarisa/Context4DocuGen/commons-jcs3-3.1-src/commons-jcs-core/src/main/java/org/apache/commons/jcs3/auxiliary/disk/indexed/IndexedDiskCache.java
/Users/shivengarisa/Context4DocuGen/commons-jcs3-3.1-src/commons-jcs-core/src/main/java/org/apache/commons/jcs3/engine/ElementAttributes.java
/Users/shivengarisa/Context4DocuGen/commons-jcs3-3.1-src/commons-jcs-core/src/main/java/org/apache/commons/jcs3/log/MessageFormatter.java
/Users/shivengarisa/Context4DocuGen/commons-jcs3-3.1-src/commons-jcs-core/src/main/java/org/apache/commons/jcs3/log/Log4j2LogAdapter.java
/Users/shivengarisa/Context4DocuGen/commons-jcs3-3.1-src/commons-jcs-core/src/main/java/org/apache/commons/jcs3/auxiliary/AbstractAuxiliaryCache.java
/Users/shivengarisa/Context4DocuGen/commons-jcs3-3.1-src/commons-jcs-core/src/main/java/org/apache/commons/jcs3/engine/PooledCacheEventQueue.java
/Users/shivengarisa/Context4DocuGen/commons-jcs3-3.1-src/commons-jcs-core/src/main/java/org/apache/commons/jcs3/auxiliary/disk/jdbc/dsfactory/SharedPoolDataSourceFactory.java
/Users/shivengarisa/Context4DocuGen/commons-jcs3-3.1-src/commons-jcs-core/src/main/java/org/apache/commons/jcs3/auxiliary/remote/server/RemoteCacheServer.java
/Users/shivengarisa/Context4DocuGen/commons-jcs3-3.1-src/commons-jcs-core/src/main/java/org/apache/commons/jcs3/engine/control/CompositeCacheManager.java
/Users/shivengarisa/Context4DocuGen/commons-jcs3-3.1-src/commons-jcs-core/src/main/java/org/apache/commons/jcs3/engine/CacheStatus.java
/Users/shivengarisa/Context4DocuGen/commons-jcs3-3.1-src/commons-jcs-core/src/main/java/org/apache/commons/jcs3/engine/memory/fifo/FIFOMemoryCache.java
/Users/shivengarisa/Context4DocuGen/commons-jcs3-3.1-src/commons-jcs-core/src/main/java/org/apache/commons/jcs3/engine/stats/behavior/ICacheStats.java
/Users/shivengarisa/Context4DocuGen/commons-jcs3-3.1-src/commons-jcs-core/src/main/java/org/apache/commons/jcs3/auxiliary/remote/http/server/AbstractRemoteCacheService.java
/Users/shivengarisa/Context4DocuGen/commons-jcs3-3.1-src/commons-jcs-core/src/main/java/org/apache/commons/jcs3/log/JulLogFactory.java
/Users/shivengarisa/Context4DocuGen/commons-jcs3-3.1-src/commons-jcs-core/src/main/java/org/apache/commons/jcs3/utils/access/AbstractJCSWorkerHelper.java
/Users/shivengarisa/Context4DocuGen/commons-jcs3-3.1-src/commons-jcs-core/src/main/java/org/apache/commons/jcs3/engine/stats/behavior/IStatElement.java
/Users/shivengarisa/Context4DocuGen/commons-jcs3-3.1-src/commons-jcs-core/src/main/java/org/apache/commons/jcs3/engine/behavior/ICompositeCacheManager.java
/Users/shivengarisa/Context4DocuGen/commons-jcs3-3.1-src/commons-jcs-core/src/main/java/org/apache/commons/jcs3/engine/CacheListeners.java
/Users/shivengarisa/Context4DocuGen/commons-jcs3-3.1-src/commons-jcs-core/src/main/java/org/apache/commons/jcs3/auxiliary/remote/server/TimeoutConfigurableRMISocketFactory.java
/Users/shivengarisa/Context4DocuGen/commons-jcs3-3.1-src/commons-jcs-core/src/main/java/org/apache/commons/jcs3/auxiliary/remote/http/server/RemoteHttpCacheServerAttributes.java
/Users/shivengarisa/Context4DocuGen/commons-jcs3-3.1-src/commons-jcs-core/src/main/java/org/apache/commons/jcs3/utils/config/PropertySetter.java
/Users/shivengarisa/Context4DocuGen/commons-jcs3-3.1-src/commons-jcs-core/src/main/java/org/apache/commons/jcs3/utils/threadpool/PoolConfiguration.java
/Users/shivengarisa/Context4DocuGen/commons-jcs3-3.1-src/commons-jcs-core/src/main/java/org/apache/commons/jcs3/utils/serialization/EncryptingSerializer.java
/Users/shivengarisa/Context4DocuGen/commons-jcs3-3.1-src/commons-jcs-core/src/main/java/org/apache/commons/jcs3/engine/CompositeCacheAttributes.java
/Users/shivengarisa/Context4DocuGen/commons-jcs3-3.1-src/commons-jcs-core/src/main/java/org/apache/commons/jcs3/auxiliary/disk/indexed/IndexedDiskCacheAttributes.java
/Users/shivengarisa/Context4DocuGen/commons-jcs3-3.1-src/commons-jcs-core/src/main/java/org/apache/commons/jcs3/engine/control/event/ElementEventQueue.java
/Users/shivengarisa/Context4DocuGen/commons-jcs3-3.1-src/commons-jcs-core/src/main/java/org/apache/commons/jcs3/auxiliary/remote/http/server/RemoteHttpCacheServlet.java
/Users/shivengarisa/Context4DocuGen/commons-jcs3-3.1-src/commons-jcs-core/src/main/java/org/apache/commons/jcs3/utils/discovery/behavior/IDiscoveryListener.java
/Users/shivengarisa/Context4DocuGen/commons-jcs3-3.1-src/commons-jcs-core/src/main/java/org/apache/commons/jcs3/access/behavior/ICacheAccess.java
/Users/shivengarisa/Context4DocuGen/commons-jcs3-3.1-src/commons-jcs-core/src/main/java/org/apache/commons/jcs3/auxiliary/disk/block/BlockDiskCacheAttributes.java
/Users/shivengarisa/Context4DocuGen/commons-jcs3-3.1-src/commons-jcs-core/src/main/java/org/apache/commons/jcs3/engine/AbstractCacheEventQueue.java
/Users/shivengarisa/Context4DocuGen/commons-jcs3-3.1-src/commons-jcs-core/src/main/java/org/apache/commons/jcs3/auxiliary/disk/indexed/IndexedDiskElementDescriptor.java
/Users/shivengarisa/Context4DocuGen/commons-jcs3-3.1-src/commons-jcs-core/src/main/java/org/apache/commons/jcs3/auxiliary/remote/util/RemoteCacheRequestFactory.java
/Users/shivengarisa/Context4DocuGen/commons-jcs3-3.1-src/commons-jcs-core/src/main/java/org/apache/commons/jcs3/utils/discovery/UDPCleanupRunner.java
/Users/shivengarisa/Context4DocuGen/commons-jcs3-3.1-src/commons-jcs-core/src/main/java/org/apache/commons/jcs3/auxiliary/lateral/LateralCacheMonitor.java
/Users/shivengarisa/Context4DocuGen/commons-jcs3-3.1-src/commons-jcs-core/src/main/java/org/apache/commons/jcs3/engine/stats/Stats.java
/Users/shivengarisa/Context4DocuGen/commons-jcs3-3.1-src/commons-jcs-core/src/main/java/org/apache/commons/jcs3/auxiliary/lateral/socket/tcp/TCPLateralCacheAttributes.java
/Users/shivengarisa/Context4DocuGen/commons-jcs3-3.1-src/commons-jcs-core/src/main/java/org/apache/commons/jcs3/engine/ZombieCacheService.java
/Users/shivengarisa/Context4DocuGen/commons-jcs3-3.1-src/commons-jcs-core/src/main/java/org/apache/commons/jcs3/access/exception/CacheException.java
/Users/shivengarisa/Context4DocuGen/commons-jcs3-3.1-src/commons-jcs-core/src/main/java/org/apache/commons/jcs3/access/AbstractCacheAccess.java
/Users/shivengarisa/Context4DocuGen/commons-jcs3-3.1-src/commons-jcs-core/src/main/java/org/apache/commons/jcs3/auxiliary/disk/jdbc/TableState.java
/Users/shivengarisa/Context4DocuGen/commons-jcs3-3.1-src/commons-jcs-core/src/main/java/org/apache/commons/jcs3/auxiliary/remote/behavior/IRemoteCacheAttributes.java
/Users/shivengarisa/Context4DocuGen/commons-jcs3-3.1-src/commons-jcs-core/src/main/java/org/apache/commons/jcs3/engine/behavior/IRequireScheduler.java
/Users/shivengarisa/Context4DocuGen/commons-jcs3-3.1-src/commons-jcs-core/src/main/java/org/apache/commons/jcs3/log/JulLogAdapter.java
/Users/shivengarisa/Context4DocuGen/commons-jcs3-3.1-src/commons-jcs-core/src/main/java/org/apache/commons/jcs3/engine/logging/behavior/ICacheEventLogger.java
/Users/shivengarisa/Context4DocuGen/commons-jcs3-3.1-src/commons-jcs-core/src/main/java/org/apache/commons/jcs3/engine/match/behavior/IKeyMatcher.java
/Users/shivengarisa/Context4DocuGen/commons-jcs3-3.1-src/commons-jcs-core/src/main/java/org/apache/commons/jcs3/engine/control/CompositeCache.java
/Users/shivengarisa/Context4DocuGen/commons-jcs3-3.1-src/commons-jcs-core/src/main/java/org/apache/commons/jcs3/auxiliary/lateral/socket/tcp/behavior/ITCPLateralCacheAttributes.java
/Users/shivengarisa/Context4DocuGen/commons-jcs3-3.1-src/commons-jcs-core/src/main/java/org/apache/commons/jcs3/auxiliary/disk/block/BlockDiskElementDescriptor.java
/Users/shivengarisa/Context4DocuGen/commons-jcs3-3.1-src/commons-jcs-core/src/main/java/org/apache/commons/jcs3/auxiliary/remote/http/client/RemoteHttpCacheClient.java
/Users/shivengarisa/Context4DocuGen/commons-jcs3-3.1-src/commons-jcs-core/src/main/java/org/apache/commons/jcs3/utils/discovery/UDPDiscoveryManager.java
/Users/shivengarisa/Context4DocuGen/commons-jcs3-3.1-src/commons-jcs-core/src/main/java/org/apache/commons/jcs3/utils/discovery/DiscoveredService.java
/Users/shivengarisa/Context4DocuGen/commons-jcs3-3.1-src/commons-jcs-core/src/main/java/org/apache/commons/jcs3/auxiliary/lateral/behavior/ILateralCacheListener.java
/Users/shivengarisa/Context4DocuGen/commons-jcs3-3.1-src/commons-jcs-core/src/main/java/org/apache/commons/jcs3/utils/discovery/UDPDiscoverySenderThread.java
/Users/shivengarisa/Context4DocuGen/commons-jcs3-3.1-src/commons-jcs-core/src/main/java/org/apache/commons/jcs3/auxiliary/remote/http/client/RemoteHttpCache.java
/Users/shivengarisa/Context4DocuGen/commons-jcs3-3.1-src/commons-jcs-core/src/main/java/org/apache/commons/jcs3/admin/JCSJMXBean.java
/Users/shivengarisa/Context4DocuGen/commons-jcs3-3.1-src/commons-jcs-core/src/main/java/org/apache/commons/jcs3/auxiliary/AbstractAuxiliaryCacheMonitor.java
/Users/shivengarisa/Context4DocuGen/commons-jcs3-3.1-src/commons-jcs-core/src/main/java/org/apache/commons/jcs3/utils/timing/ElapsedTimer.java
/Users/shivengarisa/Context4DocuGen/commons-jcs3-3.1-src/commons-jcs-core/src/main/java/org/apache/commons/jcs3/engine/memory/util/MemoryElementDescriptor.java
/Users/shivengarisa/Context4DocuGen/commons-jcs3-3.1-src/commons-jcs-core/src/main/java/org/apache/commons/jcs3/access/exception/InvalidHandleException.java
/Users/shivengarisa/Context4DocuGen/commons-jcs3-3.1-src/commons-jcs-core/src/main/java/org/apache/commons/jcs3/engine/memory/util/SoftReferenceElementDescriptor.java
/Users/shivengarisa/Context4DocuGen/commons-jcs3-3.1-src/commons-jcs-core/src/main/java/org/apache/commons/jcs3/admin/CacheRegionInfo.java
/Users/shivengarisa/Context4DocuGen/commons-jcs3-3.1-src/commons-jcs-core/src/main/java/org/apache/commons/jcs3/auxiliary/remote/server/RemoteCacheServerAttributes.java
/Users/shivengarisa/Context4DocuGen/commons-jcs3-3.1-src/commons-jcs-core/src/main/java/org/apache/commons/jcs3/auxiliary/remote/RemoteCacheListener.java
/Users/shivengarisa/Context4DocuGen/commons-jcs3-3.1-src/commons-jcs-core/src/main/java/org/apache/commons/jcs3/engine/control/group/GroupAttrName.java
/Users/shivengarisa/Context4DocuGen/commons-jcs3-3.1-src/commons-jcs-core/src/main/java/org/apache/commons/jcs3/engine/behavior/ICacheService.java
/Users/shivengarisa/Context4DocuGen/commons-jcs3-3.1-src/commons-jcs-core/src/main/java/org/apache/commons/jcs3/engine/behavior/IElementAttributes.java
/Users/shivengarisa/Context4DocuGen/commons-jcs3-3.1-src/commons-jcs-core/src/main/java/org/apache/commons/jcs3/auxiliary/remote/RemoteCacheMonitor.java
/Users/shivengarisa/Context4DocuGen/commons-jcs3-3.1-src/commons-jcs-core/src/main/java/org/apache/commons/jcs3/utils/struct/DoubleLinkedList.java
/Users/shivengarisa/Context4DocuGen/commons-jcs3-3.1-src/commons-jcs-core/src/main/java/org/apache/commons/jcs3/engine/CacheGroup.java
/Users/shivengarisa/Context4DocuGen/commons-jcs3-3.1-src/commons-jcs-core/src/main/java/org/apache/commons/jcs3/engine/memory/lru/LHMLRUMemoryCache.java
/Users/shivengarisa/Context4DocuGen/commons-jcs3-3.1-src/commons-jcs-core/src/main/java/org/apache/commons/jcs3/engine/control/event/ElementEvent.java
/Users/shivengarisa/Context4DocuGen/commons-jcs3-3.1-src/commons-jcs-core/src/main/java/org/apache/commons/jcs3/auxiliary/remote/behavior/IRemoteCacheConstants.java
/Users/shivengarisa/Context4DocuGen/commons-jcs3-3.1-src/commons-jcs-core/src/main/java/org/apache/commons/jcs3/engine/behavior/ICacheElementSerialized.java
/Users/shivengarisa/Context4DocuGen/commons-jcs3-3.1-src/commons-jcs-core/src/main/java/org/apache/commons/jcs3/engine/behavior/ICacheElement.java
/Users/shivengarisa/Context4DocuGen/commons-jcs3-3.1-src/commons-jcs-core/src/main/java/org/apache/commons/jcs3/engine/behavior/ICache.java
/Users/shivengarisa/Context4DocuGen/commons-jcs3-3.1-src/commons-jcs-core/src/main/java/org/apache/commons/jcs3/admin/CountingOnlyOutputStream.java
/Users/shivengarisa/Context4DocuGen/commons-jcs3-3.1-src/commons-jcs-core/src/main/java/org/apache/commons/jcs3/auxiliary/AbstractAuxiliaryCacheEventLogging.java
/Users/shivengarisa/Context4DocuGen/commons-jcs3-3.1-src/commons-jcs-core/src/main/java/org/apache/commons/jcs3/access/behavior/IGroupCacheAccess.java
/Users/shivengarisa/Context4DocuGen/commons-jcs3-3.1-src/commons-jcs-core/src/main/java/org/apache/commons/jcs3/engine/behavior/ICacheType.java
/Users/shivengarisa/Context4DocuGen/commons-jcs3-3.1-src/commons-jcs-core/src/main/java/org/apache/commons/jcs3/engine/CacheAdaptor.java
/Users/shivengarisa/Context4DocuGen/commons-jcs3-3.1-src/commons-jcs-core/src/main/java/org/apache/commons/jcs3/auxiliary/disk/block/BlockDiskKeyStore.java
/Users/shivengarisa/Context4DocuGen/commons-jcs3-3.1-src/commons-jcs-core/src/main/java/org/apache/commons/jcs3/utils/struct/LRUElementDescriptor.java
/Users/shivengarisa/Context4DocuGen/commons-jcs3-3.1-src/commons-jcs-core/src/main/java/org/apache/commons/jcs3/auxiliary/remote/http/client/RemoteHttpCacheDispatcher.java
/Users/shivengarisa/Context4DocuGen/commons-jcs3-3.1-src/commons-jcs-core/src/main/java/org/apache/commons/jcs3/auxiliary/disk/indexed/IndexedDisk.java
/Users/shivengarisa/Context4DocuGen/commons-jcs3-3.1-src/commons-jcs-core/src/main/java/org/apache/commons/jcs3/auxiliary/disk/jdbc/mysql/MySQLDiskCacheFactory.java
/Users/shivengarisa/Context4DocuGen/commons-jcs3-3.1-src/commons-jcs-core/src/main/java/org/apache/commons/jcs3/auxiliary/remote/RemoteCacheAttributes.java
/Users/shivengarisa/Context4DocuGen/commons-jcs3-3.1-src/commons-jcs-core/src/main/java/org/apache/commons/jcs3/auxiliary/disk/block/BlockDiskCacheFactory.java
/Users/shivengarisa/Context4DocuGen/commons-jcs3-3.1-src/commons-jcs-core/src/main/java/org/apache/commons/jcs3/utils/discovery/UDPDiscoveryAttributes.java
/Users/shivengarisa/Context4DocuGen/commons-jcs3-3.1-src/commons-jcs-core/src/main/java/org/apache/commons/jcs3/engine/memory/AbstractMemoryCache.java
/Users/shivengarisa/Context4DocuGen/commons-jcs3-3.1-src/commons-jcs-core/src/main/java/org/apache/commons/jcs3/auxiliary/disk/jdbc/ShrinkerThread.java
/Users/shivengarisa/Context4DocuGen/commons-jcs3-3.1-src/commons-jcs-core/src/main/java/org/apache/commons/jcs3/engine/ZombieCacheServiceNonLocal.java
/Users/shivengarisa/Context4DocuGen/commons-jcs3-3.1-src/commons-jcs-core/src/main/java/org/apache/commons/jcs3/admin/JCSAdminBean.java
/Users/shivengarisa/Context4DocuGen/commons-jcs3-3.1-src/commons-jcs-core/src/main/java/org/apache/commons/jcs3/utils/struct/AbstractLRUMap.java
/Users/shivengarisa/Context4DocuGen/commons-jcs3-3.1-src/commons-jcs-core/src/main/java/org/apache/commons/jcs3/engine/behavior/ICacheServiceNonLocal.java
/Users/shivengarisa/Context4DocuGen/commons-jcs3-3.1-src/commons-jcs-core/src/main/java/org/apache/commons/jcs3/auxiliary/remote/RemoteCache.java
/Users/shivengarisa/Context4DocuGen/commons-jcs3-3.1-src/commons-jcs-core/src/main/java/org/apache/commons/jcs3/engine/control/group/GroupId.java
/Users/shivengarisa/Context4DocuGen/commons-jcs3-3.1-src/commons-jcs-core/src/main/java/org/apache/commons/jcs3/auxiliary/lateral/LateralCacheNoWait.java
/Users/shivengarisa/Context4DocuGen/commons-jcs3-3.1-src/commons-jcs-core/src/main/java/org/apache/commons/jcs3/engine/control/event/behavior/IElementEventQueue.java
/Users/shivengarisa/Context4DocuGen/commons-jcs3-3.1-src/commons-jcs-core/src/main/java/org/apache/commons/jcs3/auxiliary/remote/value/RemoteCacheRequest.java
/Users/shivengarisa/Context4DocuGen/commons-jcs3-3.1-src/commons-jcs-core/src/main/java/org/apache/commons/jcs3/engine/memory/AbstractDoubleLinkedListMemoryCache.java
/Users/shivengarisa/Context4DocuGen/commons-jcs3-3.1-src/commons-jcs-core/src/main/java/org/apache/commons/jcs3/engine/memory/soft/SoftReferenceMemoryCache.java
/Users/shivengarisa/Context4DocuGen/commons-jcs3-3.1-src/commons-jcs-core/src/main/java/org/apache/commons/jcs3/utils/threadpool/ThreadPoolManager.java
/Users/shivengarisa/Context4DocuGen/commons-jcs3-3.1-src/commons-jcs-core/src/main/java/org/apache/commons/jcs3/auxiliary/remote/RemoteCacheFactory.java
/Users/shivengarisa/Context4DocuGen/commons-jcs3-3.1-src/commons-jcs-core/src/main/java/org/apache/commons/jcs3/io/ObjectInputStreamClassLoaderAware.java
/Users/shivengarisa/Context4DocuGen/commons-jcs3-3.1-src/commons-jcs-core/src/main/java/org/apache/commons/jcs3/engine/control/event/behavior/IElementEventHandler.java
/Users/shivengarisa/Context4DocuGen/commons-jcs3-3.1-src/commons-jcs-core/src/main/java/org/apache/commons/jcs3/auxiliary/remote/RemoteCacheManager.java
/Users/shivengarisa/Context4DocuGen/commons-jcs3-3.1-src/commons-jcs-core/src/main/java/org/apache/commons/jcs3/auxiliary/remote/value/RemoteRequestType.java
/Users/shivengarisa/Context4DocuGen/commons-jcs3-3.1-src/commons-jcs-core/src/main/java/org/apache/commons/jcs3/utils/access/JCSWorkerHelper.java
/Users/shivengarisa/Context4DocuGen/commons-jcs3-3.1-src/commons-jcs-core/src/main/java/org/apache/commons/jcs3/auxiliary/lateral/socket/tcp/LateralTCPCacheFactory.java
/Users/shivengarisa/Context4DocuGen/commons-jcs3-3.1-src/commons-jcs-core/src/main/java/org/apache/commons/jcs3/engine/CacheElement.java
/Users/shivengarisa/Context4DocuGen/commons-jcs3-3.1-src/commons-jcs-core/src/main/java/org/apache/commons/jcs3/engine/stats/CacheStats.java
/Users/shivengarisa/Context4DocuGen/commons-jcs3-3.1-src/commons-jcs-core/src/main/java/org/apache/commons/jcs3/auxiliary/lateral/socket/tcp/LateralTCPDiscoveryListener.java
/Users/shivengarisa/Context4DocuGen/commons-jcs3-3.1-src/commons-jcs-core/src/main/java/org/apache/commons/jcs3/auxiliary/disk/jdbc/hsql/HSQLDiskCacheFactory.java
/Users/shivengarisa/Context4DocuGen/commons-jcs3-3.1-src/commons-jcs-core/src/main/java/org/apache/commons/jcs3/access/GroupCacheAccess.java
/Users/shivengarisa/Context4DocuGen/commons-jcs3-3.1-src/commons-jcs-core/src/main/java/org/apache/commons/jcs3/auxiliary/remote/http/client/RemoteHttpCacheMonitor.java
/Users/shivengarisa/Context4DocuGen/commons-jcs3-3.1-src/commons-jcs-core/src/main/java/org/apache/commons/jcs3/auxiliary/AbstractAuxiliaryCacheFactory.java
/Users/shivengarisa/Context4DocuGen/commons-jcs3-3.1-src/commons-jcs-core/src/main/java/org/apache/commons/jcs3/engine/behavior/IZombie.java
/Users/shivengarisa/Context4DocuGen/commons-jcs3-3.1-src/commons-jcs-core/src/main/java/org/apache/commons/jcs3/auxiliary/lateral/LateralCacheAttributes.java
/Users/shivengarisa/Context4DocuGen/commons-jcs3-3.1-src/commons-jcs-core/src/main/java/org/apache/commons/jcs3/auxiliary/remote/RemoteCacheNoWait.java
/Users/shivengarisa/Context4DocuGen/commons-jcs3-3.1-src/commons-jcs-core/src/main/java/org/apache/commons/jcs3/auxiliary/lateral/LateralCommand.java
/Users/shivengarisa/Context4DocuGen/commons-jcs3-3.1-src/commons-jcs-core/src/main/java/org/apache/commons/jcs3/utils/discovery/UDPDiscoveryReceiver.java
/Users/shivengarisa/Context4DocuGen/commons-jcs3-3.1-src/commons-jcs-core/src/main/java/org/apache/commons/jcs3/engine/CacheElementSerialized.java
/Users/shivengarisa/Context4DocuGen/commons-jcs3-3.1-src/commons-jcs-core/src/main/java/org/apache/commons/jcs3/engine/behavior/ICacheServiceAdmin.java
/Users/shivengarisa/Context4DocuGen/commons-jcs3-3.1-src/commons-jcs-core/src/main/java/org/apache/commons/jcs3/utils/config/PropertySetterException.java
/Users/shivengarisa/Context4DocuGen/commons-jcs3-3.1-src/commons-jcs-core/src/main/java/org/apache/commons/jcs3/utils/discovery/UDPDiscoverySender.java
/Users/shivengarisa/Context4DocuGen/commons-jcs3-3.1-src/commons-jcs-core/src/main/java/org/apache/commons/jcs3/auxiliary/remote/server/behavior/RemoteType.java
/Users/shivengarisa/Context4DocuGen/commons-jcs3-3.1-src/commons-jcs-core/src/main/java/org/apache/commons/jcs3/access/behavior/ICacheAccessManagement.java
/Users/shivengarisa/Context4DocuGen/commons-jcs3-3.1-src/commons-jcs-core/src/main/java/org/apache/commons/jcs3/log/LogManager.java
/Users/shivengarisa/Context4DocuGen/commons-jcs3-3.1-src/commons-jcs-core/src/main/java/org/apache/commons/jcs3/auxiliary/disk/indexed/IndexedDiskDumper.java
/Users/shivengarisa/Context4DocuGen/commons-jcs3-3.1-src/commons-jcs-core/src/main/java/org/apache/commons/jcs3/engine/behavior/IShutdownObservable.java
/Users/shivengarisa/Context4DocuGen/commons-jcs3-3.1-src/commons-jcs-core/src/main/java/org/apache/commons/jcs3/auxiliary/lateral/LateralCache.java
/Users/shivengarisa/Context4DocuGen/commons-jcs3-3.1-src/commons-jcs-core/src/main/java/org/apache/commons/jcs3/log/LogFactory.java
/Users/shivengarisa/Context4DocuGen/commons-jcs3-3.1-src/commons-jcs-core/src/main/java/org/apache/commons/jcs3/engine/memory/behavior/IMemoryCache.java
/Users/shivengarisa/Context4DocuGen/commons-jcs3-3.1-src/commons-jcs-core/src/main/java/org/apache/commons/jcs3/auxiliary/disk/PurgatoryElement.java
/Users/shivengarisa/Context4DocuGen/commons-jcs3-3.1-src/commons-jcs-core/src/main/java/org/apache/commons/jcs3/auxiliary/remote/http/client/RemoteHttpCacheAttributes.java
/Users/shivengarisa/Context4DocuGen/commons-jcs3-3.1-src/commons-jcs-core/src/main/java/org/apache/commons/jcs3/auxiliary/remote/RemoteLocation.java
/Users/shivengarisa/Context4DocuGen/commons-jcs3-3.1-src/commons-jcs-core/src/main/java/org/apache/commons/jcs3/auxiliary/AbstractAuxiliaryCacheAttributes.java
/Users/shivengarisa/Context4DocuGen/commons-jcs3-3.1-src/commons-jcs-core/src/main/java/org/apache/commons/jcs3/auxiliary/remote/server/RegistryKeepAliveRunner.java
/Users/shivengarisa/Context4DocuGen/commons-jcs3-3.1-src/commons-jcs-core/src/main/java/org/apache/commons/jcs3/auxiliary/lateral/socket/tcp/LateralTCPListener.java
/Users/shivengarisa/Context4DocuGen/commons-jcs3-3.1-src/commons-jcs-core/src/main/java/org/apache/commons/jcs3/auxiliary/AuxiliaryCacheConfigurator.java
/Users/shivengarisa/Context4DocuGen/commons-jcs3-3.1-src/commons-jcs-core/src/main/java/org/apache/commons/jcs3/utils/servlet/JCSServletContextListener.java
/Users/shivengarisa/Context4DocuGen/commons-jcs3-3.1-src/commons-jcs-core/src/main/java/org/apache/commons/jcs3/auxiliary/remote/http/client/behavior/IRemoteHttpCacheClient.java
/Users/shivengarisa/Context4DocuGen/commons-jcs3-3.1-src/commons-jcs-core/src/main/java/org/apache/commons/jcs3/auxiliary/remote/AbstractRemoteCacheNoWaitFacade.java
/Users/shivengarisa/Context4DocuGen/commons-jcs3-3.1-src/commons-jcs-core/src/main/java/org/apache/commons/jcs3/engine/behavior/ICacheListener.java
/Users/shivengarisa/Context4DocuGen/commons-jcs3-3.1-src/commons-jcs-core/src/main/java/org/apache/commons/jcs3/access/exception/InvalidGroupException.java
/Users/shivengarisa/Context4DocuGen/commons-jcs3-3.1-src/commons-jcs-core/src/main/java/org/apache/commons/jcs3/engine/logging/behavior/ICacheEvent.java
/Users/shivengarisa/Context4DocuGen/commons-jcs3-3.1-src/commons-jcs-core/src/main/java/org/apache/commons/jcs3/auxiliary/disk/block/BlockDisk.java
/Users/shivengarisa/Context4DocuGen/commons-jcs3-3.1-src/commons-jcs-core/src/main/java/org/apache/commons/jcs3/auxiliary/lateral/LateralCacheNoWaitFacade.java
/Users/shivengarisa/Context4DocuGen/commons-jcs3-3.1-src/commons-jcs-core/src/main/java/org/apache/commons/jcs3/auxiliary/disk/jdbc/dsfactory/DataSourceFactory.java
/Users/shivengarisa/Context4DocuGen/commons-jcs3-3.1-src/commons-jcs-core/src/main/java/org/apache/commons/jcs3/engine/behavior/IElementSerializer.java
/Users/shivengarisa/Context4DocuGen/commons-jcs3-3.1-src/commons-jcs-core/src/main/java/org/apache/commons/jcs3/auxiliary/disk/AbstractDiskCache.java
/Users/shivengarisa/Context4DocuGen/commons-jcs3-3.1-src/commons-jcs-core/src/main/java/org/apache/commons/jcs3/auxiliary/remote/server/behavior/IRemoteCacheServerAttributes.java
/Users/shivengarisa/Context4DocuGen/commons-jcs3-3.1-src/commons-jcs-core/src/main/java/org/apache/commons/jcs3/auxiliary/remote/AbstractRemoteAuxiliaryCache.java
/Users/shivengarisa/Context4DocuGen/commons-jcs3-3.1-src/commons-jcs-core/src/main/java/org/apache/commons/jcs3/access/CacheAccess.java
/Users/shivengarisa/Context4DocuGen/commons-jcs3-3.1-src/commons-jcs-core/src/main/java/org/apache/commons/jcs3/auxiliary/remote/behavior/IRemoteCacheDispatcher.java
/Users/shivengarisa/Context4DocuGen/commons-jcs3-3.1-src/commons-jcs-core/src/main/java/org/apache/commons/jcs3/access/exception/ObjectNotFoundException.java
/Users/shivengarisa/Context4DocuGen/commons-jcs3-3.1-src/commons-jcs-core/src/main/java/org/apache/commons/jcs3/auxiliary/remote/http/client/RemoteHttpCacheFactory.java
/Users/shivengarisa/Context4DocuGen/commons-jcs3-3.1-src/commons-jcs-core/src/main/java/org/apache/commons/jcs3/utils/net/HostNameUtil.java
/Users/shivengarisa/Context4DocuGen/commons-jcs3-3.1-src/commons-jcs-core/src/main/java/org/apache/commons/jcs3/auxiliary/remote/server/behavior/IRemoteCacheServer.java
/Users/shivengarisa/Context4DocuGen/commons-jcs3-3.1-src/commons-jcs-core/src/main/java/org/apache/commons/jcs3/auxiliary/remote/RemoteCacheFailoverRunner.java
/Users/shivengarisa/Context4DocuGen/commons-jcs3-3.1-src/commons-jcs-core/src/main/java/org/apache/commons/jcs3/auxiliary/remote/CommonRemoteCacheAttributes.java
/Users/shivengarisa/Context4DocuGen/commons-jcs3-3.1-src/commons-jcs-core/src/main/java/org/apache/commons/jcs3/auxiliary/AuxiliaryCacheFactory.java
/Users/shivengarisa/Context4DocuGen/commons-jcs3-3.1-src/commons-jcs-core/src/main/java/org/apache/commons/jcs3/engine/stats/behavior/IStats.java
/Users/shivengarisa/Context4DocuGen/commons-jcs3-3.1-src/commons-jcs-core/src/main/java/org/apache/commons/jcs3/engine/memory/lru/LRUMemoryCache.java
/Users/shivengarisa/Context4DocuGen/commons-jcs3-3.1-src/commons-jcs-core/src/main/java/org/apache/commons/jcs3/engine/match/KeyMatcherPatternImpl.java
/Users/shivengarisa/Context4DocuGen/commons-jcs3-3.1-src/commons-jcs-core/src/main/java/org/apache/commons/jcs3/auxiliary/AuxiliaryCacheAttributes.java
/Users/shivengarisa/Context4DocuGen/commons-jcs3-3.1-src/commons-jcs-core/src/main/java/org/apache/commons/jcs3/auxiliary/remote/behavior/IRemoteCacheClient.java
/Users/shivengarisa/Context4DocuGen/commons-jcs3-3.1-src/commons-jcs-core/src/main/java/org/apache/commons/jcs3/admin/CacheElementInfo.java
/Users/shivengarisa/Context4DocuGen/commons-jcs3-3.1-src/commons-jcs-core/src/main/java/org/apache/commons/jcs3/auxiliary/disk/jdbc/JDBCDiskCacheAttributes.java
/Users/shivengarisa/Context4DocuGen/commons-jcs3-3.1-src/commons-jcs-core/src/main/java/org/apache/commons/jcs3/auxiliary/remote/http/behavior/IRemoteHttpCacheConstants.java
/Users/shivengarisa/Context4DocuGen/commons-jcs3-3.1-src/commons-jcs-core/src/main/java/org/apache/commons/jcs3/engine/behavior/IShutdownObserver.java
/Users/shivengarisa/Context4DocuGen/commons-jcs3-3.1-src/commons-jcs-core/src/main/java/org/apache/commons/jcs3/auxiliary/lateral/behavior/ILateralCacheAttributes.java
/Users/shivengarisa/Context4DocuGen/commons-jcs3-3.1-src/commons-jcs-core/src/main/java/org/apache/commons/jcs3/engine/behavior/ICacheEventQueue.java
/Users/shivengarisa/Context4DocuGen/commons-jcs3-3.1-src/commons-jcs-core/src/main/java/org/apache/commons/jcs3/log/Log4j2Factory.java
