/Users/shivengarisa/Context4DocuGen/async-http-client/extras/rxjava2/src/main/java/org/asynchttpclient/extras/rxjava2/RxHttpClient.java
/Users/shivengarisa/Context4DocuGen/async-http-client/extras/rxjava2/src/main/java/org/asynchttpclient/extras/rxjava2/maybe/MaybeAsyncHandlerBridge.java
/Users/shivengarisa/Context4DocuGen/async-http-client/extras/rxjava2/src/main/java/org/asynchttpclient/extras/rxjava2/maybe/AbstractMaybeAsyncHandlerBridge.java
/Users/shivengarisa/Context4DocuGen/async-http-client/extras/rxjava2/src/main/java/org/asynchttpclient/extras/rxjava2/DisposedException.java
/Users/shivengarisa/Context4DocuGen/async-http-client/extras/rxjava2/src/main/java/org/asynchttpclient/extras/rxjava2/DefaultRxHttpClient.java
/Users/shivengarisa/Context4DocuGen/async-http-client/extras/rxjava2/src/main/java/org/asynchttpclient/extras/rxjava2/maybe/ProgressAsyncMaybeEmitterBridge.java
/Users/shivengarisa/Context4DocuGen/async-http-client/extras/rxjava2/src/main/java/org/asynchttpclient/extras/rxjava2/maybe/AbstractMaybeProgressAsyncHandlerBridge.java
