spark/route/Routes.class
spark/Routable.class
spark/ResponseTransformer.class
spark/route/HttpMethod.class
spark/Redirect$Status.class
spark/utils/MimeParse$FitnessAndQuality.class
spark/resource/AbstractResource.class
spark/servlet/SparkFilter$1.class
spark/utils/MimeParse$1.class
spark/utils/ClassUtils.class
spark/utils/IOUtils.class
spark/staticfiles/DirectoryTraversal.class
spark/FilterImpl$1.class
spark/Base64.class
spark/http/matching/GeneralError.class
spark/utils/ResourceUtils.class
spark/Service.class
spark/embeddedserver/jetty/websocket/WebSocketCreatorFactory.class
spark/resource/InputStreamResource.class
spark/embeddedserver/jetty/HttpRequestWrapper$CachedServletInputStream.class
spark/ModelAndView.class
spark/Session.class
spark/ResponseTransformerRouteImpl.class
spark/route/RouteEntry.class
spark/Spark$SingletonHolder.class
spark/Experimental.class
spark/utils/GzipUtils.class
spark/staticfiles/StaticFilesConfiguration.class
spark/resource/UriPath.class
spark/http/matching/ResponseWrapper.class
spark/utils/ObjectUtils.class
spark/resource/ExternalResource.class
spark/Spark.class
spark/utils/Wrapper.class
spark/CustomErrorPages.class
spark/http/matching/Routes.class
spark/embeddedserver/EmbeddedServers$Identifiers.class
spark/utils/urldecoding/Utf8StringBuilder.class
spark/QueryParamsMap.class
spark/http/matching/BeforeFilters.class
spark/utils/StringUtils.class
spark/embeddedserver/jetty/JettyServer.class
spark/resource/AbstractFileResolvingResource.class
spark/serialization/SerializerChain.class
spark/CustomErrorPages$1.class
spark/resource/ExternalResourceHandler.class
spark/RouteImpl.class
spark/embeddedserver/jetty/websocket/WebSocketCreatorFactory$1.class
spark/serialization/Serializer.class
spark/TemplateViewRouteImpl.class
spark/route/ServletRoutes.class
spark/staticfiles/DirectoryTraversal$DirectoryTraversalDetection.class
spark/http/matching/RouteContext.class
spark/RouteImpl$1.class
spark/staticfiles/StaticFilesFolder.class
spark/embeddedserver/jetty/EmbeddedJettyFactory.class
spark/ExceptionHandlerImpl.class
spark/staticfiles/MimeType.class
spark/embeddedserver/jetty/websocket/WebSocketCreatorFactory$SparkWebSocketCreator.class
spark/Redirect.class
spark/TemplateEngine.class
spark/embeddedserver/EmbeddedServerFactory.class
spark/embeddedserver/jetty/websocket/WebSocketHandlerWrapper.class
spark/resource/AbstractResourceHandler.class
spark/utils/urldecoding/Utf8Appendable.class
spark/http/matching/Body.class
spark/HaltException.class
spark/serialization/DefaultSerializer.class
spark/http/matching/Halt.class
spark/embeddedserver/jetty/SocketConnectorFactory.class
spark/servlet/FilterTools.class
spark/http/matching/RequestWrapper.class
spark/utils/urldecoding/TypeUtil.class
spark/FilterImpl.class
spark/utils/SparkUtils.class
spark/globalstate/ServletFlag.class
spark/ResponseTransformerRouteImpl$1.class
spark/embeddedserver/jetty/JettyHandler.class
spark/route/SimpleRouteMatcher.class
spark/utils/MimeParse.class
spark/embeddedserver/EmbeddedServers.class
spark/TemplateViewRouteImpl$1.class
spark/ExceptionHandler.class
spark/http/matching/AfterAfterFilters.class
spark/http/matching/MatcherFilter.class
spark/embeddedserver/NotSupportedException.class
spark/resource/ClassPathResourceHandler.class
spark/serialization/BytesSerializer.class
spark/utils/Assert.class
spark/utils/CollectionUtils.class
spark/ExceptionMapper.class
spark/CustomErrorPages$SingletonHolder.class
spark/utils/GzipUtils$StringMatch.class
spark/embeddedserver/jetty/EmbeddedJettyServer.class
spark/Response.class
spark/resource/ClassPathResource.class
spark/Route.class
spark/utils/urldecoding/UrlDecode.class
spark/resource/Resource.class
spark/embeddedserver/EmbeddedServer.class
spark/QueryParamsMap$NullQueryParamsMap.class
spark/utils/urldecoding/Utf8Appendable$NotUtf8Exception.class
spark/RequestResponseFactory.class
spark/serialization/InputStreamSerializer.class
spark/Service$StaticFiles.class
spark/routematch/RouteMatch.class
spark/utils/MimeParse$ParseResults.class
spark/Access.class
spark/embeddedserver/jetty/HttpRequestWrapper.class
spark/TemplateViewRoute.class
spark/Request.class
spark/embeddedserver/jetty/websocket/WebSocketHandlerInstanceWrapper.class
spark/RouteGroup.class
spark/http/matching/AfterFilters.class
spark/embeddedserver/jetty/websocket/WebSocketHandlerClassWrapper.class
spark/Filter.class
spark/utils/GzipUtils$1.class
spark/embeddedserver/jetty/websocket/WebSocketServletContextHandlerFactory.class
spark/embeddedserver/jetty/JettyServerFactory.class
spark/ssl/SslStores.class
spark/servlet/SparkApplication.class
spark/servlet/SparkFilter.class
spark/Service$1.class
