/Users/shivengarisa/Context4DocuGen/spark/src/main/java/spark/utils/CollectionUtils.java
/Users/shivengarisa/Context4DocuGen/spark/src/main/java/spark/utils/Wrapper.java
/Users/shivengarisa/Context4DocuGen/spark/src/main/java/spark/staticfiles/StaticFilesFolder.java
/Users/shivengarisa/Context4DocuGen/spark/src/main/java/spark/serialization/SerializerChain.java
/Users/shivengarisa/Context4DocuGen/spark/src/main/java/spark/Filter.java
/Users/shivengarisa/Context4DocuGen/spark/src/main/java/spark/embeddedserver/jetty/websocket/WebSocketCreatorFactory.java
/Users/shivengarisa/Context4DocuGen/spark/src/main/java/spark/RouteImpl.java
/Users/shivengarisa/Context4DocuGen/spark/src/main/java/spark/resource/AbstractFileResolvingResource.java
/Users/shivengarisa/Context4DocuGen/spark/src/main/java/spark/utils/urldecoding/TypeUtil.java
/Users/shivengarisa/Context4DocuGen/spark/src/main/java/spark/Access.java
/Users/shivengarisa/Context4DocuGen/spark/src/main/java/spark/route/Routes.java
/Users/shivengarisa/Context4DocuGen/spark/src/main/java/spark/FilterImpl.java
/Users/shivengarisa/Context4DocuGen/spark/src/main/java/spark/route/RouteEntry.java
/Users/shivengarisa/Context4DocuGen/spark/src/main/java/spark/resource/AbstractResource.java
/Users/shivengarisa/Context4DocuGen/spark/src/main/java/spark/ssl/SslStores.java
/Users/shivengarisa/Context4DocuGen/spark/src/main/java/spark/RouteGroup.java
/Users/shivengarisa/Context4DocuGen/spark/src/main/java/spark/ExceptionHandlerImpl.java
/Users/shivengarisa/Context4DocuGen/spark/src/main/java/spark/utils/urldecoding/Utf8Appendable.java
/Users/shivengarisa/Context4DocuGen/spark/src/main/java/spark/http/matching/Routes.java
/Users/shivengarisa/Context4DocuGen/spark/src/main/java/spark/serialization/InputStreamSerializer.java
/Users/shivengarisa/Context4DocuGen/spark/src/main/java/spark/Spark.java
/Users/shivengarisa/Context4DocuGen/spark/src/main/java/spark/utils/GzipUtils.java
/Users/shivengarisa/Context4DocuGen/spark/src/main/java/spark/utils/ObjectUtils.java
/Users/shivengarisa/Context4DocuGen/spark/src/main/java/spark/Base64.java
/Users/shivengarisa/Context4DocuGen/spark/src/main/java/spark/route/ServletRoutes.java
/Users/shivengarisa/Context4DocuGen/spark/src/main/java/spark/Routable.java
/Users/shivengarisa/Context4DocuGen/spark/src/main/java/spark/resource/ClassPathResource.java
/Users/shivengarisa/Context4DocuGen/spark/src/main/java/spark/utils/IOUtils.java
/Users/shivengarisa/Context4DocuGen/spark/src/main/java/spark/utils/ResourceUtils.java
/Users/shivengarisa/Context4DocuGen/spark/src/main/java/spark/Service.java
/Users/shivengarisa/Context4DocuGen/spark/src/main/java/spark/routematch/RouteMatch.java
/Users/shivengarisa/Context4DocuGen/spark/src/main/java/spark/ResponseTransformer.java
/Users/shivengarisa/Context4DocuGen/spark/src/main/java/spark/TemplateEngine.java
/Users/shivengarisa/Context4DocuGen/spark/src/main/java/spark/embeddedserver/EmbeddedServers.java
/Users/shivengarisa/Context4DocuGen/spark/src/main/java/spark/HaltException.java
/Users/shivengarisa/Context4DocuGen/spark/src/main/java/spark/embeddedserver/jetty/SocketConnectorFactory.java
/Users/shivengarisa/Context4DocuGen/spark/src/main/java/spark/utils/SparkUtils.java
/Users/shivengarisa/Context4DocuGen/spark/src/main/java/spark/utils/Assert.java
/Users/shivengarisa/Context4DocuGen/spark/src/main/java/spark/Response.java
/Users/shivengarisa/Context4DocuGen/spark/src/main/java/spark/serialization/Serializer.java
/Users/shivengarisa/Context4DocuGen/spark/src/main/java/spark/embeddedserver/jetty/JettyServerFactory.java
/Users/shivengarisa/Context4DocuGen/spark/src/main/java/spark/resource/UriPath.java
/Users/shivengarisa/Context4DocuGen/spark/src/main/java/spark/resource/ExternalResource.java
/Users/shivengarisa/Context4DocuGen/spark/src/main/java/spark/embeddedserver/jetty/EmbeddedJettyServer.java
/Users/shivengarisa/Context4DocuGen/spark/src/main/java/spark/serialization/DefaultSerializer.java
/Users/shivengarisa/Context4DocuGen/spark/src/main/java/spark/Redirect.java
/Users/shivengarisa/Context4DocuGen/spark/src/main/java/spark/http/matching/BeforeFilters.java
/Users/shivengarisa/Context4DocuGen/spark/src/main/java/spark/embeddedserver/EmbeddedServerFactory.java
/Users/shivengarisa/Context4DocuGen/spark/src/main/java/spark/staticfiles/MimeType.java
/Users/shivengarisa/Context4DocuGen/spark/src/main/java/spark/embeddedserver/jetty/websocket/WebSocketHandlerWrapper.java
/Users/shivengarisa/Context4DocuGen/spark/src/main/java/spark/ResponseTransformerRouteImpl.java
/Users/shivengarisa/Context4DocuGen/spark/src/main/java/spark/ExceptionMapper.java
/Users/shivengarisa/Context4DocuGen/spark/src/main/java/spark/ExceptionHandler.java
/Users/shivengarisa/Context4DocuGen/spark/src/main/java/spark/utils/StringUtils.java
/Users/shivengarisa/Context4DocuGen/spark/src/main/java/spark/Route.java
/Users/shivengarisa/Context4DocuGen/spark/src/main/java/spark/resource/ClassPathResourceHandler.java
/Users/shivengarisa/Context4DocuGen/spark/src/main/java/spark/embeddedserver/EmbeddedServer.java
/Users/shivengarisa/Context4DocuGen/spark/src/main/java/spark/resource/ExternalResourceHandler.java
/Users/shivengarisa/Context4DocuGen/spark/src/main/java/spark/route/HttpMethod.java
/Users/shivengarisa/Context4DocuGen/spark/src/main/java/spark/serialization/BytesSerializer.java
/Users/shivengarisa/Context4DocuGen/spark/src/main/java/spark/staticfiles/DirectoryTraversal.java
/Users/shivengarisa/Context4DocuGen/spark/src/main/java/spark/embeddedserver/jetty/JettyServer.java
/Users/shivengarisa/Context4DocuGen/spark/src/main/java/spark/ModelAndView.java
/Users/shivengarisa/Context4DocuGen/spark/src/main/java/spark/utils/MimeParse.java
/Users/shivengarisa/Context4DocuGen/spark/src/main/java/spark/servlet/SparkApplication.java
/Users/shivengarisa/Context4DocuGen/spark/src/main/java/spark/embeddedserver/jetty/websocket/WebSocketHandlerInstanceWrapper.java
/Users/shivengarisa/Context4DocuGen/spark/src/main/java/spark/route/SimpleRouteMatcher.java
/Users/shivengarisa/Context4DocuGen/spark/src/main/java/spark/embeddedserver/NotSupportedException.java
/Users/shivengarisa/Context4DocuGen/spark/src/main/java/spark/utils/ClassUtils.java
/Users/shivengarisa/Context4DocuGen/spark/src/main/java/spark/http/matching/AfterFilters.java
/Users/shivengarisa/Context4DocuGen/spark/src/main/java/spark/embeddedserver/jetty/JettyHandler.java
/Users/shivengarisa/Context4DocuGen/spark/src/main/java/spark/resource/InputStreamResource.java
/Users/shivengarisa/Context4DocuGen/spark/src/main/java/spark/TemplateViewRoute.java
/Users/shivengarisa/Context4DocuGen/spark/src/main/java/spark/TemplateViewRouteImpl.java
/Users/shivengarisa/Context4DocuGen/spark/src/main/java/spark/globalstate/ServletFlag.java
/Users/shivengarisa/Context4DocuGen/spark/src/main/java/spark/resource/AbstractResourceHandler.java
/Users/shivengarisa/Context4DocuGen/spark/src/main/java/spark/utils/urldecoding/Utf8StringBuilder.java
/Users/shivengarisa/Context4DocuGen/spark/src/main/java/spark/http/matching/Halt.java
/Users/shivengarisa/Context4DocuGen/spark/src/main/java/spark/embeddedserver/jetty/HttpRequestWrapper.java
/Users/shivengarisa/Context4DocuGen/spark/src/main/java/spark/http/matching/ResponseWrapper.java
/Users/shivengarisa/Context4DocuGen/spark/src/main/java/spark/http/matching/AfterAfterFilters.java
/Users/shivengarisa/Context4DocuGen/spark/src/main/java/spark/http/matching/Body.java
/Users/shivengarisa/Context4DocuGen/spark/src/main/java/spark/staticfiles/StaticFilesConfiguration.java
/Users/shivengarisa/Context4DocuGen/spark/src/main/java/spark/resource/Resource.java
/Users/shivengarisa/Context4DocuGen/spark/src/main/java/spark/http/matching/MatcherFilter.java
/Users/shivengarisa/Context4DocuGen/spark/src/main/java/spark/Session.java
/Users/shivengarisa/Context4DocuGen/spark/src/main/java/spark/Experimental.java
/Users/shivengarisa/Context4DocuGen/spark/src/main/java/spark/http/matching/RouteContext.java
/Users/shivengarisa/Context4DocuGen/spark/src/main/java/spark/servlet/FilterTools.java
/Users/shivengarisa/Context4DocuGen/spark/src/main/java/spark/http/matching/RequestWrapper.java
/Users/shivengarisa/Context4DocuGen/spark/src/main/java/spark/embeddedserver/jetty/EmbeddedJettyFactory.java
/Users/shivengarisa/Context4DocuGen/spark/src/main/java/spark/Request.java
/Users/shivengarisa/Context4DocuGen/spark/src/main/java/spark/http/matching/GeneralError.java
/Users/shivengarisa/Context4DocuGen/spark/src/main/java/spark/embeddedserver/jetty/websocket/WebSocketServletContextHandlerFactory.java
/Users/shivengarisa/Context4DocuGen/spark/src/main/java/spark/CustomErrorPages.java
/Users/shivengarisa/Context4DocuGen/spark/src/main/java/spark/RequestResponseFactory.java
/Users/shivengarisa/Context4DocuGen/spark/src/main/java/spark/embeddedserver/jetty/websocket/WebSocketHandlerClassWrapper.java
/Users/shivengarisa/Context4DocuGen/spark/src/main/java/spark/servlet/SparkFilter.java
/Users/shivengarisa/Context4DocuGen/spark/src/main/java/spark/QueryParamsMap.java
/Users/shivengarisa/Context4DocuGen/spark/src/main/java/spark/utils/urldecoding/UrlDecode.java
