/Users/shivengarisa/Context4DocuGen/commons-collections4-4.4-src/src/main/java/org/apache/commons/collections4/multimap/AbstractMultiValuedMap.java
/Users/shivengarisa/Context4DocuGen/commons-collections4-4.4-src/src/main/java/org/apache/commons/collections4/bag/CollectionBag.java
/Users/shivengarisa/Context4DocuGen/commons-collections4-4.4-src/src/main/java/org/apache/commons/collections4/iterators/ZippingIterator.java
/Users/shivengarisa/Context4DocuGen/commons-collections4-4.4-src/src/main/java/org/apache/commons/collections4/iterators/EmptyMapIterator.java
/Users/shivengarisa/Context4DocuGen/commons-collections4-4.4-src/src/main/java/org/apache/commons/collections4/functors/IfClosure.java
/Users/shivengarisa/Context4DocuGen/commons-collections4-4.4-src/src/main/java/org/apache/commons/collections4/map/MultiKeyMap.java
/Users/shivengarisa/Context4DocuGen/commons-collections4-4.4-src/src/main/java/org/apache/commons/collections4/map/LinkedMap.java
/Users/shivengarisa/Context4DocuGen/commons-collections4-4.4-src/src/main/java/org/apache/commons/collections4/functors/AllPredicate.java
/Users/shivengarisa/Context4DocuGen/commons-collections4-4.4-src/src/main/java/org/apache/commons/collections4/BagUtils.java
/Users/shivengarisa/Context4DocuGen/commons-collections4-4.4-src/src/main/java/org/apache/commons/collections4/ArrayUtils.java
/Users/shivengarisa/Context4DocuGen/commons-collections4-4.4-src/src/main/java/org/apache/commons/collections4/queue/SynchronizedQueue.java
/Users/shivengarisa/Context4DocuGen/commons-collections4-4.4-src/src/main/java/org/apache/commons/collections4/iterators/AbstractMapIteratorDecorator.java
/Users/shivengarisa/Context4DocuGen/commons-collections4-4.4-src/src/main/java/org/apache/commons/collections4/map/UnmodifiableMap.java
/Users/shivengarisa/Context4DocuGen/commons-collections4-4.4-src/src/main/java/org/apache/commons/collections4/map/AbstractReferenceMap.java
/Users/shivengarisa/Context4DocuGen/commons-collections4-4.4-src/src/main/java/org/apache/commons/collections4/sequence/CommandVisitor.java
/Users/shivengarisa/Context4DocuGen/commons-collections4-4.4-src/src/main/java/org/apache/commons/collections4/bidimap/AbstractBidiMapDecorator.java
/Users/shivengarisa/Context4DocuGen/commons-collections4-4.4-src/src/main/java/org/apache/commons/collections4/map/PassiveExpiringMap.java
/Users/shivengarisa/Context4DocuGen/commons-collections4-4.4-src/src/main/java/org/apache/commons/collections4/multimap/AbstractSetValuedMap.java
/Users/shivengarisa/Context4DocuGen/commons-collections4-4.4-src/src/main/java/org/apache/commons/collections4/functors/TruePredicate.java
/Users/shivengarisa/Context4DocuGen/commons-collections4-4.4-src/src/main/java/org/apache/commons/collections4/iterators/ArrayIterator.java
/Users/shivengarisa/Context4DocuGen/commons-collections4-4.4-src/src/main/java/org/apache/commons/collections4/set/UnmodifiableSet.java
/Users/shivengarisa/Context4DocuGen/commons-collections4-4.4-src/src/main/java/org/apache/commons/collections4/comparators/NullComparator.java
/Users/shivengarisa/Context4DocuGen/commons-collections4-4.4-src/src/main/java/org/apache/commons/collections4/functors/ConstantFactory.java
/Users/shivengarisa/Context4DocuGen/commons-collections4-4.4-src/src/main/java/org/apache/commons/collections4/map/HashedMap.java
/Users/shivengarisa/Context4DocuGen/commons-collections4-4.4-src/src/main/java/org/apache/commons/collections4/list/PredicatedList.java
/Users/shivengarisa/Context4DocuGen/commons-collections4-4.4-src/src/main/java/org/apache/commons/collections4/functors/CloneTransformer.java
/Users/shivengarisa/Context4DocuGen/commons-collections4-4.4-src/src/main/java/org/apache/commons/collections4/map/AbstractMapDecorator.java
/Users/shivengarisa/Context4DocuGen/commons-collections4-4.4-src/src/main/java/org/apache/commons/collections4/iterators/ListIteratorWrapper.java
/Users/shivengarisa/Context4DocuGen/commons-collections4-4.4-src/src/main/java/org/apache/commons/collections4/queue/PredicatedQueue.java
/Users/shivengarisa/Context4DocuGen/commons-collections4-4.4-src/src/main/java/org/apache/commons/collections4/functors/CatchAndRethrowClosure.java
/Users/shivengarisa/Context4DocuGen/commons-collections4-4.4-src/src/main/java/org/apache/commons/collections4/MapIterator.java
/Users/shivengarisa/Context4DocuGen/commons-collections4-4.4-src/src/main/java/org/apache/commons/collections4/bag/AbstractSortedBagDecorator.java
/Users/shivengarisa/Context4DocuGen/commons-collections4-4.4-src/src/main/java/org/apache/commons/collections4/iterators/IteratorEnumeration.java
/Users/shivengarisa/Context4DocuGen/commons-collections4-4.4-src/src/main/java/org/apache/commons/collections4/map/AbstractSortedMapDecorator.java
/Users/shivengarisa/Context4DocuGen/commons-collections4-4.4-src/src/main/java/org/apache/commons/collections4/map/PredicatedSortedMap.java
/Users/shivengarisa/Context4DocuGen/commons-collections4-4.4-src/src/main/java/org/apache/commons/collections4/collection/SynchronizedCollection.java
/Users/shivengarisa/Context4DocuGen/commons-collections4-4.4-src/src/main/java/org/apache/commons/collections4/functors/NOPTransformer.java
/Users/shivengarisa/Context4DocuGen/commons-collections4-4.4-src/src/main/java/org/apache/commons/collections4/functors/InvokerTransformer.java
/Users/shivengarisa/Context4DocuGen/commons-collections4-4.4-src/src/main/java/org/apache/commons/collections4/comparators/package-info.java
/Users/shivengarisa/Context4DocuGen/commons-collections4-4.4-src/src/main/java/org/apache/commons/collections4/map/AbstractInputCheckedMapDecorator.java
/Users/shivengarisa/Context4DocuGen/commons-collections4-4.4-src/src/main/java/org/apache/commons/collections4/Transformer.java
/Users/shivengarisa/Context4DocuGen/commons-collections4-4.4-src/src/main/java/org/apache/commons/collections4/TransformerUtils.java
/Users/shivengarisa/Context4DocuGen/commons-collections4-4.4-src/src/main/java/org/apache/commons/collections4/map/MultiValueMap.java
/Users/shivengarisa/Context4DocuGen/commons-collections4-4.4-src/src/main/java/org/apache/commons/collections4/splitmap/TransformedSplitMap.java
/Users/shivengarisa/Context4DocuGen/commons-collections4-4.4-src/src/main/java/org/apache/commons/collections4/functors/InstanceofPredicate.java
/Users/shivengarisa/Context4DocuGen/commons-collections4-4.4-src/src/main/java/org/apache/commons/collections4/list/AbstractLinkedList.java
/Users/shivengarisa/Context4DocuGen/commons-collections4-4.4-src/src/main/java/org/apache/commons/collections4/sequence/EditScript.java
/Users/shivengarisa/Context4DocuGen/commons-collections4-4.4-src/src/main/java/org/apache/commons/collections4/functors/StringValueTransformer.java
/Users/shivengarisa/Context4DocuGen/commons-collections4-4.4-src/src/main/java/org/apache/commons/collections4/keyvalue/UnmodifiableMapEntry.java
/Users/shivengarisa/Context4DocuGen/commons-collections4-4.4-src/src/main/java/org/apache/commons/collections4/list/NodeCachingLinkedList.java
/Users/shivengarisa/Context4DocuGen/commons-collections4-4.4-src/src/main/java/org/apache/commons/collections4/bag/HashBag.java
/Users/shivengarisa/Context4DocuGen/commons-collections4-4.4-src/src/main/java/org/apache/commons/collections4/IterableGet.java
/Users/shivengarisa/Context4DocuGen/commons-collections4-4.4-src/src/main/java/org/apache/commons/collections4/functors/AnyPredicate.java
/Users/shivengarisa/Context4DocuGen/commons-collections4-4.4-src/src/main/java/org/apache/commons/collections4/set/AbstractSortedSetDecorator.java
/Users/shivengarisa/Context4DocuGen/commons-collections4-4.4-src/src/main/java/org/apache/commons/collections4/Factory.java
/Users/shivengarisa/Context4DocuGen/commons-collections4-4.4-src/src/main/java/org/apache/commons/collections4/iterators/AbstractIteratorDecorator.java
/Users/shivengarisa/Context4DocuGen/commons-collections4-4.4-src/src/main/java/org/apache/commons/collections4/functors/ExceptionFactory.java
/Users/shivengarisa/Context4DocuGen/commons-collections4-4.4-src/src/main/java/org/apache/commons/collections4/OrderedIterator.java
/Users/shivengarisa/Context4DocuGen/commons-collections4-4.4-src/src/main/java/org/apache/commons/collections4/set/AbstractSetDecorator.java
/Users/shivengarisa/Context4DocuGen/commons-collections4-4.4-src/src/main/java/org/apache/commons/collections4/multiset/AbstractMultiSet.java
/Users/shivengarisa/Context4DocuGen/commons-collections4-4.4-src/src/main/java/org/apache/commons/collections4/bidimap/DualTreeBidiMap.java
/Users/shivengarisa/Context4DocuGen/commons-collections4-4.4-src/src/main/java/org/apache/commons/collections4/functors/MapTransformer.java
/Users/shivengarisa/Context4DocuGen/commons-collections4-4.4-src/src/main/java/org/apache/commons/collections4/bidimap/UnmodifiableBidiMap.java
/Users/shivengarisa/Context4DocuGen/commons-collections4-4.4-src/src/main/java/org/apache/commons/collections4/keyvalue/DefaultKeyValue.java
/Users/shivengarisa/Context4DocuGen/commons-collections4-4.4-src/src/main/java/org/apache/commons/collections4/iterators/AbstractOrderedMapIteratorDecorator.java
/Users/shivengarisa/Context4DocuGen/commons-collections4-4.4-src/src/main/java/org/apache/commons/collections4/multimap/TransformedMultiValuedMap.java
/Users/shivengarisa/Context4DocuGen/commons-collections4-4.4-src/src/main/java/org/apache/commons/collections4/collection/UnmodifiableBoundedCollection.java
/Users/shivengarisa/Context4DocuGen/commons-collections4-4.4-src/src/main/java/org/apache/commons/collections4/set/UnmodifiableNavigableSet.java
/Users/shivengarisa/Context4DocuGen/commons-collections4-4.4-src/src/main/java/org/apache/commons/collections4/functors/NOPClosure.java
/Users/shivengarisa/Context4DocuGen/commons-collections4-4.4-src/src/main/java/org/apache/commons/collections4/functors/ExceptionPredicate.java
/Users/shivengarisa/Context4DocuGen/commons-collections4-4.4-src/src/main/java/org/apache/commons/collections4/iterators/EmptyOrderedIterator.java
/Users/shivengarisa/Context4DocuGen/commons-collections4-4.4-src/src/main/java/org/apache/commons/collections4/set/MapBackedSet.java
/Users/shivengarisa/Context4DocuGen/commons-collections4-4.4-src/src/main/java/org/apache/commons/collections4/functors/IfTransformer.java
/Users/shivengarisa/Context4DocuGen/commons-collections4-4.4-src/src/main/java/org/apache/commons/collections4/collection/PredicatedCollection.java
/Users/shivengarisa/Context4DocuGen/commons-collections4-4.4-src/src/main/java/org/apache/commons/collections4/set/PredicatedSortedSet.java
/Users/shivengarisa/Context4DocuGen/commons-collections4-4.4-src/src/main/java/org/apache/commons/collections4/list/package-info.java
/Users/shivengarisa/Context4DocuGen/commons-collections4-4.4-src/src/main/java/org/apache/commons/collections4/keyvalue/package-info.java
/Users/shivengarisa/Context4DocuGen/commons-collections4-4.4-src/src/main/java/org/apache/commons/collections4/BoundedCollection.java
/Users/shivengarisa/Context4DocuGen/commons-collections4-4.4-src/src/main/java/org/apache/commons/collections4/multiset/UnmodifiableMultiSet.java
/Users/shivengarisa/Context4DocuGen/commons-collections4-4.4-src/src/main/java/org/apache/commons/collections4/ListUtils.java
/Users/shivengarisa/Context4DocuGen/commons-collections4-4.4-src/src/main/java/org/apache/commons/collections4/map/LazyMap.java
/Users/shivengarisa/Context4DocuGen/commons-collections4-4.4-src/src/main/java/org/apache/commons/collections4/map/CaseInsensitiveMap.java
/Users/shivengarisa/Context4DocuGen/commons-collections4-4.4-src/src/main/java/org/apache/commons/collections4/multimap/UnmodifiableMultiValuedMap.java
/Users/shivengarisa/Context4DocuGen/commons-collections4-4.4-src/src/main/java/org/apache/commons/collections4/sequence/package-info.java
/Users/shivengarisa/Context4DocuGen/commons-collections4-4.4-src/src/main/java/org/apache/commons/collections4/functors/InstantiateFactory.java
/Users/shivengarisa/Context4DocuGen/commons-collections4-4.4-src/src/main/java/org/apache/commons/collections4/functors/NullIsExceptionPredicate.java
/Users/shivengarisa/Context4DocuGen/commons-collections4-4.4-src/src/main/java/org/apache/commons/collections4/sequence/EditCommand.java
/Users/shivengarisa/Context4DocuGen/commons-collections4-4.4-src/src/main/java/org/apache/commons/collections4/BoundedMap.java
/Users/shivengarisa/Context4DocuGen/commons-collections4-4.4-src/src/main/java/org/apache/commons/collections4/set/CompositeSet.java
/Users/shivengarisa/Context4DocuGen/commons-collections4-4.4-src/src/main/java/org/apache/commons/collections4/functors/InstantiateTransformer.java
/Users/shivengarisa/Context4DocuGen/commons-collections4-4.4-src/src/main/java/org/apache/commons/collections4/splitmap/package-info.java
/Users/shivengarisa/Context4DocuGen/commons-collections4-4.4-src/src/main/java/org/apache/commons/collections4/iterators/NodeListIterator.java
/Users/shivengarisa/Context4DocuGen/commons-collections4-4.4-src/src/main/java/org/apache/commons/collections4/trie/analyzer/package-info.java
/Users/shivengarisa/Context4DocuGen/commons-collections4-4.4-src/src/main/java/org/apache/commons/collections4/iterators/ObjectArrayIterator.java
/Users/shivengarisa/Context4DocuGen/commons-collections4-4.4-src/src/main/java/org/apache/commons/collections4/bag/AbstractBagDecorator.java
/Users/shivengarisa/Context4DocuGen/commons-collections4-4.4-src/src/main/java/org/apache/commons/collections4/package-info.java
/Users/shivengarisa/Context4DocuGen/commons-collections4-4.4-src/src/main/java/org/apache/commons/collections4/multimap/AbstractMultiValuedMapDecorator.java
/Users/shivengarisa/Context4DocuGen/commons-collections4-4.4-src/src/main/java/org/apache/commons/collections4/bag/UnmodifiableBag.java
/Users/shivengarisa/Context4DocuGen/commons-collections4-4.4-src/src/main/java/org/apache/commons/collections4/iterators/BoundedIterator.java
/Users/shivengarisa/Context4DocuGen/commons-collections4-4.4-src/src/main/java/org/apache/commons/collections4/bag/PredicatedSortedBag.java
/Users/shivengarisa/Context4DocuGen/commons-collections4-4.4-src/src/main/java/org/apache/commons/collections4/MultiValuedMap.java
/Users/shivengarisa/Context4DocuGen/commons-collections4-4.4-src/src/main/java/org/apache/commons/collections4/bidimap/AbstractDualBidiMap.java
/Users/shivengarisa/Context4DocuGen/commons-collections4-4.4-src/src/main/java/org/apache/commons/collections4/functors/ChainedClosure.java
/Users/shivengarisa/Context4DocuGen/commons-collections4-4.4-src/src/main/java/org/apache/commons/collections4/bidimap/UnmodifiableOrderedBidiMap.java
/Users/shivengarisa/Context4DocuGen/commons-collections4-4.4-src/src/main/java/org/apache/commons/collections4/map/SingletonMap.java
/Users/shivengarisa/Context4DocuGen/commons-collections4-4.4-src/src/main/java/org/apache/commons/collections4/functors/ConstantTransformer.java
/Users/shivengarisa/Context4DocuGen/commons-collections4-4.4-src/src/main/java/org/apache/commons/collections4/functors/NotPredicate.java
/Users/shivengarisa/Context4DocuGen/commons-collections4-4.4-src/src/main/java/org/apache/commons/collections4/iterators/IteratorIterable.java
/Users/shivengarisa/Context4DocuGen/commons-collections4-4.4-src/src/main/java/org/apache/commons/collections4/functors/NonePredicate.java
/Users/shivengarisa/Context4DocuGen/commons-collections4-4.4-src/src/main/java/org/apache/commons/collections4/properties/SortedPropertiesFactory.java
/Users/shivengarisa/Context4DocuGen/commons-collections4-4.4-src/src/main/java/org/apache/commons/collections4/trie/analyzer/StringKeyAnalyzer.java
/Users/shivengarisa/Context4DocuGen/commons-collections4-4.4-src/src/main/java/org/apache/commons/collections4/sequence/KeepCommand.java
/Users/shivengarisa/Context4DocuGen/commons-collections4-4.4-src/src/main/java/org/apache/commons/collections4/collection/UnmodifiableCollection.java
/Users/shivengarisa/Context4DocuGen/commons-collections4-4.4-src/src/main/java/org/apache/commons/collections4/map/StaticBucketMap.java
/Users/shivengarisa/Context4DocuGen/commons-collections4-4.4-src/src/main/java/org/apache/commons/collections4/iterators/TransformIterator.java
/Users/shivengarisa/Context4DocuGen/commons-collections4-4.4-src/src/main/java/org/apache/commons/collections4/functors/AndPredicate.java
/Users/shivengarisa/Context4DocuGen/commons-collections4-4.4-src/src/main/java/org/apache/commons/collections4/KeyValue.java
/Users/shivengarisa/Context4DocuGen/commons-collections4-4.4-src/src/main/java/org/apache/commons/collections4/functors/OrPredicate.java
/Users/shivengarisa/Context4DocuGen/commons-collections4-4.4-src/src/main/java/org/apache/commons/collections4/set/AbstractSerializableSetDecorator.java
/Users/shivengarisa/Context4DocuGen/commons-collections4-4.4-src/src/main/java/org/apache/commons/collections4/properties/PropertiesFactory.java
/Users/shivengarisa/Context4DocuGen/commons-collections4-4.4-src/src/main/java/org/apache/commons/collections4/set/PredicatedNavigableSet.java
/Users/shivengarisa/Context4DocuGen/commons-collections4-4.4-src/src/main/java/org/apache/commons/collections4/bidimap/AbstractOrderedBidiMapDecorator.java
/Users/shivengarisa/Context4DocuGen/commons-collections4-4.4-src/src/main/java/org/apache/commons/collections4/functors/SwitchTransformer.java
/Users/shivengarisa/Context4DocuGen/commons-collections4-4.4-src/src/main/java/org/apache/commons/collections4/map/CompositeMap.java
/Users/shivengarisa/Context4DocuGen/commons-collections4-4.4-src/src/main/java/org/apache/commons/collections4/bag/UnmodifiableSortedBag.java
/Users/shivengarisa/Context4DocuGen/commons-collections4-4.4-src/src/main/java/org/apache/commons/collections4/iterators/UnmodifiableListIterator.java
/Users/shivengarisa/Context4DocuGen/commons-collections4-4.4-src/src/main/java/org/apache/commons/collections4/trie/KeyAnalyzer.java
/Users/shivengarisa/Context4DocuGen/commons-collections4-4.4-src/src/main/java/org/apache/commons/collections4/functors/NullPredicate.java
/Users/shivengarisa/Context4DocuGen/commons-collections4-4.4-src/src/main/java/org/apache/commons/collections4/multiset/HashMultiSet.java
/Users/shivengarisa/Context4DocuGen/commons-collections4-4.4-src/src/main/java/org/apache/commons/collections4/OrderedBidiMap.java
/Users/shivengarisa/Context4DocuGen/commons-collections4-4.4-src/src/main/java/org/apache/commons/collections4/queue/AbstractQueueDecorator.java
/Users/shivengarisa/Context4DocuGen/commons-collections4-4.4-src/src/main/java/org/apache/commons/collections4/iterators/AbstractEmptyIterator.java
/Users/shivengarisa/Context4DocuGen/commons-collections4-4.4-src/src/main/java/org/apache/commons/collections4/bag/CollectionSortedBag.java
/Users/shivengarisa/Context4DocuGen/commons-collections4-4.4-src/src/main/java/org/apache/commons/collections4/iterators/PushbackIterator.java
/Users/shivengarisa/Context4DocuGen/commons-collections4-4.4-src/src/main/java/org/apache/commons/collections4/ListValuedMap.java
/Users/shivengarisa/Context4DocuGen/commons-collections4-4.4-src/src/main/java/org/apache/commons/collections4/map/UnmodifiableOrderedMap.java
/Users/shivengarisa/Context4DocuGen/commons-collections4-4.4-src/src/main/java/org/apache/commons/collections4/TrieUtils.java
/Users/shivengarisa/Context4DocuGen/commons-collections4-4.4-src/src/main/java/org/apache/commons/collections4/iterators/AbstractListIteratorDecorator.java
/Users/shivengarisa/Context4DocuGen/commons-collections4-4.4-src/src/main/java/org/apache/commons/collections4/sequence/SequencesComparator.java
/Users/shivengarisa/Context4DocuGen/commons-collections4-4.4-src/src/main/java/org/apache/commons/collections4/trie/AbstractPatriciaTrie.java
/Users/shivengarisa/Context4DocuGen/commons-collections4-4.4-src/src/main/java/org/apache/commons/collections4/queue/TransformedQueue.java
/Users/shivengarisa/Context4DocuGen/commons-collections4-4.4-src/src/main/java/org/apache/commons/collections4/iterators/ObjectArrayListIterator.java
/Users/shivengarisa/Context4DocuGen/commons-collections4-4.4-src/src/main/java/org/apache/commons/collections4/functors/FactoryTransformer.java
/Users/shivengarisa/Context4DocuGen/commons-collections4-4.4-src/src/main/java/org/apache/commons/collections4/SetUtils.java
/Users/shivengarisa/Context4DocuGen/commons-collections4-4.4-src/src/main/java/org/apache/commons/collections4/map/ReferenceIdentityMap.java
/Users/shivengarisa/Context4DocuGen/commons-collections4-4.4-src/src/main/java/org/apache/commons/collections4/SetValuedMap.java
/Users/shivengarisa/Context4DocuGen/commons-collections4-4.4-src/src/main/java/org/apache/commons/collections4/set/package-info.java
/Users/shivengarisa/Context4DocuGen/commons-collections4-4.4-src/src/main/java/org/apache/commons/collections4/bidimap/TreeBidiMap.java
/Users/shivengarisa/Context4DocuGen/commons-collections4-4.4-src/src/main/java/org/apache/commons/collections4/list/SetUniqueList.java
/Users/shivengarisa/Context4DocuGen/commons-collections4-4.4-src/src/main/java/org/apache/commons/collections4/bidimap/DualHashBidiMap.java
/Users/shivengarisa/Context4DocuGen/commons-collections4-4.4-src/src/main/java/org/apache/commons/collections4/iterators/CollatingIterator.java
/Users/shivengarisa/Context4DocuGen/commons-collections4-4.4-src/src/main/java/org/apache/commons/collections4/bidimap/DualLinkedHashBidiMap.java
/Users/shivengarisa/Context4DocuGen/commons-collections4-4.4-src/src/main/java/org/apache/commons/collections4/Get.java
/Users/shivengarisa/Context4DocuGen/commons-collections4-4.4-src/src/main/java/org/apache/commons/collections4/ClosureUtils.java
/Users/shivengarisa/Context4DocuGen/commons-collections4-4.4-src/src/main/java/org/apache/commons/collections4/BidiMap.java
/Users/shivengarisa/Context4DocuGen/commons-collections4-4.4-src/src/main/java/org/apache/commons/collections4/functors/SwitchClosure.java
/Users/shivengarisa/Context4DocuGen/commons-collections4-4.4-src/src/main/java/org/apache/commons/collections4/MapUtils.java
/Users/shivengarisa/Context4DocuGen/commons-collections4-4.4-src/src/main/java/org/apache/commons/collections4/iterators/EnumerationIterator.java
/Users/shivengarisa/Context4DocuGen/commons-collections4-4.4-src/src/main/java/org/apache/commons/collections4/bag/AbstractMapBag.java
/Users/shivengarisa/Context4DocuGen/commons-collections4-4.4-src/src/main/java/org/apache/commons/collections4/iterators/UnmodifiableMapIterator.java
/Users/shivengarisa/Context4DocuGen/commons-collections4-4.4-src/src/main/java/org/apache/commons/collections4/MultiMapUtils.java
/Users/shivengarisa/Context4DocuGen/commons-collections4-4.4-src/src/main/java/org/apache/commons/collections4/list/GrowthList.java
/Users/shivengarisa/Context4DocuGen/commons-collections4-4.4-src/src/main/java/org/apache/commons/collections4/OrderedMapIterator.java
/Users/shivengarisa/Context4DocuGen/commons-collections4-4.4-src/src/main/java/org/apache/commons/collections4/multimap/HashSetValuedHashMap.java
/Users/shivengarisa/Context4DocuGen/commons-collections4-4.4-src/src/main/java/org/apache/commons/collections4/multimap/package-info.java
/Users/shivengarisa/Context4DocuGen/commons-collections4-4.4-src/src/main/java/org/apache/commons/collections4/comparators/FixedOrderComparator.java
/Users/shivengarisa/Context4DocuGen/commons-collections4-4.4-src/src/main/java/org/apache/commons/collections4/SplitMapUtils.java
/Users/shivengarisa/Context4DocuGen/commons-collections4-4.4-src/src/main/java/org/apache/commons/collections4/MultiSetUtils.java
/Users/shivengarisa/Context4DocuGen/commons-collections4-4.4-src/src/main/java/org/apache/commons/collections4/iterators/SingletonIterator.java
/Users/shivengarisa/Context4DocuGen/commons-collections4-4.4-src/src/main/java/org/apache/commons/collections4/map/TransformedSortedMap.java
/Users/shivengarisa/Context4DocuGen/commons-collections4-4.4-src/src/main/java/org/apache/commons/collections4/multiset/AbstractMapMultiSet.java
/Users/shivengarisa/Context4DocuGen/commons-collections4-4.4-src/src/main/java/org/apache/commons/collections4/functors/ChainedTransformer.java
/Users/shivengarisa/Context4DocuGen/commons-collections4-4.4-src/src/main/java/org/apache/commons/collections4/iterators/SingletonListIterator.java
/Users/shivengarisa/Context4DocuGen/commons-collections4-4.4-src/src/main/java/org/apache/commons/collections4/set/TransformedNavigableSet.java
/Users/shivengarisa/Context4DocuGen/commons-collections4-4.4-src/src/main/java/org/apache/commons/collections4/iterators/ReverseListIterator.java
/Users/shivengarisa/Context4DocuGen/commons-collections4-4.4-src/src/main/java/org/apache/commons/collections4/SortedBag.java
/Users/shivengarisa/Context4DocuGen/commons-collections4-4.4-src/src/main/java/org/apache/commons/collections4/comparators/BooleanComparator.java
/Users/shivengarisa/Context4DocuGen/commons-collections4-4.4-src/src/main/java/org/apache/commons/collections4/iterators/LazyIteratorChain.java
/Users/shivengarisa/Context4DocuGen/commons-collections4-4.4-src/src/main/java/org/apache/commons/collections4/bag/SynchronizedSortedBag.java
/Users/shivengarisa/Context4DocuGen/commons-collections4-4.4-src/src/main/java/org/apache/commons/collections4/bidimap/AbstractSortedBidiMapDecorator.java
/Users/shivengarisa/Context4DocuGen/commons-collections4-4.4-src/src/main/java/org/apache/commons/collections4/bag/TransformedBag.java
/Users/shivengarisa/Context4DocuGen/commons-collections4-4.4-src/src/main/java/org/apache/commons/collections4/set/UnmodifiableSortedSet.java
/Users/shivengarisa/Context4DocuGen/commons-collections4-4.4-src/src/main/java/org/apache/commons/collections4/collection/CompositeCollection.java
/Users/shivengarisa/Context4DocuGen/commons-collections4-4.4-src/src/main/java/org/apache/commons/collections4/Put.java
/Users/shivengarisa/Context4DocuGen/commons-collections4-4.4-src/src/main/java/org/apache/commons/collections4/multiset/SynchronizedMultiSet.java
/Users/shivengarisa/Context4DocuGen/commons-collections4-4.4-src/src/main/java/org/apache/commons/collections4/trie/package-info.java
/Users/shivengarisa/Context4DocuGen/commons-collections4-4.4-src/src/main/java/org/apache/commons/collections4/set/PredicatedSet.java
/Users/shivengarisa/Context4DocuGen/commons-collections4-4.4-src/src/main/java/org/apache/commons/collections4/list/FixedSizeList.java
/Users/shivengarisa/Context4DocuGen/commons-collections4-4.4-src/src/main/java/org/apache/commons/collections4/sequence/InsertCommand.java
/Users/shivengarisa/Context4DocuGen/commons-collections4-4.4-src/src/main/java/org/apache/commons/collections4/map/TransformedMap.java
/Users/shivengarisa/Context4DocuGen/commons-collections4-4.4-src/src/main/java/org/apache/commons/collections4/keyvalue/AbstractMapEntry.java
/Users/shivengarisa/Context4DocuGen/commons-collections4-4.4-src/src/main/java/org/apache/commons/collections4/ResettableIterator.java
/Users/shivengarisa/Context4DocuGen/commons-collections4-4.4-src/src/main/java/org/apache/commons/collections4/IterableUtils.java
/Users/shivengarisa/Context4DocuGen/commons-collections4-4.4-src/src/main/java/org/apache/commons/collections4/map/package-info.java
/Users/shivengarisa/Context4DocuGen/commons-collections4-4.4-src/src/main/java/org/apache/commons/collections4/trie/AbstractBitwiseTrie.java
/Users/shivengarisa/Context4DocuGen/commons-collections4-4.4-src/src/main/java/org/apache/commons/collections4/iterators/SkippingIterator.java
/Users/shivengarisa/Context4DocuGen/commons-collections4-4.4-src/src/main/java/org/apache/commons/collections4/Bag.java
/Users/shivengarisa/Context4DocuGen/commons-collections4-4.4-src/src/main/java/org/apache/commons/collections4/ArrayStack.java
/Users/shivengarisa/Context4DocuGen/commons-collections4-4.4-src/src/main/java/org/apache/commons/collections4/functors/WhileClosure.java
/Users/shivengarisa/Context4DocuGen/commons-collections4-4.4-src/src/main/java/org/apache/commons/collections4/map/EntrySetToMapIteratorAdapter.java
/Users/shivengarisa/Context4DocuGen/commons-collections4-4.4-src/src/main/java/org/apache/commons/collections4/multimap/AbstractListValuedMap.java
/Users/shivengarisa/Context4DocuGen/commons-collections4-4.4-src/src/main/java/org/apache/commons/collections4/functors/TransformedPredicate.java
/Users/shivengarisa/Context4DocuGen/commons-collections4-4.4-src/src/main/java/org/apache/commons/collections4/iterators/ObjectGraphIterator.java
/Users/shivengarisa/Context4DocuGen/commons-collections4-4.4-src/src/main/java/org/apache/commons/collections4/FluentIterable.java
/Users/shivengarisa/Context4DocuGen/commons-collections4-4.4-src/src/main/java/org/apache/commons/collections4/iterators/package-info.java
/Users/shivengarisa/Context4DocuGen/commons-collections4-4.4-src/src/main/java/org/apache/commons/collections4/functors/NullIsTruePredicate.java
/Users/shivengarisa/Context4DocuGen/commons-collections4-4.4-src/src/main/java/org/apache/commons/collections4/functors/NullIsFalsePredicate.java
/Users/shivengarisa/Context4DocuGen/commons-collections4-4.4-src/src/main/java/org/apache/commons/collections4/bag/PredicatedBag.java
/Users/shivengarisa/Context4DocuGen/commons-collections4-4.4-src/src/main/java/org/apache/commons/collections4/splitmap/AbstractIterableGetMapDecorator.java
/Users/shivengarisa/Context4DocuGen/commons-collections4-4.4-src/src/main/java/org/apache/commons/collections4/FunctorException.java
/Users/shivengarisa/Context4DocuGen/commons-collections4-4.4-src/src/main/java/org/apache/commons/collections4/map/UnmodifiableEntrySet.java
/Users/shivengarisa/Context4DocuGen/commons-collections4-4.4-src/src/main/java/org/apache/commons/collections4/Trie.java
/Users/shivengarisa/Context4DocuGen/commons-collections4-4.4-src/src/main/java/org/apache/commons/collections4/functors/package-info.java
/Users/shivengarisa/Context4DocuGen/commons-collections4-4.4-src/src/main/java/org/apache/commons/collections4/map/AbstractOrderedMapDecorator.java
/Users/shivengarisa/Context4DocuGen/commons-collections4-4.4-src/src/main/java/org/apache/commons/collections4/map/AbstractIterableMap.java
/Users/shivengarisa/Context4DocuGen/commons-collections4-4.4-src/src/main/java/org/apache/commons/collections4/iterators/EntrySetMapIterator.java
/Users/shivengarisa/Context4DocuGen/commons-collections4-4.4-src/src/main/java/org/apache/commons/collections4/comparators/ComparableComparator.java
/Users/shivengarisa/Context4DocuGen/commons-collections4-4.4-src/src/main/java/org/apache/commons/collections4/PredicateUtils.java
/Users/shivengarisa/Context4DocuGen/commons-collections4-4.4-src/src/main/java/org/apache/commons/collections4/iterators/UnmodifiableIterator.java
/Users/shivengarisa/Context4DocuGen/commons-collections4-4.4-src/src/main/java/org/apache/commons/collections4/functors/PredicateDecorator.java
/Users/shivengarisa/Context4DocuGen/commons-collections4-4.4-src/src/main/java/org/apache/commons/collections4/sequence/DeleteCommand.java
/Users/shivengarisa/Context4DocuGen/commons-collections4-4.4-src/src/main/java/org/apache/commons/collections4/functors/NotNullPredicate.java
/Users/shivengarisa/Context4DocuGen/commons-collections4-4.4-src/src/main/java/org/apache/commons/collections4/map/PredicatedMap.java
/Users/shivengarisa/Context4DocuGen/commons-collections4-4.4-src/src/main/java/org/apache/commons/collections4/functors/ForClosure.java
/Users/shivengarisa/Context4DocuGen/commons-collections4-4.4-src/src/main/java/org/apache/commons/collections4/map/LazySortedMap.java
/Users/shivengarisa/Context4DocuGen/commons-collections4-4.4-src/src/main/java/org/apache/commons/collections4/queue/CircularFifoQueue.java
/Users/shivengarisa/Context4DocuGen/commons-collections4-4.4-src/src/main/java/org/apache/commons/collections4/trie/PatriciaTrie.java
/Users/shivengarisa/Context4DocuGen/commons-collections4-4.4-src/src/main/java/org/apache/commons/collections4/MultiMap.java
/Users/shivengarisa/Context4DocuGen/commons-collections4-4.4-src/src/main/java/org/apache/commons/collections4/list/AbstractListDecorator.java
/Users/shivengarisa/Context4DocuGen/commons-collections4-4.4-src/src/main/java/org/apache/commons/collections4/bag/TreeBag.java
/Users/shivengarisa/Context4DocuGen/commons-collections4-4.4-src/src/main/java/org/apache/commons/collections4/trie/UnmodifiableTrie.java
/Users/shivengarisa/Context4DocuGen/commons-collections4-4.4-src/src/main/java/org/apache/commons/collections4/set/ListOrderedSet.java
/Users/shivengarisa/Context4DocuGen/commons-collections4-4.4-src/src/main/java/org/apache/commons/collections4/list/TransformedList.java
/Users/shivengarisa/Context4DocuGen/commons-collections4-4.4-src/src/main/java/org/apache/commons/collections4/list/CursorableLinkedList.java
/Users/shivengarisa/Context4DocuGen/commons-collections4-4.4-src/src/main/java/org/apache/commons/collections4/QueueUtils.java
/Users/shivengarisa/Context4DocuGen/commons-collections4-4.4-src/src/main/java/org/apache/commons/collections4/Predicate.java
/Users/shivengarisa/Context4DocuGen/commons-collections4-4.4-src/src/main/java/org/apache/commons/collections4/list/TreeList.java
/Users/shivengarisa/Context4DocuGen/commons-collections4-4.4-src/src/main/java/org/apache/commons/collections4/collection/package-info.java
/Users/shivengarisa/Context4DocuGen/commons-collections4-4.4-src/src/main/java/org/apache/commons/collections4/functors/FunctorUtils.java
/Users/shivengarisa/Context4DocuGen/commons-collections4-4.4-src/src/main/java/org/apache/commons/collections4/functors/ClosureTransformer.java
/Users/shivengarisa/Context4DocuGen/commons-collections4-4.4-src/src/main/java/org/apache/commons/collections4/multiset/AbstractMultiSetDecorator.java
/Users/shivengarisa/Context4DocuGen/commons-collections4-4.4-src/src/main/java/org/apache/commons/collections4/sequence/ReplacementsHandler.java
/Users/shivengarisa/Context4DocuGen/commons-collections4-4.4-src/src/main/java/org/apache/commons/collections4/properties/SortedProperties.java
/Users/shivengarisa/Context4DocuGen/commons-collections4-4.4-src/src/main/java/org/apache/commons/collections4/bag/SynchronizedBag.java
/Users/shivengarisa/Context4DocuGen/commons-collections4-4.4-src/src/main/java/org/apache/commons/collections4/iterators/PeekingIterator.java
/Users/shivengarisa/Context4DocuGen/commons-collections4-4.4-src/src/main/java/org/apache/commons/collections4/properties/package-info.java
/Users/shivengarisa/Context4DocuGen/commons-collections4-4.4-src/src/main/java/org/apache/commons/collections4/ResettableListIterator.java
/Users/shivengarisa/Context4DocuGen/commons-collections4-4.4-src/src/main/java/org/apache/commons/collections4/keyvalue/MultiKey.java
/Users/shivengarisa/Context4DocuGen/commons-collections4-4.4-src/src/main/java/org/apache/commons/collections4/map/AbstractLinkedMap.java
/Users/shivengarisa/Context4DocuGen/commons-collections4-4.4-src/src/main/java/org/apache/commons/collections4/iterators/EmptyIterator.java
/Users/shivengarisa/Context4DocuGen/commons-collections4-4.4-src/src/main/java/org/apache/commons/collections4/functors/TransformerClosure.java
/Users/shivengarisa/Context4DocuGen/commons-collections4-4.4-src/src/main/java/org/apache/commons/collections4/iterators/UniqueFilterIterator.java
/Users/shivengarisa/Context4DocuGen/commons-collections4-4.4-src/src/main/java/org/apache/commons/collections4/multiset/package-info.java
/Users/shivengarisa/Context4DocuGen/commons-collections4-4.4-src/src/main/java/org/apache/commons/collections4/bidimap/package-info.java
/Users/shivengarisa/Context4DocuGen/commons-collections4-4.4-src/src/main/java/org/apache/commons/collections4/bidimap/UnmodifiableSortedBidiMap.java
/Users/shivengarisa/Context4DocuGen/commons-collections4-4.4-src/src/main/java/org/apache/commons/collections4/map/ListOrderedMap.java
/Users/shivengarisa/Context4DocuGen/commons-collections4-4.4-src/src/main/java/org/apache/commons/collections4/collection/AbstractCollectionDecorator.java
/Users/shivengarisa/Context4DocuGen/commons-collections4-4.4-src/src/main/java/org/apache/commons/collections4/functors/OnePredicate.java
/Users/shivengarisa/Context4DocuGen/commons-collections4-4.4-src/src/main/java/org/apache/commons/collections4/multimap/ArrayListValuedHashMap.java
/Users/shivengarisa/Context4DocuGen/commons-collections4-4.4-src/src/main/java/org/apache/commons/collections4/functors/DefaultEquator.java
/Users/shivengarisa/Context4DocuGen/commons-collections4-4.4-src/src/main/java/org/apache/commons/collections4/OrderedMap.java
/Users/shivengarisa/Context4DocuGen/commons-collections4-4.4-src/src/main/java/org/apache/commons/collections4/functors/UniquePredicate.java
/Users/shivengarisa/Context4DocuGen/commons-collections4-4.4-src/src/main/java/org/apache/commons/collections4/map/AbstractHashedMap.java
/Users/shivengarisa/Context4DocuGen/commons-collections4-4.4-src/src/main/java/org/apache/commons/collections4/keyvalue/TiedMapEntry.java
/Users/shivengarisa/Context4DocuGen/commons-collections4-4.4-src/src/main/java/org/apache/commons/collections4/IterableSortedMap.java
/Users/shivengarisa/Context4DocuGen/commons-collections4-4.4-src/src/main/java/org/apache/commons/collections4/functors/ComparatorPredicate.java
/Users/shivengarisa/Context4DocuGen/commons-collections4-4.4-src/src/main/java/org/apache/commons/collections4/Unmodifiable.java
/Users/shivengarisa/Context4DocuGen/commons-collections4-4.4-src/src/main/java/org/apache/commons/collections4/collection/TransformedCollection.java
/Users/shivengarisa/Context4DocuGen/commons-collections4-4.4-src/src/main/java/org/apache/commons/collections4/queue/UnmodifiableQueue.java
/Users/shivengarisa/Context4DocuGen/commons-collections4-4.4-src/src/main/java/org/apache/commons/collections4/iterators/AbstractEmptyMapIterator.java
/Users/shivengarisa/Context4DocuGen/commons-collections4-4.4-src/src/main/java/org/apache/commons/collections4/map/Flat3Map.java
/Users/shivengarisa/Context4DocuGen/commons-collections4-4.4-src/src/main/java/org/apache/commons/collections4/keyvalue/AbstractMapEntryDecorator.java
/Users/shivengarisa/Context4DocuGen/commons-collections4-4.4-src/src/main/java/org/apache/commons/collections4/sequence/ReplacementsFinder.java
/Users/shivengarisa/Context4DocuGen/commons-collections4-4.4-src/src/main/java/org/apache/commons/collections4/IterableMap.java
/Users/shivengarisa/Context4DocuGen/commons-collections4-4.4-src/src/main/java/org/apache/commons/collections4/map/ReferenceMap.java
/Users/shivengarisa/Context4DocuGen/commons-collections4-4.4-src/src/main/java/org/apache/commons/collections4/map/FixedSizeMap.java
/Users/shivengarisa/Context4DocuGen/commons-collections4-4.4-src/src/main/java/org/apache/commons/collections4/EnumerationUtils.java
/Users/shivengarisa/Context4DocuGen/commons-collections4-4.4-src/src/main/java/org/apache/commons/collections4/iterators/LoopingIterator.java
/Users/shivengarisa/Context4DocuGen/commons-collections4-4.4-src/src/main/java/org/apache/commons/collections4/Closure.java
/Users/shivengarisa/Context4DocuGen/commons-collections4-4.4-src/src/main/java/org/apache/commons/collections4/map/DefaultedMap.java
/Users/shivengarisa/Context4DocuGen/commons-collections4-4.4-src/src/main/java/org/apache/commons/collections4/queue/package-info.java
/Users/shivengarisa/Context4DocuGen/commons-collections4-4.4-src/src/main/java/org/apache/commons/collections4/iterators/FilterIterator.java
/Users/shivengarisa/Context4DocuGen/commons-collections4-4.4-src/src/main/java/org/apache/commons/collections4/functors/FalsePredicate.java
/Users/shivengarisa/Context4DocuGen/commons-collections4-4.4-src/src/main/java/org/apache/commons/collections4/iterators/FilterListIterator.java
/Users/shivengarisa/Context4DocuGen/commons-collections4-4.4-src/src/main/java/org/apache/commons/collections4/iterators/IteratorChain.java
/Users/shivengarisa/Context4DocuGen/commons-collections4-4.4-src/src/main/java/org/apache/commons/collections4/CollectionUtils.java
/Users/shivengarisa/Context4DocuGen/commons-collections4-4.4-src/src/main/java/org/apache/commons/collections4/functors/IdentityPredicate.java
/Users/shivengarisa/Context4DocuGen/commons-collections4-4.4-src/src/main/java/org/apache/commons/collections4/iterators/EmptyListIterator.java
/Users/shivengarisa/Context4DocuGen/commons-collections4-4.4-src/src/main/java/org/apache/commons/collections4/functors/PrototypeFactory.java
/Users/shivengarisa/Context4DocuGen/commons-collections4-4.4-src/src/main/java/org/apache/commons/collections4/functors/AbstractQuantifierPredicate.java
/Users/shivengarisa/Context4DocuGen/commons-collections4-4.4-src/src/main/java/org/apache/commons/collections4/iterators/ArrayListIterator.java
/Users/shivengarisa/Context4DocuGen/commons-collections4-4.4-src/src/main/java/org/apache/commons/collections4/functors/TransformerPredicate.java
/Users/shivengarisa/Context4DocuGen/commons-collections4-4.4-src/src/main/java/org/apache/commons/collections4/set/TransformedSet.java
/Users/shivengarisa/Context4DocuGen/commons-collections4-4.4-src/src/main/java/org/apache/commons/collections4/iterators/LoopingListIterator.java
/Users/shivengarisa/Context4DocuGen/commons-collections4-4.4-src/src/main/java/org/apache/commons/collections4/functors/EqualPredicate.java
/Users/shivengarisa/Context4DocuGen/commons-collections4-4.4-src/src/main/java/org/apache/commons/collections4/iterators/PermutationIterator.java
/Users/shivengarisa/Context4DocuGen/commons-collections4-4.4-src/src/main/java/org/apache/commons/collections4/collection/IndexedCollection.java
/Users/shivengarisa/Context4DocuGen/commons-collections4-4.4-src/src/main/java/org/apache/commons/collections4/list/AbstractSerializableListDecorator.java
/Users/shivengarisa/Context4DocuGen/commons-collections4-4.4-src/src/main/java/org/apache/commons/collections4/IteratorUtils.java
/Users/shivengarisa/Context4DocuGen/commons-collections4-4.4-src/src/main/java/org/apache/commons/collections4/ComparatorUtils.java
/Users/shivengarisa/Context4DocuGen/commons-collections4-4.4-src/src/main/java/org/apache/commons/collections4/list/LazyList.java
/Users/shivengarisa/Context4DocuGen/commons-collections4-4.4-src/src/main/java/org/apache/commons/collections4/SortedBidiMap.java
/Users/shivengarisa/Context4DocuGen/commons-collections4-4.4-src/src/main/java/org/apache/commons/collections4/functors/ExceptionClosure.java
/Users/shivengarisa/Context4DocuGen/commons-collections4-4.4-src/src/main/java/org/apache/commons/collections4/functors/PredicateTransformer.java
/Users/shivengarisa/Context4DocuGen/commons-collections4-4.4-src/src/main/java/org/apache/commons/collections4/Equator.java
/Users/shivengarisa/Context4DocuGen/commons-collections4-4.4-src/src/main/java/org/apache/commons/collections4/bag/TransformedSortedBag.java
/Users/shivengarisa/Context4DocuGen/commons-collections4-4.4-src/src/main/java/org/apache/commons/collections4/map/UnmodifiableSortedMap.java
/Users/shivengarisa/Context4DocuGen/commons-collections4-4.4-src/src/main/java/org/apache/commons/collections4/iterators/UnmodifiableOrderedMapIterator.java
/Users/shivengarisa/Context4DocuGen/commons-collections4-4.4-src/src/main/java/org/apache/commons/collections4/FactoryUtils.java
/Users/shivengarisa/Context4DocuGen/commons-collections4-4.4-src/src/main/java/org/apache/commons/collections4/set/AbstractNavigableSetDecorator.java
/Users/shivengarisa/Context4DocuGen/commons-collections4-4.4-src/src/main/java/org/apache/commons/collections4/comparators/TransformingComparator.java
/Users/shivengarisa/Context4DocuGen/commons-collections4-4.4-src/src/main/java/org/apache/commons/collections4/comparators/ComparatorChain.java
/Users/shivengarisa/Context4DocuGen/commons-collections4-4.4-src/src/main/java/org/apache/commons/collections4/map/LRUMap.java
/Users/shivengarisa/Context4DocuGen/commons-collections4-4.4-src/src/main/java/org/apache/commons/collections4/multiset/PredicatedMultiSet.java
/Users/shivengarisa/Context4DocuGen/commons-collections4-4.4-src/src/main/java/org/apache/commons/collections4/list/UnmodifiableList.java
/Users/shivengarisa/Context4DocuGen/commons-collections4-4.4-src/src/main/java/org/apache/commons/collections4/set/TransformedSortedSet.java
/Users/shivengarisa/Context4DocuGen/commons-collections4-4.4-src/src/main/java/org/apache/commons/collections4/MultiSet.java
/Users/shivengarisa/Context4DocuGen/commons-collections4-4.4-src/src/main/java/org/apache/commons/collections4/bag/package-info.java
/Users/shivengarisa/Context4DocuGen/commons-collections4-4.4-src/src/main/java/org/apache/commons/collections4/properties/AbstractPropertiesFactory.java
/Users/shivengarisa/Context4DocuGen/commons-collections4-4.4-src/src/main/java/org/apache/commons/collections4/iterators/EmptyOrderedMapIterator.java
/Users/shivengarisa/Context4DocuGen/commons-collections4-4.4-src/src/main/java/org/apache/commons/collections4/functors/ExceptionTransformer.java
/Users/shivengarisa/Context4DocuGen/commons-collections4-4.4-src/src/main/java/org/apache/commons/collections4/keyvalue/AbstractKeyValue.java
/Users/shivengarisa/Context4DocuGen/commons-collections4-4.4-src/src/main/java/org/apache/commons/collections4/comparators/ReverseComparator.java
/Users/shivengarisa/Context4DocuGen/commons-collections4-4.4-src/src/main/java/org/apache/commons/collections4/keyvalue/DefaultMapEntry.java
/Users/shivengarisa/Context4DocuGen/commons-collections4-4.4-src/src/main/java/org/apache/commons/collections4/iterators/AbstractUntypedIteratorDecorator.java
/Users/shivengarisa/Context4DocuGen/commons-collections4-4.4-src/src/main/java/org/apache/commons/collections4/map/FixedSizeSortedMap.java
