/Users/shivengarisa/Context4DocuGen/commons-geometry-1.0-src/commons-geometry-euclidean/src/main/java/org/apache/commons/geometry/euclidean/internal/package-info.java
/Users/shivengarisa/Context4DocuGen/commons-geometry-1.0-src/commons-geometry-euclidean/src/main/java/org/apache/commons/geometry/euclidean/twod/LineConvexSubset.java
/Users/shivengarisa/Context4DocuGen/commons-geometry-1.0-src/commons-geometry-euclidean/src/main/java/org/apache/commons/geometry/euclidean/twod/rotation/package-info.java
/Users/shivengarisa/Context4DocuGen/commons-geometry-1.0-src/commons-geometry-euclidean/src/main/java/org/apache/commons/geometry/euclidean/threed/EmbeddingPlane.java
/Users/shivengarisa/Context4DocuGen/commons-geometry-1.0-src/commons-geometry-euclidean/src/main/java/org/apache/commons/geometry/euclidean/threed/line/EmbeddedTreeLineSubset3D.java
/Users/shivengarisa/Context4DocuGen/commons-geometry-1.0-src/commons-geometry-euclidean/src/main/java/org/apache/commons/geometry/euclidean/package-info.java
/Users/shivengarisa/Context4DocuGen/commons-geometry-1.0-src/commons-geometry-euclidean/src/main/java/org/apache/commons/geometry/euclidean/threed/rotation/QuaternionRotation.java
/Users/shivengarisa/Context4DocuGen/commons-geometry-1.0-src/commons-geometry-euclidean/src/main/java/org/apache/commons/geometry/euclidean/threed/line/LineSpanningSubset3D.java
/Users/shivengarisa/Context4DocuGen/commons-geometry-1.0-src/commons-geometry-euclidean/src/main/java/org/apache/commons/geometry/euclidean/oned/Vector1D.java
/Users/shivengarisa/Context4DocuGen/commons-geometry-1.0-src/commons-geometry-euclidean/src/main/java/org/apache/commons/geometry/euclidean/threed/line/package-info.java
/Users/shivengarisa/Context4DocuGen/commons-geometry-1.0-src/commons-geometry-euclidean/src/main/java/org/apache/commons/geometry/euclidean/MultiDimensionalEuclideanVector.java
/Users/shivengarisa/Context4DocuGen/commons-geometry-1.0-src/commons-geometry-euclidean/src/main/java/org/apache/commons/geometry/euclidean/threed/line/Linecastable3D.java
/Users/shivengarisa/Context4DocuGen/commons-geometry-1.0-src/commons-geometry-euclidean/src/main/java/org/apache/commons/geometry/euclidean/threed/AffineTransformMatrix3D.java
/Users/shivengarisa/Context4DocuGen/commons-geometry-1.0-src/commons-geometry-euclidean/src/main/java/org/apache/commons/geometry/euclidean/threed/PlaneSubset.java
/Users/shivengarisa/Context4DocuGen/commons-geometry-1.0-src/commons-geometry-euclidean/src/main/java/org/apache/commons/geometry/euclidean/internal/AbstractPathConnector.java
/Users/shivengarisa/Context4DocuGen/commons-geometry-1.0-src/commons-geometry-euclidean/src/main/java/org/apache/commons/geometry/euclidean/twod/ConvexArea.java
/Users/shivengarisa/Context4DocuGen/commons-geometry-1.0-src/commons-geometry-euclidean/src/main/java/org/apache/commons/geometry/euclidean/twod/BoundaryList2D.java
/Users/shivengarisa/Context4DocuGen/commons-geometry-1.0-src/commons-geometry-euclidean/src/main/java/org/apache/commons/geometry/euclidean/twod/path/InteriorAngleLinePathConnector.java
/Users/shivengarisa/Context4DocuGen/commons-geometry-1.0-src/commons-geometry-euclidean/src/main/java/org/apache/commons/geometry/euclidean/threed/rotation/AxisSequence.java
/Users/shivengarisa/Context4DocuGen/commons-geometry-1.0-src/commons-geometry-euclidean/src/main/java/org/apache/commons/geometry/euclidean/threed/shape/package-info.java
/Users/shivengarisa/Context4DocuGen/commons-geometry-1.0-src/commons-geometry-euclidean/src/main/java/org/apache/commons/geometry/euclidean/threed/AbstractEmbeddedRegionPlaneSubset.java
/Users/shivengarisa/Context4DocuGen/commons-geometry-1.0-src/commons-geometry-euclidean/src/main/java/org/apache/commons/geometry/euclidean/threed/BoundarySourceBoundsBuilder3D.java
/Users/shivengarisa/Context4DocuGen/commons-geometry-1.0-src/commons-geometry-euclidean/src/main/java/org/apache/commons/geometry/euclidean/twod/Linecastable2D.java
/Users/shivengarisa/Context4DocuGen/commons-geometry-1.0-src/commons-geometry-euclidean/src/main/java/org/apache/commons/geometry/euclidean/EuclideanVectorSum.java
/Users/shivengarisa/Context4DocuGen/commons-geometry-1.0-src/commons-geometry-euclidean/src/main/java/org/apache/commons/geometry/euclidean/oned/Interval.java
/Users/shivengarisa/Context4DocuGen/commons-geometry-1.0-src/commons-geometry-euclidean/src/main/java/org/apache/commons/geometry/euclidean/twod/BoundarySourceLinecaster2D.java
/Users/shivengarisa/Context4DocuGen/commons-geometry-1.0-src/commons-geometry-euclidean/src/main/java/org/apache/commons/geometry/euclidean/oned/OrientedPoints.java
/Users/shivengarisa/Context4DocuGen/commons-geometry-1.0-src/commons-geometry-euclidean/src/main/java/org/apache/commons/geometry/euclidean/twod/LineSpanningSubset.java
/Users/shivengarisa/Context4DocuGen/commons-geometry-1.0-src/commons-geometry-euclidean/src/main/java/org/apache/commons/geometry/euclidean/threed/PlaneConvexSubset.java
/Users/shivengarisa/Context4DocuGen/commons-geometry-1.0-src/commons-geometry-euclidean/src/main/java/org/apache/commons/geometry/euclidean/threed/package-info.java
/Users/shivengarisa/Context4DocuGen/commons-geometry-1.0-src/commons-geometry-euclidean/src/main/java/org/apache/commons/geometry/euclidean/oned/RegionBSPTree1D.java
/Users/shivengarisa/Context4DocuGen/commons-geometry-1.0-src/commons-geometry-euclidean/src/main/java/org/apache/commons/geometry/euclidean/internal/Matrices.java
/Users/shivengarisa/Context4DocuGen/commons-geometry-1.0-src/commons-geometry-euclidean/src/main/java/org/apache/commons/geometry/euclidean/twod/ReverseRay.java
/Users/shivengarisa/Context4DocuGen/commons-geometry-1.0-src/commons-geometry-euclidean/src/main/java/org/apache/commons/geometry/euclidean/AbstractNSphere.java
/Users/shivengarisa/Context4DocuGen/commons-geometry-1.0-src/commons-geometry-euclidean/src/main/java/org/apache/commons/geometry/euclidean/threed/shape/Sphere.java
/Users/shivengarisa/Context4DocuGen/commons-geometry-1.0-src/commons-geometry-euclidean/src/main/java/org/apache/commons/geometry/euclidean/AbstractBounds.java
/Users/shivengarisa/Context4DocuGen/commons-geometry-1.0-src/commons-geometry-euclidean/src/main/java/org/apache/commons/geometry/euclidean/threed/ConvexVolume.java
/Users/shivengarisa/Context4DocuGen/commons-geometry-1.0-src/commons-geometry-euclidean/src/main/java/org/apache/commons/geometry/euclidean/threed/EmbeddedTreePlaneSubset.java
/Users/shivengarisa/Context4DocuGen/commons-geometry-1.0-src/commons-geometry-euclidean/src/main/java/org/apache/commons/geometry/euclidean/threed/BoundarySourceLinecaster3D.java
/Users/shivengarisa/Context4DocuGen/commons-geometry-1.0-src/commons-geometry-euclidean/src/main/java/org/apache/commons/geometry/euclidean/threed/EmbeddedAreaPlaneConvexSubset.java
/Users/shivengarisa/Context4DocuGen/commons-geometry-1.0-src/commons-geometry-euclidean/src/main/java/org/apache/commons/geometry/euclidean/internal/EuclideanUtils.java
/Users/shivengarisa/Context4DocuGen/commons-geometry-1.0-src/commons-geometry-euclidean/src/main/java/org/apache/commons/geometry/euclidean/threed/Plane.java
/Users/shivengarisa/Context4DocuGen/commons-geometry-1.0-src/commons-geometry-euclidean/src/main/java/org/apache/commons/geometry/euclidean/oned/AffineTransformMatrix1D.java
/Users/shivengarisa/Context4DocuGen/commons-geometry-1.0-src/commons-geometry-euclidean/src/main/java/org/apache/commons/geometry/euclidean/threed/shape/Parallelepiped.java
/Users/shivengarisa/Context4DocuGen/commons-geometry-1.0-src/commons-geometry-euclidean/src/main/java/org/apache/commons/geometry/euclidean/threed/Bounds3D.java
/Users/shivengarisa/Context4DocuGen/commons-geometry-1.0-src/commons-geometry-euclidean/src/main/java/org/apache/commons/geometry/euclidean/threed/line/Ray3D.java
/Users/shivengarisa/Context4DocuGen/commons-geometry-1.0-src/commons-geometry-euclidean/src/main/java/org/apache/commons/geometry/euclidean/twod/BoundarySource2D.java
/Users/shivengarisa/Context4DocuGen/commons-geometry-1.0-src/commons-geometry-euclidean/src/main/java/org/apache/commons/geometry/euclidean/threed/ConvexPolygon3D.java
/Users/shivengarisa/Context4DocuGen/commons-geometry-1.0-src/commons-geometry-euclidean/src/main/java/org/apache/commons/geometry/euclidean/twod/shape/package-info.java
/Users/shivengarisa/Context4DocuGen/commons-geometry-1.0-src/commons-geometry-euclidean/src/main/java/org/apache/commons/geometry/euclidean/threed/SimpleTriangle3D.java
/Users/shivengarisa/Context4DocuGen/commons-geometry-1.0-src/commons-geometry-euclidean/src/main/java/org/apache/commons/geometry/euclidean/threed/line/ReverseRay3D.java
/Users/shivengarisa/Context4DocuGen/commons-geometry-1.0-src/commons-geometry-euclidean/src/main/java/org/apache/commons/geometry/euclidean/oned/package-info.java
/Users/shivengarisa/Context4DocuGen/commons-geometry-1.0-src/commons-geometry-euclidean/src/main/java/org/apache/commons/geometry/euclidean/threed/line/Lines3D.java
/Users/shivengarisa/Context4DocuGen/commons-geometry-1.0-src/commons-geometry-euclidean/src/main/java/org/apache/commons/geometry/euclidean/internal/Vectors.java
/Users/shivengarisa/Context4DocuGen/commons-geometry-1.0-src/commons-geometry-euclidean/src/main/java/org/apache/commons/geometry/euclidean/threed/BoundaryList3D.java
/Users/shivengarisa/Context4DocuGen/commons-geometry-1.0-src/commons-geometry-euclidean/src/main/java/org/apache/commons/geometry/euclidean/threed/mesh/package-info.java
/Users/shivengarisa/Context4DocuGen/commons-geometry-1.0-src/commons-geometry-euclidean/src/main/java/org/apache/commons/geometry/euclidean/twod/RegionBSPTree2D.java
/Users/shivengarisa/Context4DocuGen/commons-geometry-1.0-src/commons-geometry-euclidean/src/main/java/org/apache/commons/geometry/euclidean/threed/AbstractPlaneSubset.java
/Users/shivengarisa/Context4DocuGen/commons-geometry-1.0-src/commons-geometry-euclidean/src/main/java/org/apache/commons/geometry/euclidean/threed/mesh/SimpleTriangleMesh.java
/Users/shivengarisa/Context4DocuGen/commons-geometry-1.0-src/commons-geometry-euclidean/src/main/java/org/apache/commons/geometry/euclidean/threed/rotation/AxisReferenceFrame.java
/Users/shivengarisa/Context4DocuGen/commons-geometry-1.0-src/commons-geometry-euclidean/src/main/java/org/apache/commons/geometry/euclidean/twod/Bounds2D.java
/Users/shivengarisa/Context4DocuGen/commons-geometry-1.0-src/commons-geometry-euclidean/src/main/java/org/apache/commons/geometry/euclidean/twod/package-info.java
/Users/shivengarisa/Context4DocuGen/commons-geometry-1.0-src/commons-geometry-euclidean/src/main/java/org/apache/commons/geometry/euclidean/threed/SphericalCoordinates.java
/Users/shivengarisa/Context4DocuGen/commons-geometry-1.0-src/commons-geometry-euclidean/src/main/java/org/apache/commons/geometry/euclidean/threed/BoundarySource3D.java
/Users/shivengarisa/Context4DocuGen/commons-geometry-1.0-src/commons-geometry-euclidean/src/main/java/org/apache/commons/geometry/euclidean/twod/PolarCoordinates.java
/Users/shivengarisa/Context4DocuGen/commons-geometry-1.0-src/commons-geometry-euclidean/src/main/java/org/apache/commons/geometry/euclidean/threed/line/LineConvexSubset3D.java
/Users/shivengarisa/Context4DocuGen/commons-geometry-1.0-src/commons-geometry-euclidean/src/main/java/org/apache/commons/geometry/euclidean/twod/LineSubset.java
/Users/shivengarisa/Context4DocuGen/commons-geometry-1.0-src/commons-geometry-euclidean/src/main/java/org/apache/commons/geometry/euclidean/twod/Ray.java
/Users/shivengarisa/Context4DocuGen/commons-geometry-1.0-src/commons-geometry-euclidean/src/main/java/org/apache/commons/geometry/euclidean/EuclideanVector.java
/Users/shivengarisa/Context4DocuGen/commons-geometry-1.0-src/commons-geometry-euclidean/src/main/java/org/apache/commons/geometry/euclidean/twod/Lines.java
/Users/shivengarisa/Context4DocuGen/commons-geometry-1.0-src/commons-geometry-euclidean/src/main/java/org/apache/commons/geometry/euclidean/twod/path/LinePath.java
/Users/shivengarisa/Context4DocuGen/commons-geometry-1.0-src/commons-geometry-euclidean/src/main/java/org/apache/commons/geometry/euclidean/twod/EmbeddedTreeLineSubset.java
/Users/shivengarisa/Context4DocuGen/commons-geometry-1.0-src/commons-geometry-euclidean/src/main/java/org/apache/commons/geometry/euclidean/threed/mesh/TriangleMesh.java
/Users/shivengarisa/Context4DocuGen/commons-geometry-1.0-src/commons-geometry-euclidean/src/main/java/org/apache/commons/geometry/euclidean/twod/shape/Parallelogram.java
/Users/shivengarisa/Context4DocuGen/commons-geometry-1.0-src/commons-geometry-euclidean/src/main/java/org/apache/commons/geometry/euclidean/threed/line/Line3D.java
/Users/shivengarisa/Context4DocuGen/commons-geometry-1.0-src/commons-geometry-euclidean/src/main/java/org/apache/commons/geometry/euclidean/twod/shape/Circle.java
/Users/shivengarisa/Context4DocuGen/commons-geometry-1.0-src/commons-geometry-euclidean/src/main/java/org/apache/commons/geometry/euclidean/oned/OrientedPoint.java
/Users/shivengarisa/Context4DocuGen/commons-geometry-1.0-src/commons-geometry-euclidean/src/main/java/org/apache/commons/geometry/euclidean/threed/rotation/AxisSequenceType.java
/Users/shivengarisa/Context4DocuGen/commons-geometry-1.0-src/commons-geometry-euclidean/src/main/java/org/apache/commons/geometry/euclidean/twod/path/package-info.java
/Users/shivengarisa/Context4DocuGen/commons-geometry-1.0-src/commons-geometry-euclidean/src/main/java/org/apache/commons/geometry/euclidean/threed/VertexListConvexPolygon3D.java
/Users/shivengarisa/Context4DocuGen/commons-geometry-1.0-src/commons-geometry-euclidean/src/main/java/org/apache/commons/geometry/euclidean/threed/mesh/Mesh.java
/Users/shivengarisa/Context4DocuGen/commons-geometry-1.0-src/commons-geometry-euclidean/src/main/java/org/apache/commons/geometry/euclidean/twod/LinecastPoint2D.java
/Users/shivengarisa/Context4DocuGen/commons-geometry-1.0-src/commons-geometry-euclidean/src/main/java/org/apache/commons/geometry/euclidean/threed/Planes.java
/Users/shivengarisa/Context4DocuGen/commons-geometry-1.0-src/commons-geometry-euclidean/src/main/java/org/apache/commons/geometry/euclidean/threed/Vector3D.java
/Users/shivengarisa/Context4DocuGen/commons-geometry-1.0-src/commons-geometry-euclidean/src/main/java/org/apache/commons/geometry/euclidean/EuclideanTransform.java
/Users/shivengarisa/Context4DocuGen/commons-geometry-1.0-src/commons-geometry-euclidean/src/main/java/org/apache/commons/geometry/euclidean/twod/Vector2D.java
/Users/shivengarisa/Context4DocuGen/commons-geometry-1.0-src/commons-geometry-euclidean/src/main/java/org/apache/commons/geometry/euclidean/threed/rotation/Rotation3D.java
/Users/shivengarisa/Context4DocuGen/commons-geometry-1.0-src/commons-geometry-euclidean/src/main/java/org/apache/commons/geometry/euclidean/twod/rotation/Rotation2D.java
/Users/shivengarisa/Context4DocuGen/commons-geometry-1.0-src/commons-geometry-euclidean/src/main/java/org/apache/commons/geometry/euclidean/threed/line/LinecastPoint3D.java
/Users/shivengarisa/Context4DocuGen/commons-geometry-1.0-src/commons-geometry-euclidean/src/main/java/org/apache/commons/geometry/euclidean/twod/Segment.java
/Users/shivengarisa/Context4DocuGen/commons-geometry-1.0-src/commons-geometry-euclidean/src/main/java/org/apache/commons/geometry/euclidean/threed/Triangle3D.java
/Users/shivengarisa/Context4DocuGen/commons-geometry-1.0-src/commons-geometry-euclidean/src/main/java/org/apache/commons/geometry/euclidean/twod/BoundarySourceBoundsBuilder2D.java
/Users/shivengarisa/Context4DocuGen/commons-geometry-1.0-src/commons-geometry-euclidean/src/main/java/org/apache/commons/geometry/euclidean/AbstractLinecastPoint.java
/Users/shivengarisa/Context4DocuGen/commons-geometry-1.0-src/commons-geometry-euclidean/src/main/java/org/apache/commons/geometry/euclidean/twod/AffineTransformMatrix2D.java
/Users/shivengarisa/Context4DocuGen/commons-geometry-1.0-src/commons-geometry-euclidean/src/main/java/org/apache/commons/geometry/euclidean/threed/rotation/package-info.java
/Users/shivengarisa/Context4DocuGen/commons-geometry-1.0-src/commons-geometry-euclidean/src/main/java/org/apache/commons/geometry/euclidean/AbstractAffineTransformMatrix.java
/Users/shivengarisa/Context4DocuGen/commons-geometry-1.0-src/commons-geometry-euclidean/src/main/java/org/apache/commons/geometry/euclidean/threed/rotation/AxisAngleSequence.java
/Users/shivengarisa/Context4DocuGen/commons-geometry-1.0-src/commons-geometry-euclidean/src/main/java/org/apache/commons/geometry/euclidean/twod/Line.java
/Users/shivengarisa/Context4DocuGen/commons-geometry-1.0-src/commons-geometry-euclidean/src/main/java/org/apache/commons/geometry/euclidean/threed/RegionBSPTree3D.java
/Users/shivengarisa/Context4DocuGen/commons-geometry-1.0-src/commons-geometry-euclidean/src/main/java/org/apache/commons/geometry/euclidean/threed/AbstractConvexPolygon3D.java
/Users/shivengarisa/Context4DocuGen/commons-geometry-1.0-src/commons-geometry-euclidean/src/main/java/org/apache/commons/geometry/euclidean/threed/line/Segment3D.java
/Users/shivengarisa/Context4DocuGen/commons-geometry-1.0-src/commons-geometry-euclidean/src/main/java/org/apache/commons/geometry/euclidean/threed/line/LineSubset3D.java
/Users/shivengarisa/Context4DocuGen/commons-geometry-1.0-src/commons-geometry-euclidean/src/main/java/org/apache/commons/geometry/euclidean/twod/path/AbstractLinePathConnector.java
