/Users/shivengarisa/Context4DocuGen/commons-jcs3-3.1-src/commons-jcs-jcache-extras/src/main/java/org/apache/commons/jcs3/jcache/extras/web/JCacheFilter.java
/Users/shivengarisa/Context4DocuGen/commons-jcs3-3.1-src/commons-jcs-jcache-extras/src/main/java/org/apache/commons/jcs3/jcache/extras/cdi/CacheProviderBean.java
/Users/shivengarisa/Context4DocuGen/commons-jcs3-3.1-src/commons-jcs-jcache-extras/src/main/java/org/apache/commons/jcs3/jcache/extras/closeable/Closeables.java
/Users/shivengarisa/Context4DocuGen/commons-jcs3-3.1-src/commons-jcs-jcache-extras/src/main/java/org/apache/commons/jcs3/jcache/extras/web/InMemoryResponse.java
/Users/shivengarisa/Context4DocuGen/commons-jcs3-3.1-src/commons-jcs-jcache-extras/src/main/java/org/apache/commons/jcs3/jcache/extras/writer/CacheWriterAdapter.java
/Users/shivengarisa/Context4DocuGen/commons-jcs3-3.1-src/commons-jcs-jcache-extras/src/main/java/org/apache/commons/jcs3/jcache/extras/writer/CompositeCacheWriter.java
/Users/shivengarisa/Context4DocuGen/commons-jcs3-3.1-src/commons-jcs-jcache-extras/src/main/java/org/apache/commons/jcs3/jcache/extras/loader/CacheLoaderAdapter.java
/Users/shivengarisa/Context4DocuGen/commons-jcs3-3.1-src/commons-jcs-jcache-extras/src/main/java/org/apache/commons/jcs3/jcache/extras/cdi/CacheManagerBean.java
/Users/shivengarisa/Context4DocuGen/commons-jcs3-3.1-src/commons-jcs-jcache-extras/src/main/java/org/apache/commons/jcs3/jcache/extras/cdi/DefaultLiteral.java
/Users/shivengarisa/Context4DocuGen/commons-jcs3-3.1-src/commons-jcs-jcache-extras/src/main/java/org/apache/commons/jcs3/jcache/extras/cdi/AnyLiteral.java
/Users/shivengarisa/Context4DocuGen/commons-jcs3-3.1-src/commons-jcs-jcache-extras/src/main/java/org/apache/commons/jcs3/jcache/extras/cdi/ExtraJCacheExtension.java
/Users/shivengarisa/Context4DocuGen/commons-jcs3-3.1-src/commons-jcs-jcache-extras/src/main/java/org/apache/commons/jcs3/jcache/extras/loader/CompositeCacheLoader.java
/Users/shivengarisa/Context4DocuGen/commons-jcs3-3.1-src/commons-jcs-jcache-extras/src/main/java/org/apache/commons/jcs3/jcache/extras/writer/AsyncCacheWriter.java
