/Users/shivengarisa/Context4DocuGen/commons-geometry-1.0-src/commons-geometry-io-euclidean/src/main/java/org/apache/commons/geometry/io/euclidean/threed/obj/package-info.java
/Users/shivengarisa/Context4DocuGen/commons-geometry-1.0-src/commons-geometry-io-euclidean/src/main/java/org/apache/commons/geometry/io/euclidean/threed/FacetDefinition.java
/Users/shivengarisa/Context4DocuGen/commons-geometry-1.0-src/commons-geometry-io-euclidean/src/main/java/org/apache/commons/geometry/io/euclidean/threed/FacetDefinitions.java
/Users/shivengarisa/Context4DocuGen/commons-geometry-1.0-src/commons-geometry-io-euclidean/src/main/java/org/apache/commons/geometry/io/euclidean/threed/txt/TextFacetDefinitionWriter.java
/Users/shivengarisa/Context4DocuGen/commons-geometry-1.0-src/commons-geometry-io-euclidean/src/main/java/org/apache/commons/geometry/io/euclidean/threed/AbstractBoundaryWriteHandler3D.java
/Users/shivengarisa/Context4DocuGen/commons-geometry-1.0-src/commons-geometry-io-euclidean/src/main/java/org/apache/commons/geometry/io/euclidean/threed/obj/ObjTriangleMeshReader.java
/Users/shivengarisa/Context4DocuGen/commons-geometry-1.0-src/commons-geometry-io-euclidean/src/main/java/org/apache/commons/geometry/io/euclidean/threed/IO3D.java
/Users/shivengarisa/Context4DocuGen/commons-geometry-1.0-src/commons-geometry-io-euclidean/src/main/java/org/apache/commons/geometry/io/euclidean/threed/txt/AbstractTextBoundaryWriteHandler3D.java
/Users/shivengarisa/Context4DocuGen/commons-geometry-1.0-src/commons-geometry-io-euclidean/src/main/java/org/apache/commons/geometry/io/euclidean/threed/BoundaryIOManager3D.java
/Users/shivengarisa/Context4DocuGen/commons-geometry-1.0-src/commons-geometry-io-euclidean/src/main/java/org/apache/commons/geometry/io/euclidean/threed/stl/TextStlFacetDefinitionReader.java
/Users/shivengarisa/Context4DocuGen/commons-geometry-1.0-src/commons-geometry-io-euclidean/src/main/java/org/apache/commons/geometry/io/euclidean/threed/BoundaryReadHandler3D.java
/Users/shivengarisa/Context4DocuGen/commons-geometry-1.0-src/commons-geometry-io-euclidean/src/main/java/org/apache/commons/geometry/io/euclidean/threed/obj/ObjFacetDefinitionReader.java
/Users/shivengarisa/Context4DocuGen/commons-geometry-1.0-src/commons-geometry-io-euclidean/src/main/java/org/apache/commons/geometry/io/euclidean/threed/txt/CsvBoundaryReadHandler3D.java
/Users/shivengarisa/Context4DocuGen/commons-geometry-1.0-src/commons-geometry-io-euclidean/src/main/java/org/apache/commons/geometry/io/euclidean/threed/txt/TextBoundaryReadHandler3D.java
/Users/shivengarisa/Context4DocuGen/commons-geometry-1.0-src/commons-geometry-io-euclidean/src/main/java/org/apache/commons/geometry/io/euclidean/threed/stl/StlUtils.java
/Users/shivengarisa/Context4DocuGen/commons-geometry-1.0-src/commons-geometry-io-euclidean/src/main/java/org/apache/commons/geometry/io/euclidean/threed/stl/StlConstants.java
/Users/shivengarisa/Context4DocuGen/commons-geometry-1.0-src/commons-geometry-io-euclidean/src/main/java/org/apache/commons/geometry/io/euclidean/threed/obj/AbstractObjPolygonReader.java
/Users/shivengarisa/Context4DocuGen/commons-geometry-1.0-src/commons-geometry-io-euclidean/src/main/java/org/apache/commons/geometry/io/euclidean/threed/obj/ObjBoundaryWriteHandler3D.java
/Users/shivengarisa/Context4DocuGen/commons-geometry-1.0-src/commons-geometry-io-euclidean/src/main/java/org/apache/commons/geometry/io/euclidean/threed/SimpleFacetDefinition.java
/Users/shivengarisa/Context4DocuGen/commons-geometry-1.0-src/commons-geometry-io-euclidean/src/main/java/org/apache/commons/geometry/io/euclidean/threed/AbstractBoundaryReadHandler3D.java
/Users/shivengarisa/Context4DocuGen/commons-geometry-1.0-src/commons-geometry-io-euclidean/src/main/java/org/apache/commons/geometry/io/euclidean/threed/txt/TextFacetDefinitionReader.java
/Users/shivengarisa/Context4DocuGen/commons-geometry-1.0-src/commons-geometry-io-euclidean/src/main/java/org/apache/commons/geometry/io/euclidean/threed/stl/package-info.java
/Users/shivengarisa/Context4DocuGen/commons-geometry-1.0-src/commons-geometry-io-euclidean/src/main/java/org/apache/commons/geometry/io/euclidean/threed/txt/CsvBoundaryWriteHandler3D.java
/Users/shivengarisa/Context4DocuGen/commons-geometry-1.0-src/commons-geometry-io-euclidean/src/main/java/org/apache/commons/geometry/io/euclidean/threed/FacetDefinitionReader.java
/Users/shivengarisa/Context4DocuGen/commons-geometry-1.0-src/commons-geometry-io-euclidean/src/main/java/org/apache/commons/geometry/io/euclidean/threed/obj/PolygonObjParser.java
/Users/shivengarisa/Context4DocuGen/commons-geometry-1.0-src/commons-geometry-io-euclidean/src/main/java/org/apache/commons/geometry/io/euclidean/threed/stl/StlBoundaryReadHandler3D.java
/Users/shivengarisa/Context4DocuGen/commons-geometry-1.0-src/commons-geometry-io-euclidean/src/main/java/org/apache/commons/geometry/io/euclidean/threed/txt/package-info.java
/Users/shivengarisa/Context4DocuGen/commons-geometry-1.0-src/commons-geometry-io-euclidean/src/main/java/org/apache/commons/geometry/io/euclidean/threed/stl/BinaryStlFacetDefinitionReader.java
/Users/shivengarisa/Context4DocuGen/commons-geometry-1.0-src/commons-geometry-io-euclidean/src/main/java/org/apache/commons/geometry/io/euclidean/threed/GeometryFormat3D.java
/Users/shivengarisa/Context4DocuGen/commons-geometry-1.0-src/commons-geometry-io-euclidean/src/main/java/org/apache/commons/geometry/io/euclidean/threed/BoundaryWriteHandler3D.java
/Users/shivengarisa/Context4DocuGen/commons-geometry-1.0-src/commons-geometry-io-euclidean/src/main/java/org/apache/commons/geometry/io/euclidean/threed/obj/ObjBoundaryReadHandler3D.java
/Users/shivengarisa/Context4DocuGen/commons-geometry-1.0-src/commons-geometry-io-euclidean/src/main/java/org/apache/commons/geometry/io/euclidean/threed/stl/TextStlWriter.java
/Users/shivengarisa/Context4DocuGen/commons-geometry-1.0-src/commons-geometry-io-euclidean/src/main/java/org/apache/commons/geometry/io/euclidean/threed/package-info.java
/Users/shivengarisa/Context4DocuGen/commons-geometry-1.0-src/commons-geometry-io-euclidean/src/main/java/org/apache/commons/geometry/io/euclidean/threed/obj/ObjWriter.java
/Users/shivengarisa/Context4DocuGen/commons-geometry-1.0-src/commons-geometry-io-euclidean/src/main/java/org/apache/commons/geometry/io/euclidean/threed/obj/AbstractObjParser.java
/Users/shivengarisa/Context4DocuGen/commons-geometry-1.0-src/commons-geometry-io-euclidean/src/main/java/org/apache/commons/geometry/io/euclidean/threed/stl/StlBoundaryWriteHandler3D.java
/Users/shivengarisa/Context4DocuGen/commons-geometry-1.0-src/commons-geometry-io-euclidean/src/main/java/org/apache/commons/geometry/io/euclidean/threed/obj/ObjConstants.java
/Users/shivengarisa/Context4DocuGen/commons-geometry-1.0-src/commons-geometry-io-euclidean/src/main/java/org/apache/commons/geometry/io/euclidean/threed/stl/StlFacetDefinitionReaders.java
/Users/shivengarisa/Context4DocuGen/commons-geometry-1.0-src/commons-geometry-io-euclidean/src/main/java/org/apache/commons/geometry/io/euclidean/threed/stl/BinaryStlWriter.java
/Users/shivengarisa/Context4DocuGen/commons-geometry-1.0-src/commons-geometry-io-euclidean/src/main/java/org/apache/commons/geometry/io/euclidean/threed/txt/TextBoundaryWriteHandler3D.java
/Users/shivengarisa/Context4DocuGen/commons-geometry-1.0-src/commons-geometry-io-euclidean/src/main/java/org/apache/commons/geometry/io/euclidean/threed/stl/BinaryStlFacetDefinition.java
