/Users/shivengarisa/Context4DocuGen/commons-imaging-1.0-alpha3-src/src/main/java/org/apache/commons/imaging/formats/tiff/write/TiffOutputField.java
/Users/shivengarisa/Context4DocuGen/commons-imaging-1.0-alpha3-src/src/main/java/org/apache/commons/imaging/formats/tiff/taginfos/TagInfoRationals.java
/Users/shivengarisa/Context4DocuGen/commons-imaging-1.0-alpha3-src/src/main/java/org/apache/commons/imaging/formats/tiff/taginfos/TagInfoSBytes.java
/Users/shivengarisa/Context4DocuGen/commons-imaging-1.0-alpha3-src/src/main/java/org/apache/commons/imaging/icc/IccTagDataType.java
/Users/shivengarisa/Context4DocuGen/commons-imaging-1.0-alpha3-src/src/main/java/org/apache/commons/imaging/formats/tiff/TiffElement.java
/Users/shivengarisa/Context4DocuGen/commons-imaging-1.0-alpha3-src/src/main/java/org/apache/commons/imaging/formats/tiff/TiffRasterDataFloat.java
/Users/shivengarisa/Context4DocuGen/commons-imaging-1.0-alpha3-src/src/main/java/org/apache/commons/imaging/formats/jpeg/iptc/IptcBlock.java
/Users/shivengarisa/Context4DocuGen/commons-imaging-1.0-alpha3-src/src/main/java/org/apache/commons/imaging/formats/psd/PsdImageContents.java
/Users/shivengarisa/Context4DocuGen/commons-imaging-1.0-alpha3-src/src/main/java/org/apache/commons/imaging/formats/jpeg/JpegImageParser.java
/Users/shivengarisa/Context4DocuGen/commons-imaging-1.0-alpha3-src/src/main/java/org/apache/commons/imaging/icc/IccTagDataTypes.java
/Users/shivengarisa/Context4DocuGen/commons-imaging-1.0-alpha3-src/src/main/java/org/apache/commons/imaging/color/package-info.java
/Users/shivengarisa/Context4DocuGen/commons-imaging-1.0-alpha3-src/src/main/java/org/apache/commons/imaging/color/ColorHsl.java
/Users/shivengarisa/Context4DocuGen/commons-imaging-1.0-alpha3-src/src/main/java/org/apache/commons/imaging/formats/jpeg/decoder/package-info.java
/Users/shivengarisa/Context4DocuGen/commons-imaging-1.0-alpha3-src/src/main/java/org/apache/commons/imaging/formats/tiff/photometricinterpreters/PhotometricInterpreter.java
/Users/shivengarisa/Context4DocuGen/commons-imaging-1.0-alpha3-src/src/main/java/org/apache/commons/imaging/formats/psd/dataparsers/package-info.java
/Users/shivengarisa/Context4DocuGen/commons-imaging-1.0-alpha3-src/src/main/java/org/apache/commons/imaging/formats/png/scanlinefilters/ScanlineFilterUp.java
/Users/shivengarisa/Context4DocuGen/commons-imaging-1.0-alpha3-src/src/main/java/org/apache/commons/imaging/ImageInfo.java
/Users/shivengarisa/Context4DocuGen/commons-imaging-1.0-alpha3-src/src/main/java/org/apache/commons/imaging/formats/png/PngImageInfo.java
/Users/shivengarisa/Context4DocuGen/commons-imaging-1.0-alpha3-src/src/main/java/org/apache/commons/imaging/formats/ico/IcoImagingParameters.java
/Users/shivengarisa/Context4DocuGen/commons-imaging-1.0-alpha3-src/src/main/java/org/apache/commons/imaging/formats/psd/ImageResourceBlock.java
/Users/shivengarisa/Context4DocuGen/commons-imaging-1.0-alpha3-src/src/main/java/org/apache/commons/imaging/color/ColorHunterLab.java
/Users/shivengarisa/Context4DocuGen/commons-imaging-1.0-alpha3-src/src/main/java/org/apache/commons/imaging/formats/tiff/photometricinterpreters/PhotometricInterpreterRgb.java
/Users/shivengarisa/Context4DocuGen/commons-imaging-1.0-alpha3-src/src/main/java/org/apache/commons/imaging/formats/tiff/TiffReader.java
/Users/shivengarisa/Context4DocuGen/commons-imaging-1.0-alpha3-src/src/main/java/org/apache/commons/imaging/formats/bmp/BmpWriterRgb.java
/Users/shivengarisa/Context4DocuGen/commons-imaging-1.0-alpha3-src/src/main/java/org/apache/commons/imaging/formats/tiff/taginfos/TagInfoAsciiOrRational.java
/Users/shivengarisa/Context4DocuGen/commons-imaging-1.0-alpha3-src/src/main/java/org/apache/commons/imaging/color/ColorCieLuv.java
/Users/shivengarisa/Context4DocuGen/commons-imaging-1.0-alpha3-src/src/main/java/org/apache/commons/imaging/palette/MostPopulatedBoxesMedianCut.java
/Users/shivengarisa/Context4DocuGen/commons-imaging-1.0-alpha3-src/src/main/java/org/apache/commons/imaging/formats/pnm/FileInfo.java
/Users/shivengarisa/Context4DocuGen/commons-imaging-1.0-alpha3-src/src/main/java/org/apache/commons/imaging/formats/icns/IcnsDecoder.java
/Users/shivengarisa/Context4DocuGen/commons-imaging-1.0-alpha3-src/src/main/java/org/apache/commons/imaging/formats/png/PhysicalScale.java
/Users/shivengarisa/Context4DocuGen/commons-imaging-1.0-alpha3-src/src/main/java/org/apache/commons/imaging/formats/xbm/XbmImageParser.java
/Users/shivengarisa/Context4DocuGen/commons-imaging-1.0-alpha3-src/src/main/java/org/apache/commons/imaging/formats/icns/IcnsImageParser.java
/Users/shivengarisa/Context4DocuGen/commons-imaging-1.0-alpha3-src/src/main/java/org/apache/commons/imaging/formats/tiff/taginfos/TagInfoSLong.java
/Users/shivengarisa/Context4DocuGen/commons-imaging-1.0-alpha3-src/src/main/java/org/apache/commons/imaging/formats/jpeg/iptc/IptcTypeLookup.java
/Users/shivengarisa/Context4DocuGen/commons-imaging-1.0-alpha3-src/src/main/java/org/apache/commons/imaging/formats/tiff/constants/TiffDirectoryType.java
/Users/shivengarisa/Context4DocuGen/commons-imaging-1.0-alpha3-src/src/main/java/org/apache/commons/imaging/formats/tiff/photometricinterpreters/floatingpoint/package-info.java
/Users/shivengarisa/Context4DocuGen/commons-imaging-1.0-alpha3-src/src/main/java/org/apache/commons/imaging/common/ImageBuilder.java
/Users/shivengarisa/Context4DocuGen/commons-imaging-1.0-alpha3-src/src/main/java/org/apache/commons/imaging/formats/bmp/PixelParserRle.java
/Users/shivengarisa/Context4DocuGen/commons-imaging-1.0-alpha3-src/src/main/java/org/apache/commons/imaging/ImageFormats.java
/Users/shivengarisa/Context4DocuGen/commons-imaging-1.0-alpha3-src/src/main/java/org/apache/commons/imaging/common/RgbBufferedImageFactory.java
/Users/shivengarisa/Context4DocuGen/commons-imaging-1.0-alpha3-src/src/main/java/org/apache/commons/imaging/formats/tiff/fieldtypes/FieldTypeFloat.java
/Users/shivengarisa/Context4DocuGen/commons-imaging-1.0-alpha3-src/src/main/java/org/apache/commons/imaging/formats/tiff/taginfos/TagInfoGpsText.java
/Users/shivengarisa/Context4DocuGen/commons-imaging-1.0-alpha3-src/src/main/java/org/apache/commons/imaging/formats/bmp/PixelParserSimple.java
/Users/shivengarisa/Context4DocuGen/commons-imaging-1.0-alpha3-src/src/main/java/org/apache/commons/imaging/formats/xbm/XbmImagingParameters.java
/Users/shivengarisa/Context4DocuGen/commons-imaging-1.0-alpha3-src/src/main/java/org/apache/commons/imaging/formats/jpeg/iptc/IptcRecord.java
/Users/shivengarisa/Context4DocuGen/commons-imaging-1.0-alpha3-src/src/main/java/org/apache/commons/imaging/common/BasicCParser.java
/Users/shivengarisa/Context4DocuGen/commons-imaging-1.0-alpha3-src/src/main/java/org/apache/commons/imaging/formats/tiff/constants/MicrosoftTagConstants.java
/Users/shivengarisa/Context4DocuGen/commons-imaging-1.0-alpha3-src/src/main/java/org/apache/commons/imaging/formats/dcx/DcxImageParser.java
/Users/shivengarisa/Context4DocuGen/commons-imaging-1.0-alpha3-src/src/main/java/org/apache/commons/imaging/formats/tiff/JpegImageData.java
/Users/shivengarisa/Context4DocuGen/commons-imaging-1.0-alpha3-src/src/main/java/org/apache/commons/imaging/formats/tiff/photometricinterpreters/PhotometricInterpreterLogLuv.java
/Users/shivengarisa/Context4DocuGen/commons-imaging-1.0-alpha3-src/src/main/java/org/apache/commons/imaging/formats/tiff/datareaders/ImageDataReader.java
/Users/shivengarisa/Context4DocuGen/commons-imaging-1.0-alpha3-src/src/main/java/org/apache/commons/imaging/formats/bmp/BmpHeaderInfo.java
/Users/shivengarisa/Context4DocuGen/commons-imaging-1.0-alpha3-src/src/main/java/org/apache/commons/imaging/package-info.java
/Users/shivengarisa/Context4DocuGen/commons-imaging-1.0-alpha3-src/src/main/java/org/apache/commons/imaging/formats/tiff/taginfos/TagInfoShortOrRational.java
/Users/shivengarisa/Context4DocuGen/commons-imaging-1.0-alpha3-src/src/main/java/org/apache/commons/imaging/formats/tiff/taginfos/TagInfoRational.java
/Users/shivengarisa/Context4DocuGen/commons-imaging-1.0-alpha3-src/src/main/java/org/apache/commons/imaging/formats/tiff/package-info.java
/Users/shivengarisa/Context4DocuGen/commons-imaging-1.0-alpha3-src/src/main/java/org/apache/commons/imaging/formats/png/chunks/PngChunk.java
/Users/shivengarisa/Context4DocuGen/commons-imaging-1.0-alpha3-src/src/main/java/org/apache/commons/imaging/formats/bmp/PixelParserRgb.java
/Users/shivengarisa/Context4DocuGen/commons-imaging-1.0-alpha3-src/src/main/java/org/apache/commons/imaging/formats/tiff/photometricinterpreters/PhotometricInterpreterBiLevel.java
/Users/shivengarisa/Context4DocuGen/commons-imaging-1.0-alpha3-src/src/main/java/org/apache/commons/imaging/common/itu_t4/T4AndT6Compression.java
/Users/shivengarisa/Context4DocuGen/commons-imaging-1.0-alpha3-src/src/main/java/org/apache/commons/imaging/formats/tiff/constants/TiffConstants.java
/Users/shivengarisa/Context4DocuGen/commons-imaging-1.0-alpha3-src/src/main/java/org/apache/commons/imaging/common/bytesource/ByteSourceFile.java
/Users/shivengarisa/Context4DocuGen/commons-imaging-1.0-alpha3-src/src/main/java/org/apache/commons/imaging/formats/png/chunks/PngChunkScal.java
/Users/shivengarisa/Context4DocuGen/commons-imaging-1.0-alpha3-src/src/main/java/org/apache/commons/imaging/formats/gif/GifImageContents.java
/Users/shivengarisa/Context4DocuGen/commons-imaging-1.0-alpha3-src/src/main/java/org/apache/commons/imaging/formats/tiff/taginfos/TagInfoSLongs.java
/Users/shivengarisa/Context4DocuGen/commons-imaging-1.0-alpha3-src/src/main/java/org/apache/commons/imaging/formats/pnm/package-info.java
/Users/shivengarisa/Context4DocuGen/commons-imaging-1.0-alpha3-src/src/main/java/org/apache/commons/imaging/common/BinaryFunctions.java
/Users/shivengarisa/Context4DocuGen/commons-imaging-1.0-alpha3-src/src/main/java/org/apache/commons/imaging/formats/tiff/write/TiffOutputDirectory.java
/Users/shivengarisa/Context4DocuGen/commons-imaging-1.0-alpha3-src/src/main/java/org/apache/commons/imaging/formats/tiff/taginfos/TagInfoUnknown.java
/Users/shivengarisa/Context4DocuGen/commons-imaging-1.0-alpha3-src/src/main/java/org/apache/commons/imaging/formats/pnm/PgmWriter.java
/Users/shivengarisa/Context4DocuGen/commons-imaging-1.0-alpha3-src/src/main/java/org/apache/commons/imaging/formats/jpeg/JpegImageMetadata.java
/Users/shivengarisa/Context4DocuGen/commons-imaging-1.0-alpha3-src/src/main/java/org/apache/commons/imaging/formats/tiff/write/TiffOutputItem.java
/Users/shivengarisa/Context4DocuGen/commons-imaging-1.0-alpha3-src/src/main/java/org/apache/commons/imaging/formats/icns/package-info.java
/Users/shivengarisa/Context4DocuGen/commons-imaging-1.0-alpha3-src/src/main/java/org/apache/commons/imaging/formats/tiff/taginfos/TagInfoAsciiOrByte.java
/Users/shivengarisa/Context4DocuGen/commons-imaging-1.0-alpha3-src/src/main/java/org/apache/commons/imaging/formats/pcx/RleWriter.java
/Users/shivengarisa/Context4DocuGen/commons-imaging-1.0-alpha3-src/src/main/java/org/apache/commons/imaging/icc/package-info.java
/Users/shivengarisa/Context4DocuGen/commons-imaging-1.0-alpha3-src/src/main/java/org/apache/commons/imaging/formats/png/transparencyfilters/TransparencyFilterIndexedColor.java
/Users/shivengarisa/Context4DocuGen/commons-imaging-1.0-alpha3-src/src/main/java/org/apache/commons/imaging/common/mylzw/MyBitOutputStream.java
/Users/shivengarisa/Context4DocuGen/commons-imaging-1.0-alpha3-src/src/main/java/org/apache/commons/imaging/formats/png/PngWriter.java
/Users/shivengarisa/Context4DocuGen/commons-imaging-1.0-alpha3-src/src/main/java/org/apache/commons/imaging/formats/tiff/taginfos/TagInfoUndefineds.java
/Users/shivengarisa/Context4DocuGen/commons-imaging-1.0-alpha3-src/src/main/java/org/apache/commons/imaging/formats/jpeg/segments/App13Segment.java
/Users/shivengarisa/Context4DocuGen/commons-imaging-1.0-alpha3-src/src/main/java/org/apache/commons/imaging/formats/jpeg/iptc/IptcTypes.java
/Users/shivengarisa/Context4DocuGen/commons-imaging-1.0-alpha3-src/src/main/java/org/apache/commons/imaging/formats/jpeg/segments/App14Segment.java
/Users/shivengarisa/Context4DocuGen/commons-imaging-1.0-alpha3-src/src/main/java/org/apache/commons/imaging/formats/pnm/PpmWriter.java
/Users/shivengarisa/Context4DocuGen/commons-imaging-1.0-alpha3-src/src/main/java/org/apache/commons/imaging/palette/MedianCut.java
/Users/shivengarisa/Context4DocuGen/commons-imaging-1.0-alpha3-src/src/main/java/org/apache/commons/imaging/common/itu_t4/package-info.java
/Users/shivengarisa/Context4DocuGen/commons-imaging-1.0-alpha3-src/src/main/java/org/apache/commons/imaging/formats/tiff/constants/AdobePhotoshopTagConstants.java
/Users/shivengarisa/Context4DocuGen/commons-imaging-1.0-alpha3-src/src/main/java/org/apache/commons/imaging/formats/tiff/TiffField.java
/Users/shivengarisa/Context4DocuGen/commons-imaging-1.0-alpha3-src/src/main/java/org/apache/commons/imaging/formats/tiff/datareaders/DataReaderStrips.java
/Users/shivengarisa/Context4DocuGen/commons-imaging-1.0-alpha3-src/src/main/java/org/apache/commons/imaging/formats/tiff/taginfos/TagInfoShortOrLong.java
/Users/shivengarisa/Context4DocuGen/commons-imaging-1.0-alpha3-src/src/main/java/org/apache/commons/imaging/formats/jpeg/segments/SosSegment.java
/Users/shivengarisa/Context4DocuGen/commons-imaging-1.0-alpha3-src/src/main/java/org/apache/commons/imaging/formats/pcx/RleReader.java
/Users/shivengarisa/Context4DocuGen/commons-imaging-1.0-alpha3-src/src/main/java/org/apache/commons/imaging/common/mylzw/package-info.java
/Users/shivengarisa/Context4DocuGen/commons-imaging-1.0-alpha3-src/src/main/java/org/apache/commons/imaging/formats/bmp/BmpImageContents.java
/Users/shivengarisa/Context4DocuGen/commons-imaging-1.0-alpha3-src/src/main/java/org/apache/commons/imaging/formats/jpeg/JpegImagingParameters.java
/Users/shivengarisa/Context4DocuGen/commons-imaging-1.0-alpha3-src/src/main/java/org/apache/commons/imaging/formats/png/BitParser.java
/Users/shivengarisa/Context4DocuGen/commons-imaging-1.0-alpha3-src/src/main/java/org/apache/commons/imaging/formats/tiff/constants/GdalLibraryTagConstants.java
/Users/shivengarisa/Context4DocuGen/commons-imaging-1.0-alpha3-src/src/main/java/org/apache/commons/imaging/formats/gif/GifBlock.java
/Users/shivengarisa/Context4DocuGen/commons-imaging-1.0-alpha3-src/src/main/java/org/apache/commons/imaging/formats/tiff/constants/package-info.java
/Users/shivengarisa/Context4DocuGen/commons-imaging-1.0-alpha3-src/src/main/java/org/apache/commons/imaging/common/BinaryConstant.java
/Users/shivengarisa/Context4DocuGen/commons-imaging-1.0-alpha3-src/src/main/java/org/apache/commons/imaging/formats/tiff/constants/DcfTagConstants.java
/Users/shivengarisa/Context4DocuGen/commons-imaging-1.0-alpha3-src/src/main/java/org/apache/commons/imaging/formats/png/ScanExpediterSimple.java
/Users/shivengarisa/Context4DocuGen/commons-imaging-1.0-alpha3-src/src/main/java/org/apache/commons/imaging/formats/tiff/taginfos/TagInfoFloat.java
/Users/shivengarisa/Context4DocuGen/commons-imaging-1.0-alpha3-src/src/main/java/org/apache/commons/imaging/formats/tiff/write/TiffOutputSet.java
/Users/shivengarisa/Context4DocuGen/commons-imaging-1.0-alpha3-src/src/main/java/org/apache/commons/imaging/formats/tiff/TiffHeader.java
/Users/shivengarisa/Context4DocuGen/commons-imaging-1.0-alpha3-src/src/main/java/org/apache/commons/imaging/color/ColorCmyk.java
/Users/shivengarisa/Context4DocuGen/commons-imaging-1.0-alpha3-src/src/main/java/org/apache/commons/imaging/formats/png/FilterType.java
/Users/shivengarisa/Context4DocuGen/commons-imaging-1.0-alpha3-src/src/main/java/org/apache/commons/imaging/formats/tiff/photometricinterpreters/floatingpoint/PaletteEntryForRange.java
/Users/shivengarisa/Context4DocuGen/commons-imaging-1.0-alpha3-src/src/main/java/org/apache/commons/imaging/formats/pnm/PpmFileInfo.java
/Users/shivengarisa/Context4DocuGen/commons-imaging-1.0-alpha3-src/src/main/java/org/apache/commons/imaging/palette/SimplePalette.java
/Users/shivengarisa/Context4DocuGen/commons-imaging-1.0-alpha3-src/src/main/java/org/apache/commons/imaging/formats/jpeg/segments/AppnSegment.java
/Users/shivengarisa/Context4DocuGen/commons-imaging-1.0-alpha3-src/src/main/java/org/apache/commons/imaging/formats/gif/package-info.java
/Users/shivengarisa/Context4DocuGen/commons-imaging-1.0-alpha3-src/src/main/java/org/apache/commons/imaging/icc/IccProfileInfo.java
/Users/shivengarisa/Context4DocuGen/commons-imaging-1.0-alpha3-src/src/main/java/org/apache/commons/imaging/formats/tiff/write/TiffImageWriterBase.java
/Users/shivengarisa/Context4DocuGen/commons-imaging-1.0-alpha3-src/src/main/java/org/apache/commons/imaging/PixelDensity.java
/Users/shivengarisa/Context4DocuGen/commons-imaging-1.0-alpha3-src/src/main/java/org/apache/commons/imaging/common/mylzw/MyLzwDecompressor.java
/Users/shivengarisa/Context4DocuGen/commons-imaging-1.0-alpha3-src/src/main/java/org/apache/commons/imaging/formats/tiff/fieldtypes/FieldType.java
/Users/shivengarisa/Context4DocuGen/commons-imaging-1.0-alpha3-src/src/main/java/org/apache/commons/imaging/formats/tiff/fieldtypes/FieldTypeRational.java
/Users/shivengarisa/Context4DocuGen/commons-imaging-1.0-alpha3-src/src/main/java/org/apache/commons/imaging/formats/jpeg/JpegConstants.java
/Users/shivengarisa/Context4DocuGen/commons-imaging-1.0-alpha3-src/src/main/java/org/apache/commons/imaging/formats/tiff/datareaders/DataReaderTiled.java
/Users/shivengarisa/Context4DocuGen/commons-imaging-1.0-alpha3-src/src/main/java/org/apache/commons/imaging/formats/tiff/constants/OceScanjobTagConstants.java
/Users/shivengarisa/Context4DocuGen/commons-imaging-1.0-alpha3-src/src/main/java/org/apache/commons/imaging/formats/tiff/taginfos/TagInfoShorts.java
/Users/shivengarisa/Context4DocuGen/commons-imaging-1.0-alpha3-src/src/main/java/org/apache/commons/imaging/formats/tiff/taginfos/TagInfoSByte.java
/Users/shivengarisa/Context4DocuGen/commons-imaging-1.0-alpha3-src/src/main/java/org/apache/commons/imaging/formats/tiff/taginfos/TagInfoSRationals.java
/Users/shivengarisa/Context4DocuGen/commons-imaging-1.0-alpha3-src/src/main/java/org/apache/commons/imaging/formats/png/chunks/PngChunkGama.java
/Users/shivengarisa/Context4DocuGen/commons-imaging-1.0-alpha3-src/src/main/java/org/apache/commons/imaging/formats/psd/datareaders/CompressedDataReader.java
/Users/shivengarisa/Context4DocuGen/commons-imaging-1.0-alpha3-src/src/main/java/org/apache/commons/imaging/formats/tiff/constants/Tiff4TagConstants.java
/Users/shivengarisa/Context4DocuGen/commons-imaging-1.0-alpha3-src/src/main/java/org/apache/commons/imaging/formats/tiff/photometricinterpreters/PhotometricInterpreterPalette.java
/Users/shivengarisa/Context4DocuGen/commons-imaging-1.0-alpha3-src/src/main/java/org/apache/commons/imaging/formats/tiff/photometricinterpreters/package-info.java
/Users/shivengarisa/Context4DocuGen/commons-imaging-1.0-alpha3-src/src/main/java/org/apache/commons/imaging/formats/jpeg/segments/Segment.java
/Users/shivengarisa/Context4DocuGen/commons-imaging-1.0-alpha3-src/src/main/java/org/apache/commons/imaging/icc/IccTagTypes.java
/Users/shivengarisa/Context4DocuGen/commons-imaging-1.0-alpha3-src/src/main/java/org/apache/commons/imaging/formats/psd/package-info.java
/Users/shivengarisa/Context4DocuGen/commons-imaging-1.0-alpha3-src/src/main/java/org/apache/commons/imaging/formats/psd/ImageResourceType.java
/Users/shivengarisa/Context4DocuGen/commons-imaging-1.0-alpha3-src/src/main/java/org/apache/commons/imaging/formats/rgbe/RgbeImageParser.java
/Users/shivengarisa/Context4DocuGen/commons-imaging-1.0-alpha3-src/src/main/java/org/apache/commons/imaging/formats/jpeg/iptc/IptcConstants.java
/Users/shivengarisa/Context4DocuGen/commons-imaging-1.0-alpha3-src/src/main/java/org/apache/commons/imaging/formats/jpeg/decoder/JpegDecoder.java
/Users/shivengarisa/Context4DocuGen/commons-imaging-1.0-alpha3-src/src/main/java/org/apache/commons/imaging/formats/icns/IcnsImagingParameters.java
/Users/shivengarisa/Context4DocuGen/commons-imaging-1.0-alpha3-src/src/main/java/org/apache/commons/imaging/common/ZlibDeflate.java
/Users/shivengarisa/Context4DocuGen/commons-imaging-1.0-alpha3-src/src/main/java/org/apache/commons/imaging/formats/tiff/TiffImageMetadata.java
/Users/shivengarisa/Context4DocuGen/commons-imaging-1.0-alpha3-src/src/main/java/org/apache/commons/imaging/formats/tiff/photometricinterpreters/floatingpoint/PaletteEntry.java
/Users/shivengarisa/Context4DocuGen/commons-imaging-1.0-alpha3-src/src/main/java/org/apache/commons/imaging/formats/png/scanlinefilters/package-info.java
/Users/shivengarisa/Context4DocuGen/commons-imaging-1.0-alpha3-src/src/main/java/org/apache/commons/imaging/color/ColorDin99Lab.java
/Users/shivengarisa/Context4DocuGen/commons-imaging-1.0-alpha3-src/src/main/java/org/apache/commons/imaging/formats/bmp/BmpImagingParameters.java
/Users/shivengarisa/Context4DocuGen/commons-imaging-1.0-alpha3-src/src/main/java/org/apache/commons/imaging/formats/gif/GifImageData.java
/Users/shivengarisa/Context4DocuGen/commons-imaging-1.0-alpha3-src/src/main/java/org/apache/commons/imaging/formats/tiff/fieldtypes/FieldTypeAscii.java
/Users/shivengarisa/Context4DocuGen/commons-imaging-1.0-alpha3-src/src/main/java/org/apache/commons/imaging/formats/jpeg/segments/JfifSegment.java
/Users/shivengarisa/Context4DocuGen/commons-imaging-1.0-alpha3-src/src/main/java/org/apache/commons/imaging/palette/ColorGroupCut.java
/Users/shivengarisa/Context4DocuGen/commons-imaging-1.0-alpha3-src/src/main/java/org/apache/commons/imaging/common/XmpEmbeddable.java
/Users/shivengarisa/Context4DocuGen/commons-imaging-1.0-alpha3-src/src/main/java/org/apache/commons/imaging/formats/tiff/taginfos/TagInfoBytes.java
/Users/shivengarisa/Context4DocuGen/commons-imaging-1.0-alpha3-src/src/main/java/org/apache/commons/imaging/common/package-info.java
/Users/shivengarisa/Context4DocuGen/commons-imaging-1.0-alpha3-src/src/main/java/org/apache/commons/imaging/formats/png/transparencyfilters/package-info.java
/Users/shivengarisa/Context4DocuGen/commons-imaging-1.0-alpha3-src/src/main/java/org/apache/commons/imaging/formats/tiff/constants/WangTagConstants.java
/Users/shivengarisa/Context4DocuGen/commons-imaging-1.0-alpha3-src/src/main/java/org/apache/commons/imaging/formats/psd/dataparsers/DataParserGrayscale.java
/Users/shivengarisa/Context4DocuGen/commons-imaging-1.0-alpha3-src/src/main/java/org/apache/commons/imaging/color/ColorCieLab.java
/Users/shivengarisa/Context4DocuGen/commons-imaging-1.0-alpha3-src/src/main/java/org/apache/commons/imaging/formats/jpeg/iptc/JpegIptcRewriter.java
/Users/shivengarisa/Context4DocuGen/commons-imaging-1.0-alpha3-src/src/main/java/org/apache/commons/imaging/formats/tiff/taginfos/TagInfoLongs.java
/Users/shivengarisa/Context4DocuGen/commons-imaging-1.0-alpha3-src/src/main/java/org/apache/commons/imaging/palette/MedianCutQuantizer.java
/Users/shivengarisa/Context4DocuGen/commons-imaging-1.0-alpha3-src/src/main/java/org/apache/commons/imaging/formats/jpeg/exif/ExifRewriter.java
/Users/shivengarisa/Context4DocuGen/commons-imaging-1.0-alpha3-src/src/main/java/org/apache/commons/imaging/formats/jpeg/segments/UnknownSegment.java
/Users/shivengarisa/Context4DocuGen/commons-imaging-1.0-alpha3-src/src/main/java/org/apache/commons/imaging/formats/jpeg/segments/App2Segment.java
/Users/shivengarisa/Context4DocuGen/commons-imaging-1.0-alpha3-src/src/main/java/org/apache/commons/imaging/ImagingException.java
/Users/shivengarisa/Context4DocuGen/commons-imaging-1.0-alpha3-src/src/main/java/org/apache/commons/imaging/formats/png/chunks/PngChunkPlte.java
/Users/shivengarisa/Context4DocuGen/commons-imaging-1.0-alpha3-src/src/main/java/org/apache/commons/imaging/formats/psd/datareaders/package-info.java
/Users/shivengarisa/Context4DocuGen/commons-imaging-1.0-alpha3-src/src/main/java/org/apache/commons/imaging/formats/gif/ImageDescriptor.java
/Users/shivengarisa/Context4DocuGen/commons-imaging-1.0-alpha3-src/src/main/java/org/apache/commons/imaging/formats/bmp/PixelParserBitFields.java
/Users/shivengarisa/Context4DocuGen/commons-imaging-1.0-alpha3-src/src/main/java/org/apache/commons/imaging/formats/png/chunks/PngChunkZtxt.java
/Users/shivengarisa/Context4DocuGen/commons-imaging-1.0-alpha3-src/src/main/java/org/apache/commons/imaging/palette/Dithering.java
/Users/shivengarisa/Context4DocuGen/commons-imaging-1.0-alpha3-src/src/main/java/org/apache/commons/imaging/common/RationalNumber.java
/Users/shivengarisa/Context4DocuGen/commons-imaging-1.0-alpha3-src/src/main/java/org/apache/commons/imaging/icc/IccTag.java
/Users/shivengarisa/Context4DocuGen/commons-imaging-1.0-alpha3-src/src/main/java/org/apache/commons/imaging/formats/png/transparencyfilters/TransparencyFilterGrayscale.java
/Users/shivengarisa/Context4DocuGen/commons-imaging-1.0-alpha3-src/src/main/java/org/apache/commons/imaging/formats/png/chunks/PngChunkIccp.java
/Users/shivengarisa/Context4DocuGen/commons-imaging-1.0-alpha3-src/src/main/java/org/apache/commons/imaging/formats/png/chunks/PngChunkIdat.java
/Users/shivengarisa/Context4DocuGen/commons-imaging-1.0-alpha3-src/src/main/java/org/apache/commons/imaging/color/ColorHsv.java
/Users/shivengarisa/Context4DocuGen/commons-imaging-1.0-alpha3-src/src/main/java/org/apache/commons/imaging/FormatCompliance.java
/Users/shivengarisa/Context4DocuGen/commons-imaging-1.0-alpha3-src/src/main/java/org/apache/commons/imaging/common/XmpImagingParameters.java
/Users/shivengarisa/Context4DocuGen/commons-imaging-1.0-alpha3-src/src/main/java/org/apache/commons/imaging/common/mylzw/MyBitInputStream.java
/Users/shivengarisa/Context4DocuGen/commons-imaging-1.0-alpha3-src/src/main/java/org/apache/commons/imaging/formats/tiff/write/TiffImageWriterLossless.java
/Users/shivengarisa/Context4DocuGen/commons-imaging-1.0-alpha3-src/src/main/java/org/apache/commons/imaging/common/BinaryOutputStream.java
/Users/shivengarisa/Context4DocuGen/commons-imaging-1.0-alpha3-src/src/main/java/org/apache/commons/imaging/palette/MedianCutPalette.java
/Users/shivengarisa/Context4DocuGen/commons-imaging-1.0-alpha3-src/src/main/java/org/apache/commons/imaging/formats/psd/datareaders/UncompressedDataReader.java
/Users/shivengarisa/Context4DocuGen/commons-imaging-1.0-alpha3-src/src/main/java/org/apache/commons/imaging/formats/tiff/TiffImagingParameters.java
/Users/shivengarisa/Context4DocuGen/commons-imaging-1.0-alpha3-src/src/main/java/org/apache/commons/imaging/formats/png/chunks/PngChunkPhys.java
/Users/shivengarisa/Context4DocuGen/commons-imaging-1.0-alpha3-src/src/main/java/org/apache/commons/imaging/formats/jpeg/iptc/IptcType.java
/Users/shivengarisa/Context4DocuGen/commons-imaging-1.0-alpha3-src/src/main/java/org/apache/commons/imaging/formats/xpm/package-info.java
/Users/shivengarisa/Context4DocuGen/commons-imaging-1.0-alpha3-src/src/main/java/org/apache/commons/imaging/formats/tiff/taginfos/TagInfoShort.java
/Users/shivengarisa/Context4DocuGen/commons-imaging-1.0-alpha3-src/src/main/java/org/apache/commons/imaging/formats/bmp/package-info.java
/Users/shivengarisa/Context4DocuGen/commons-imaging-1.0-alpha3-src/src/main/java/org/apache/commons/imaging/common/BufferedImageFactory.java
/Users/shivengarisa/Context4DocuGen/commons-imaging-1.0-alpha3-src/src/main/java/org/apache/commons/imaging/formats/png/chunks/PngTextChunk.java
/Users/shivengarisa/Context4DocuGen/commons-imaging-1.0-alpha3-src/src/main/java/org/apache/commons/imaging/formats/tiff/constants/TiffDirectoryConstants.java
/Users/shivengarisa/Context4DocuGen/commons-imaging-1.0-alpha3-src/src/main/java/org/apache/commons/imaging/common/itu_t4/BitInputStreamFlexible.java
/Users/shivengarisa/Context4DocuGen/commons-imaging-1.0-alpha3-src/src/main/java/org/apache/commons/imaging/formats/gif/GifImageMetadataItem.java
/Users/shivengarisa/Context4DocuGen/commons-imaging-1.0-alpha3-src/src/main/java/org/apache/commons/imaging/common/BinaryFileParser.java
/Users/shivengarisa/Context4DocuGen/commons-imaging-1.0-alpha3-src/src/main/java/org/apache/commons/imaging/formats/jpeg/decoder/Dct.java
/Users/shivengarisa/Context4DocuGen/commons-imaging-1.0-alpha3-src/src/main/java/org/apache/commons/imaging/formats/pnm/PamFileInfo.java
/Users/shivengarisa/Context4DocuGen/commons-imaging-1.0-alpha3-src/src/main/java/org/apache/commons/imaging/common/mylzw/BitsToByteInputStream.java
/Users/shivengarisa/Context4DocuGen/commons-imaging-1.0-alpha3-src/src/main/java/org/apache/commons/imaging/formats/tiff/TiffImageParser.java
/Users/shivengarisa/Context4DocuGen/commons-imaging-1.0-alpha3-src/src/main/java/org/apache/commons/imaging/formats/pcx/PcxConstants.java
/Users/shivengarisa/Context4DocuGen/commons-imaging-1.0-alpha3-src/src/main/java/org/apache/commons/imaging/formats/tiff/fieldtypes/FieldTypeDouble.java
/Users/shivengarisa/Context4DocuGen/commons-imaging-1.0-alpha3-src/src/main/java/org/apache/commons/imaging/formats/png/scanlinefilters/ScanlineFilterAverage.java
/Users/shivengarisa/Context4DocuGen/commons-imaging-1.0-alpha3-src/src/main/java/org/apache/commons/imaging/color/ColorConversions.java
/Users/shivengarisa/Context4DocuGen/commons-imaging-1.0-alpha3-src/src/main/java/org/apache/commons/imaging/common/bytesource/ByteSourceInputStream.java
/Users/shivengarisa/Context4DocuGen/commons-imaging-1.0-alpha3-src/src/main/java/org/apache/commons/imaging/formats/psd/dataparsers/DataParserRgb.java
/Users/shivengarisa/Context4DocuGen/commons-imaging-1.0-alpha3-src/src/main/java/org/apache/commons/imaging/color/ColorCmy.java
/Users/shivengarisa/Context4DocuGen/commons-imaging-1.0-alpha3-src/src/main/java/org/apache/commons/imaging/internal/Util.java
/Users/shivengarisa/Context4DocuGen/commons-imaging-1.0-alpha3-src/src/main/java/org/apache/commons/imaging/formats/tiff/photometricinterpreters/PhotometricInterpreterCieLab.java
/Users/shivengarisa/Context4DocuGen/commons-imaging-1.0-alpha3-src/src/main/java/org/apache/commons/imaging/formats/tiff/taginfos/package-info.java
/Users/shivengarisa/Context4DocuGen/commons-imaging-1.0-alpha3-src/src/main/java/org/apache/commons/imaging/Imaging.java
/Users/shivengarisa/Context4DocuGen/commons-imaging-1.0-alpha3-src/src/main/java/org/apache/commons/imaging/internal/package-info.java
/Users/shivengarisa/Context4DocuGen/commons-imaging-1.0-alpha3-src/src/main/java/org/apache/commons/imaging/ImageReadException.java
/Users/shivengarisa/Context4DocuGen/commons-imaging-1.0-alpha3-src/src/main/java/org/apache/commons/imaging/common/itu_t4/T4_T6_Tables.java
/Users/shivengarisa/Context4DocuGen/commons-imaging-1.0-alpha3-src/src/main/java/org/apache/commons/imaging/formats/jpeg/segments/GenericSegment.java
/Users/shivengarisa/Context4DocuGen/commons-imaging-1.0-alpha3-src/src/main/java/org/apache/commons/imaging/formats/png/chunks/PngChunkItxt.java
/Users/shivengarisa/Context4DocuGen/commons-imaging-1.0-alpha3-src/src/main/java/org/apache/commons/imaging/ImagingConstants.java
/Users/shivengarisa/Context4DocuGen/commons-imaging-1.0-alpha3-src/src/main/java/org/apache/commons/imaging/formats/tiff/taginfos/TagInfoLong.java
/Users/shivengarisa/Context4DocuGen/commons-imaging-1.0-alpha3-src/src/main/java/org/apache/commons/imaging/formats/xpm/XpmImageParser.java
/Users/shivengarisa/Context4DocuGen/commons-imaging-1.0-alpha3-src/src/main/java/org/apache/commons/imaging/ColorTools.java
/Users/shivengarisa/Context4DocuGen/commons-imaging-1.0-alpha3-src/src/main/java/org/apache/commons/imaging/formats/tiff/constants/ExifTagConstants.java
/Users/shivengarisa/Context4DocuGen/commons-imaging-1.0-alpha3-src/src/main/java/org/apache/commons/imaging/formats/tiff/taginfos/TagInfoShortOrLongOrRational.java
/Users/shivengarisa/Context4DocuGen/commons-imaging-1.0-alpha3-src/src/main/java/org/apache/commons/imaging/formats/tiff/photometricinterpreters/PhotometricInterpreterCmyk.java
/Users/shivengarisa/Context4DocuGen/commons-imaging-1.0-alpha3-src/src/main/java/org/apache/commons/imaging/formats/jpeg/iptc/IptcParser.java
/Users/shivengarisa/Context4DocuGen/commons-imaging-1.0-alpha3-src/src/main/java/org/apache/commons/imaging/formats/jpeg/decoder/JpegInputStream.java
/Users/shivengarisa/Context4DocuGen/commons-imaging-1.0-alpha3-src/src/main/java/org/apache/commons/imaging/formats/gif/GenericGifBlock.java
/Users/shivengarisa/Context4DocuGen/commons-imaging-1.0-alpha3-src/src/main/java/org/apache/commons/imaging/formats/dcx/package-info.java
/Users/shivengarisa/Context4DocuGen/commons-imaging-1.0-alpha3-src/src/main/java/org/apache/commons/imaging/formats/tiff/taginfos/TagInfoLongOrIFD.java
/Users/shivengarisa/Context4DocuGen/commons-imaging-1.0-alpha3-src/src/main/java/org/apache/commons/imaging/formats/tiff/TiffRasterDataInt.java
/Users/shivengarisa/Context4DocuGen/commons-imaging-1.0-alpha3-src/src/main/java/org/apache/commons/imaging/common/FastByteArrayOutputStream.java
/Users/shivengarisa/Context4DocuGen/commons-imaging-1.0-alpha3-src/src/main/java/org/apache/commons/imaging/formats/jpeg/JpegUtils.java
/Users/shivengarisa/Context4DocuGen/commons-imaging-1.0-alpha3-src/src/main/java/org/apache/commons/imaging/formats/tiff/constants/AliasSketchbookProTagConstants.java
/Users/shivengarisa/Context4DocuGen/commons-imaging-1.0-alpha3-src/src/main/java/org/apache/commons/imaging/formats/jpeg/segments/DqtSegment.java
/Users/shivengarisa/Context4DocuGen/commons-imaging-1.0-alpha3-src/src/main/java/org/apache/commons/imaging/common/itu_t4/HuffmanTreeException.java
/Users/shivengarisa/Context4DocuGen/commons-imaging-1.0-alpha3-src/src/main/java/org/apache/commons/imaging/formats/png/PngText.java
/Users/shivengarisa/Context4DocuGen/commons-imaging-1.0-alpha3-src/src/main/java/org/apache/commons/imaging/common/itu_t4/HuffmanTree.java
/Users/shivengarisa/Context4DocuGen/commons-imaging-1.0-alpha3-src/src/main/java/org/apache/commons/imaging/formats/bmp/BmpWriter.java
/Users/shivengarisa/Context4DocuGen/commons-imaging-1.0-alpha3-src/src/main/java/org/apache/commons/imaging/formats/psd/PsdHeaderInfo.java
/Users/shivengarisa/Context4DocuGen/commons-imaging-1.0-alpha3-src/src/main/java/org/apache/commons/imaging/formats/png/PngImagingParameters.java
/Users/shivengarisa/Context4DocuGen/commons-imaging-1.0-alpha3-src/src/main/java/org/apache/commons/imaging/formats/tiff/TiffImageData.java
/Users/shivengarisa/Context4DocuGen/commons-imaging-1.0-alpha3-src/src/main/java/org/apache/commons/imaging/formats/png/chunks/PngChunkText.java
/Users/shivengarisa/Context4DocuGen/commons-imaging-1.0-alpha3-src/src/main/java/org/apache/commons/imaging/formats/tiff/constants/TiffTagConstants.java
/Users/shivengarisa/Context4DocuGen/commons-imaging-1.0-alpha3-src/src/main/java/org/apache/commons/imaging/formats/tiff/taginfos/TagInfo.java
/Users/shivengarisa/Context4DocuGen/commons-imaging-1.0-alpha3-src/src/main/java/org/apache/commons/imaging/formats/png/scanlinefilters/ScanlineFilterSub.java
/Users/shivengarisa/Context4DocuGen/commons-imaging-1.0-alpha3-src/src/main/java/org/apache/commons/imaging/formats/tiff/constants/GpsTagConstants.java
/Users/shivengarisa/Context4DocuGen/commons-imaging-1.0-alpha3-src/src/main/java/org/apache/commons/imaging/formats/png/chunks/PngChunkIhdr.java
/Users/shivengarisa/Context4DocuGen/commons-imaging-1.0-alpha3-src/src/main/java/org/apache/commons/imaging/formats/xpm/XpmImagingParameters.java
/Users/shivengarisa/Context4DocuGen/commons-imaging-1.0-alpha3-src/src/main/java/org/apache/commons/imaging/formats/tiff/taginfos/TagInfoByte.java
/Users/shivengarisa/Context4DocuGen/commons-imaging-1.0-alpha3-src/src/main/java/org/apache/commons/imaging/formats/jpeg/exif/package-info.java
/Users/shivengarisa/Context4DocuGen/commons-imaging-1.0-alpha3-src/src/main/java/org/apache/commons/imaging/formats/jpeg/segments/package-info.java
/Users/shivengarisa/Context4DocuGen/commons-imaging-1.0-alpha3-src/src/main/java/org/apache/commons/imaging/formats/wbmp/package-info.java
/Users/shivengarisa/Context4DocuGen/commons-imaging-1.0-alpha3-src/src/main/java/org/apache/commons/imaging/formats/tiff/constants/GeoTiffTagConstants.java
/Users/shivengarisa/Context4DocuGen/commons-imaging-1.0-alpha3-src/src/main/java/org/apache/commons/imaging/formats/jpeg/segments/SofnSegment.java
/Users/shivengarisa/Context4DocuGen/commons-imaging-1.0-alpha3-src/src/main/java/org/apache/commons/imaging/formats/tiff/TiffRasterDataType.java
/Users/shivengarisa/Context4DocuGen/commons-imaging-1.0-alpha3-src/src/main/java/org/apache/commons/imaging/formats/pnm/PbmFileInfo.java
/Users/shivengarisa/Context4DocuGen/commons-imaging-1.0-alpha3-src/src/main/java/org/apache/commons/imaging/palette/ColorCount.java
/Users/shivengarisa/Context4DocuGen/commons-imaging-1.0-alpha3-src/src/main/java/org/apache/commons/imaging/formats/ico/package-info.java
/Users/shivengarisa/Context4DocuGen/commons-imaging-1.0-alpha3-src/src/main/java/org/apache/commons/imaging/formats/tiff/taginfos/TagInfoXpString.java
/Users/shivengarisa/Context4DocuGen/commons-imaging-1.0-alpha3-src/src/main/java/org/apache/commons/imaging/formats/jpeg/segments/DhtSegment.java
/Users/shivengarisa/Context4DocuGen/commons-imaging-1.0-alpha3-src/src/main/java/org/apache/commons/imaging/formats/pnm/PamWriter.java
/Users/shivengarisa/Context4DocuGen/commons-imaging-1.0-alpha3-src/src/main/java/org/apache/commons/imaging/formats/pnm/PgmFileInfo.java
/Users/shivengarisa/Context4DocuGen/commons-imaging-1.0-alpha3-src/src/main/java/org/apache/commons/imaging/formats/icns/IcnsType.java
/Users/shivengarisa/Context4DocuGen/commons-imaging-1.0-alpha3-src/src/main/java/org/apache/commons/imaging/icc/IccConstants.java
/Users/shivengarisa/Context4DocuGen/commons-imaging-1.0-alpha3-src/src/main/java/org/apache/commons/imaging/formats/png/PngConstants.java
/Users/shivengarisa/Context4DocuGen/commons-imaging-1.0-alpha3-src/src/main/java/org/apache/commons/imaging/formats/jpeg/decoder/YCbCrConverter.java
/Users/shivengarisa/Context4DocuGen/commons-imaging-1.0-alpha3-src/src/main/java/org/apache/commons/imaging/formats/tiff/write/ImageDataOffsets.java
/Users/shivengarisa/Context4DocuGen/commons-imaging-1.0-alpha3-src/src/main/java/org/apache/commons/imaging/formats/tiff/write/TiffOutputSummary.java
/Users/shivengarisa/Context4DocuGen/commons-imaging-1.0-alpha3-src/src/main/java/org/apache/commons/imaging/formats/pnm/PbmWriter.java
/Users/shivengarisa/Context4DocuGen/commons-imaging-1.0-alpha3-src/src/main/java/org/apache/commons/imaging/palette/package-info.java
/Users/shivengarisa/Context4DocuGen/commons-imaging-1.0-alpha3-src/src/main/java/org/apache/commons/imaging/formats/png/PngImageParser.java
/Users/shivengarisa/Context4DocuGen/commons-imaging-1.0-alpha3-src/src/main/java/org/apache/commons/imaging/formats/tiff/TiffTags.java
/Users/shivengarisa/Context4DocuGen/commons-imaging-1.0-alpha3-src/src/main/java/org/apache/commons/imaging/icc/IccProfileParser.java
/Users/shivengarisa/Context4DocuGen/commons-imaging-1.0-alpha3-src/src/main/java/org/apache/commons/imaging/ImageFormat.java
/Users/shivengarisa/Context4DocuGen/commons-imaging-1.0-alpha3-src/src/main/java/org/apache/commons/imaging/palette/QuantizedPalette.java
/Users/shivengarisa/Context4DocuGen/commons-imaging-1.0-alpha3-src/src/main/java/org/apache/commons/imaging/color/ColorXyz.java
/Users/shivengarisa/Context4DocuGen/commons-imaging-1.0-alpha3-src/src/main/java/org/apache/commons/imaging/formats/psd/PsdImagingParameters.java
/Users/shivengarisa/Context4DocuGen/commons-imaging-1.0-alpha3-src/src/main/java/org/apache/commons/imaging/formats/tiff/taginfos/TagInfoDoubles.java
/Users/shivengarisa/Context4DocuGen/commons-imaging-1.0-alpha3-src/src/main/java/org/apache/commons/imaging/formats/tiff/TiffRasterData.java
/Users/shivengarisa/Context4DocuGen/commons-imaging-1.0-alpha3-src/src/main/java/org/apache/commons/imaging/formats/icns/Rle24Compression.java
/Users/shivengarisa/Context4DocuGen/commons-imaging-1.0-alpha3-src/src/main/java/org/apache/commons/imaging/formats/psd/dataparsers/DataParserBitmap.java
/Users/shivengarisa/Context4DocuGen/commons-imaging-1.0-alpha3-src/src/main/java/org/apache/commons/imaging/formats/pnm/PnmWriter.java
/Users/shivengarisa/Context4DocuGen/commons-imaging-1.0-alpha3-src/src/main/java/org/apache/commons/imaging/formats/tiff/fieldtypes/FieldTypeByte.java
/Users/shivengarisa/Context4DocuGen/commons-imaging-1.0-alpha3-src/src/main/java/org/apache/commons/imaging/formats/gif/GraphicControlExtension.java
/Users/shivengarisa/Context4DocuGen/commons-imaging-1.0-alpha3-src/src/main/java/org/apache/commons/imaging/formats/bmp/BmpImageParser.java
/Users/shivengarisa/Context4DocuGen/commons-imaging-1.0-alpha3-src/src/main/java/org/apache/commons/imaging/formats/pcx/PcxImageParser.java
/Users/shivengarisa/Context4DocuGen/commons-imaging-1.0-alpha3-src/src/main/java/org/apache/commons/imaging/common/bytesource/ByteSource.java
/Users/shivengarisa/Context4DocuGen/commons-imaging-1.0-alpha3-src/src/main/java/org/apache/commons/imaging/formats/ico/IcoImageParser.java
/Users/shivengarisa/Context4DocuGen/commons-imaging-1.0-alpha3-src/src/main/java/org/apache/commons/imaging/internal/Debug.java
/Users/shivengarisa/Context4DocuGen/commons-imaging-1.0-alpha3-src/src/main/java/org/apache/commons/imaging/palette/ColorCountComparator.java
/Users/shivengarisa/Context4DocuGen/commons-imaging-1.0-alpha3-src/src/main/java/org/apache/commons/imaging/common/ByteConversions.java
/Users/shivengarisa/Context4DocuGen/commons-imaging-1.0-alpha3-src/src/main/java/org/apache/commons/imaging/formats/png/PngColorType.java
/Users/shivengarisa/Context4DocuGen/commons-imaging-1.0-alpha3-src/src/main/java/org/apache/commons/imaging/formats/png/transparencyfilters/TransparencyFilterTrueColor.java
/Users/shivengarisa/Context4DocuGen/commons-imaging-1.0-alpha3-src/src/main/java/org/apache/commons/imaging/formats/rgbe/RgbeInfo.java
/Users/shivengarisa/Context4DocuGen/commons-imaging-1.0-alpha3-src/src/main/java/org/apache/commons/imaging/palette/Palette.java
/Users/shivengarisa/Context4DocuGen/commons-imaging-1.0-alpha3-src/src/main/java/org/apache/commons/imaging/icc/CachingInputStream.java
/Users/shivengarisa/Context4DocuGen/commons-imaging-1.0-alpha3-src/src/main/java/org/apache/commons/imaging/formats/tiff/taginfos/TagInfoFloats.java
/Users/shivengarisa/Context4DocuGen/commons-imaging-1.0-alpha3-src/src/main/java/org/apache/commons/imaging/formats/tiff/constants/Rfc2301TagConstants.java
/Users/shivengarisa/Context4DocuGen/commons-imaging-1.0-alpha3-src/src/main/java/org/apache/commons/imaging/formats/jpeg/package-info.java
/Users/shivengarisa/Context4DocuGen/commons-imaging-1.0-alpha3-src/src/main/java/org/apache/commons/imaging/formats/tiff/TiffContents.java
/Users/shivengarisa/Context4DocuGen/commons-imaging-1.0-alpha3-src/src/main/java/org/apache/commons/imaging/formats/tiff/TiffRasterStatistics.java
/Users/shivengarisa/Context4DocuGen/commons-imaging-1.0-alpha3-src/src/main/java/org/apache/commons/imaging/common/itu_t4/BitArrayOutputStream.java
/Users/shivengarisa/Context4DocuGen/commons-imaging-1.0-alpha3-src/src/main/java/org/apache/commons/imaging/formats/pnm/PnmConstants.java
/Users/shivengarisa/Context4DocuGen/commons-imaging-1.0-alpha3-src/src/main/java/org/apache/commons/imaging/formats/rgbe/InfoHeaderReader.java
/Users/shivengarisa/Context4DocuGen/commons-imaging-1.0-alpha3-src/src/main/java/org/apache/commons/imaging/formats/psd/datareaders/DataReader.java
/Users/shivengarisa/Context4DocuGen/commons-imaging-1.0-alpha3-src/src/main/java/org/apache/commons/imaging/icc/IccTagType.java
/Users/shivengarisa/Context4DocuGen/commons-imaging-1.0-alpha3-src/src/main/java/org/apache/commons/imaging/formats/png/ScanExpediterInterlaced.java
/Users/shivengarisa/Context4DocuGen/commons-imaging-1.0-alpha3-src/src/main/java/org/apache/commons/imaging/formats/jpeg/xmp/JpegRewriter.java
/Users/shivengarisa/Context4DocuGen/commons-imaging-1.0-alpha3-src/src/main/java/org/apache/commons/imaging/formats/tiff/taginfos/TagInfoSShorts.java
/Users/shivengarisa/Context4DocuGen/commons-imaging-1.0-alpha3-src/src/main/java/org/apache/commons/imaging/common/GenericImageMetadata.java
/Users/shivengarisa/Context4DocuGen/commons-imaging-1.0-alpha3-src/src/main/java/org/apache/commons/imaging/formats/tiff/datareaders/package-info.java
/Users/shivengarisa/Context4DocuGen/commons-imaging-1.0-alpha3-src/src/main/java/org/apache/commons/imaging/formats/png/InterlaceMethod.java
/Users/shivengarisa/Context4DocuGen/commons-imaging-1.0-alpha3-src/src/main/java/org/apache/commons/imaging/common/ImageMetadata.java
/Users/shivengarisa/Context4DocuGen/commons-imaging-1.0-alpha3-src/src/main/java/org/apache/commons/imaging/formats/wbmp/WbmpImageParser.java
/Users/shivengarisa/Context4DocuGen/commons-imaging-1.0-alpha3-src/src/main/java/org/apache/commons/imaging/ImageParser.java
/Users/shivengarisa/Context4DocuGen/commons-imaging-1.0-alpha3-src/src/main/java/org/apache/commons/imaging/formats/psd/dataparsers/DataParserLab.java
/Users/shivengarisa/Context4DocuGen/commons-imaging-1.0-alpha3-src/src/main/java/org/apache/commons/imaging/formats/rgbe/RgbeImagingParameters.java
/Users/shivengarisa/Context4DocuGen/commons-imaging-1.0-alpha3-src/src/main/java/org/apache/commons/imaging/formats/pnm/PnmImageParser.java
/Users/shivengarisa/Context4DocuGen/commons-imaging-1.0-alpha3-src/src/main/java/org/apache/commons/imaging/formats/tiff/constants/TiffPlanarConfiguration.java
/Users/shivengarisa/Context4DocuGen/commons-imaging-1.0-alpha3-src/src/main/java/org/apache/commons/imaging/formats/tiff/taginfos/TagInfoAscii.java
/Users/shivengarisa/Context4DocuGen/commons-imaging-1.0-alpha3-src/src/main/java/org/apache/commons/imaging/formats/jpeg/xmp/JpegXmpParser.java
/Users/shivengarisa/Context4DocuGen/commons-imaging-1.0-alpha3-src/src/main/java/org/apache/commons/imaging/formats/psd/dataparsers/DataParserCmyk.java
/Users/shivengarisa/Context4DocuGen/commons-imaging-1.0-alpha3-src/src/main/java/org/apache/commons/imaging/common/SimpleBufferedImageFactory.java
/Users/shivengarisa/Context4DocuGen/commons-imaging-1.0-alpha3-src/src/main/java/org/apache/commons/imaging/formats/png/package-info.java
/Users/shivengarisa/Context4DocuGen/commons-imaging-1.0-alpha3-src/src/main/java/org/apache/commons/imaging/formats/png/scanlinefilters/ScanlineFilter.java
/Users/shivengarisa/Context4DocuGen/commons-imaging-1.0-alpha3-src/src/main/java/org/apache/commons/imaging/formats/jpeg/iptc/PhotoshopApp13Data.java
/Users/shivengarisa/Context4DocuGen/commons-imaging-1.0-alpha3-src/src/main/java/org/apache/commons/imaging/formats/png/GammaCorrection.java
/Users/shivengarisa/Context4DocuGen/commons-imaging-1.0-alpha3-src/src/main/java/org/apache/commons/imaging/palette/ColorComponent.java
/Users/shivengarisa/Context4DocuGen/commons-imaging-1.0-alpha3-src/src/main/java/org/apache/commons/imaging/palette/ColorGroup.java
/Users/shivengarisa/Context4DocuGen/commons-imaging-1.0-alpha3-src/src/main/java/org/apache/commons/imaging/formats/jpeg/iptc/package-info.java
/Users/shivengarisa/Context4DocuGen/commons-imaging-1.0-alpha3-src/src/main/java/org/apache/commons/imaging/ImageWriteException.java
/Users/shivengarisa/Context4DocuGen/commons-imaging-1.0-alpha3-src/src/main/java/org/apache/commons/imaging/formats/bmp/PixelParser.java
/Users/shivengarisa/Context4DocuGen/commons-imaging-1.0-alpha3-src/src/main/java/org/apache/commons/imaging/formats/pcx/PcxImagingParameters.java
/Users/shivengarisa/Context4DocuGen/commons-imaging-1.0-alpha3-src/src/main/java/org/apache/commons/imaging/formats/jpeg/JpegPhotoshopMetadata.java
/Users/shivengarisa/Context4DocuGen/commons-imaging-1.0-alpha3-src/src/main/java/org/apache/commons/imaging/formats/gif/GifImagingParameters.java
/Users/shivengarisa/Context4DocuGen/commons-imaging-1.0-alpha3-src/src/main/java/org/apache/commons/imaging/formats/png/scanlinefilters/ScanlineFilterNone.java
/Users/shivengarisa/Context4DocuGen/commons-imaging-1.0-alpha3-src/src/main/java/org/apache/commons/imaging/formats/gif/GifImageMetadata.java
/Users/shivengarisa/Context4DocuGen/commons-imaging-1.0-alpha3-src/src/main/java/org/apache/commons/imaging/formats/jpeg/segments/ComSegment.java
/Users/shivengarisa/Context4DocuGen/commons-imaging-1.0-alpha3-src/src/main/java/org/apache/commons/imaging/formats/bmp/BmpWriterPalette.java
/Users/shivengarisa/Context4DocuGen/commons-imaging-1.0-alpha3-src/src/main/java/org/apache/commons/imaging/formats/tiff/photometricinterpreters/floatingpoint/PaletteEntryForValue.java
/Users/shivengarisa/Context4DocuGen/commons-imaging-1.0-alpha3-src/src/main/java/org/apache/commons/imaging/formats/tiff/constants/DngTagConstants.java
/Users/shivengarisa/Context4DocuGen/commons-imaging-1.0-alpha3-src/src/main/java/org/apache/commons/imaging/formats/tiff/constants/AdobePageMaker6TagConstants.java
/Users/shivengarisa/Context4DocuGen/commons-imaging-1.0-alpha3-src/src/main/java/org/apache/commons/imaging/formats/pnm/PnmImagingParameters.java
/Users/shivengarisa/Context4DocuGen/commons-imaging-1.0-alpha3-src/src/main/java/org/apache/commons/imaging/palette/LongestAxisMedianCut.java
/Users/shivengarisa/Context4DocuGen/commons-imaging-1.0-alpha3-src/src/main/java/org/apache/commons/imaging/formats/png/PngCrc.java
/Users/shivengarisa/Context4DocuGen/commons-imaging-1.0-alpha3-src/src/main/java/org/apache/commons/imaging/formats/gif/GifImageParser.java
/Users/shivengarisa/Context4DocuGen/commons-imaging-1.0-alpha3-src/src/main/java/org/apache/commons/imaging/formats/tiff/constants/MicrosoftHdPhotoTagConstants.java
/Users/shivengarisa/Context4DocuGen/commons-imaging-1.0-alpha3-src/src/main/java/org/apache/commons/imaging/formats/tiff/taginfos/TagInfoUnknowns.java
/Users/shivengarisa/Context4DocuGen/commons-imaging-1.0-alpha3-src/src/main/java/org/apache/commons/imaging/formats/tiff/constants/HylaFaxTagConstants.java
/Users/shivengarisa/Context4DocuGen/commons-imaging-1.0-alpha3-src/src/main/java/org/apache/commons/imaging/formats/png/ChunkType.java
/Users/shivengarisa/Context4DocuGen/commons-imaging-1.0-alpha3-src/src/main/java/org/apache/commons/imaging/formats/jpeg/decoder/Block.java
/Users/shivengarisa/Context4DocuGen/commons-imaging-1.0-alpha3-src/src/main/java/org/apache/commons/imaging/formats/tiff/fieldtypes/FieldTypeShort.java
/Users/shivengarisa/Context4DocuGen/commons-imaging-1.0-alpha3-src/src/main/java/org/apache/commons/imaging/formats/tiff/taginfos/TagInfoDouble.java
/Users/shivengarisa/Context4DocuGen/commons-imaging-1.0-alpha3-src/src/main/java/org/apache/commons/imaging/palette/PaletteFactory.java
/Users/shivengarisa/Context4DocuGen/commons-imaging-1.0-alpha3-src/src/main/java/org/apache/commons/imaging/ImageDump.java
/Users/shivengarisa/Context4DocuGen/commons-imaging-1.0-alpha3-src/src/main/java/org/apache/commons/imaging/formats/tiff/fieldtypes/FieldTypeLong.java
/Users/shivengarisa/Context4DocuGen/commons-imaging-1.0-alpha3-src/src/main/java/org/apache/commons/imaging/formats/png/chunks/package-info.java
/Users/shivengarisa/Context4DocuGen/commons-imaging-1.0-alpha3-src/src/main/java/org/apache/commons/imaging/formats/pnm/WhiteSpaceReader.java
/Users/shivengarisa/Context4DocuGen/commons-imaging-1.0-alpha3-src/src/main/java/org/apache/commons/imaging/color/ColorCieLch.java
/Users/shivengarisa/Context4DocuGen/commons-imaging-1.0-alpha3-src/src/main/java/org/apache/commons/imaging/formats/tiff/taginfos/TagInfoUndefined.java
/Users/shivengarisa/Context4DocuGen/commons-imaging-1.0-alpha3-src/src/main/java/org/apache/commons/imaging/formats/png/ScanExpediter.java
/Users/shivengarisa/Context4DocuGen/commons-imaging-1.0-alpha3-src/src/main/java/org/apache/commons/imaging/formats/pcx/package-info.java
/Users/shivengarisa/Context4DocuGen/commons-imaging-1.0-alpha3-src/src/main/java/org/apache/commons/imaging/formats/psd/dataparsers/DataParserIndexed.java
/Users/shivengarisa/Context4DocuGen/commons-imaging-1.0-alpha3-src/src/main/java/org/apache/commons/imaging/formats/tiff/constants/MolecularDynamicsGelTagConstants.java
/Users/shivengarisa/Context4DocuGen/commons-imaging-1.0-alpha3-src/src/main/java/org/apache/commons/imaging/common/PackBits.java
/Users/shivengarisa/Context4DocuGen/commons-imaging-1.0-alpha3-src/src/main/java/org/apache/commons/imaging/formats/psd/dataparsers/DataParserStub.java
/Users/shivengarisa/Context4DocuGen/commons-imaging-1.0-alpha3-src/src/main/java/org/apache/commons/imaging/formats/tiff/TiffDirectory.java
/Users/shivengarisa/Context4DocuGen/commons-imaging-1.0-alpha3-src/src/main/java/org/apache/commons/imaging/formats/tiff/taginfos/TagInfoDirectory.java
/Users/shivengarisa/Context4DocuGen/commons-imaging-1.0-alpha3-src/src/main/java/org/apache/commons/imaging/formats/gif/GifHeaderInfo.java
/Users/shivengarisa/Context4DocuGen/commons-imaging-1.0-alpha3-src/src/main/java/org/apache/commons/imaging/common/bytesource/ByteSourceArray.java
/Users/shivengarisa/Context4DocuGen/commons-imaging-1.0-alpha3-src/src/main/java/org/apache/commons/imaging/formats/wbmp/WbmpImagingParameters.java
/Users/shivengarisa/Context4DocuGen/commons-imaging-1.0-alpha3-src/src/main/java/org/apache/commons/imaging/formats/gif/DisposalMethod.java
/Users/shivengarisa/Context4DocuGen/commons-imaging-1.0-alpha3-src/src/main/java/org/apache/commons/imaging/formats/tiff/taginfos/TagInfoSRational.java
/Users/shivengarisa/Context4DocuGen/commons-imaging-1.0-alpha3-src/src/main/java/org/apache/commons/imaging/common/bytesource/package-info.java
/Users/shivengarisa/Context4DocuGen/commons-imaging-1.0-alpha3-src/src/main/java/org/apache/commons/imaging/formats/rgbe/package-info.java
/Users/shivengarisa/Context4DocuGen/commons-imaging-1.0-alpha3-src/src/main/java/org/apache/commons/imaging/formats/tiff/taginfos/TagInfoAny.java
/Users/shivengarisa/Context4DocuGen/commons-imaging-1.0-alpha3-src/src/main/java/org/apache/commons/imaging/common/mylzw/MyLzwCompressor.java
/Users/shivengarisa/Context4DocuGen/commons-imaging-1.0-alpha3-src/src/main/java/org/apache/commons/imaging/formats/jpeg/xmp/JpegXmpRewriter.java
/Users/shivengarisa/Context4DocuGen/commons-imaging-1.0-alpha3-src/src/main/java/org/apache/commons/imaging/formats/png/transparencyfilters/TransparencyFilter.java
/Users/shivengarisa/Context4DocuGen/commons-imaging-1.0-alpha3-src/src/main/java/org/apache/commons/imaging/formats/tiff/datareaders/BitInputStream.java
/Users/shivengarisa/Context4DocuGen/commons-imaging-1.0-alpha3-src/src/main/java/org/apache/commons/imaging/formats/tiff/taginfos/TagInfoSShort.java
/Users/shivengarisa/Context4DocuGen/commons-imaging-1.0-alpha3-src/src/main/java/org/apache/commons/imaging/palette/ColorSpaceSubset.java
/Users/shivengarisa/Context4DocuGen/commons-imaging-1.0-alpha3-src/src/main/java/org/apache/commons/imaging/formats/png/scanlinefilters/ScanlineFilterPaeth.java
/Users/shivengarisa/Context4DocuGen/commons-imaging-1.0-alpha3-src/src/main/java/org/apache/commons/imaging/formats/xbm/package-info.java
/Users/shivengarisa/Context4DocuGen/commons-imaging-1.0-alpha3-src/src/main/java/org/apache/commons/imaging/formats/jpeg/decoder/ZigZag.java
/Users/shivengarisa/Context4DocuGen/commons-imaging-1.0-alpha3-src/src/main/java/org/apache/commons/imaging/formats/tiff/photometricinterpreters/PhotometricInterpreterYCbCr.java
/Users/shivengarisa/Context4DocuGen/commons-imaging-1.0-alpha3-src/src/main/java/org/apache/commons/imaging/formats/psd/dataparsers/DataParser.java
/Users/shivengarisa/Context4DocuGen/commons-imaging-1.0-alpha3-src/src/main/java/org/apache/commons/imaging/ImagingParameters.java
/Users/shivengarisa/Context4DocuGen/commons-imaging-1.0-alpha3-src/src/main/java/org/apache/commons/imaging/formats/psd/PsdImageParser.java
/Users/shivengarisa/Context4DocuGen/commons-imaging-1.0-alpha3-src/src/main/java/org/apache/commons/imaging/formats/pcx/PcxWriter.java
/Users/shivengarisa/Context4DocuGen/commons-imaging-1.0-alpha3-src/src/main/java/org/apache/commons/imaging/formats/tiff/write/TiffImageWriterLossy.java
/Users/shivengarisa/Context4DocuGen/commons-imaging-1.0-alpha3-src/src/main/java/org/apache/commons/imaging/formats/tiff/photometricinterpreters/floatingpoint/PhotometricInterpreterFloat.java
/Users/shivengarisa/Context4DocuGen/commons-imaging-1.0-alpha3-src/src/main/java/org/apache/commons/imaging/formats/tiff/fieldtypes/package-info.java
/Users/shivengarisa/Context4DocuGen/commons-imaging-1.0-alpha3-src/src/main/java/org/apache/commons/imaging/formats/tiff/taginfos/TagInfoByteOrShort.java
/Users/shivengarisa/Context4DocuGen/commons-imaging-1.0-alpha3-src/src/main/java/org/apache/commons/imaging/formats/jpeg/xmp/package-info.java
/Users/shivengarisa/Context4DocuGen/commons-imaging-1.0-alpha3-src/src/main/java/org/apache/commons/imaging/formats/tiff/constants/TiffEpTagConstants.java
/Users/shivengarisa/Context4DocuGen/commons-imaging-1.0-alpha3-src/src/main/java/org/apache/commons/imaging/formats/tiff/write/package-info.java
