/Users/shivengarisa/Context4DocuGen/async-http-client/extras/rxjava/src/main/java/org/asynchttpclient/extras/rxjava/single/AsyncHttpSingle.java
/Users/shivengarisa/Context4DocuGen/async-http-client/extras/rxjava/src/main/java/org/asynchttpclient/extras/rxjava/single/AbstractSingleSubscriberBridge.java
/Users/shivengarisa/Context4DocuGen/async-http-client/extras/rxjava/src/main/java/org/asynchttpclient/extras/rxjava/AsyncHttpObservable.java
/Users/shivengarisa/Context4DocuGen/async-http-client/extras/rxjava/src/main/java/org/asynchttpclient/extras/rxjava/single/AsyncSingleSubscriberBridge.java
/Users/shivengarisa/Context4DocuGen/async-http-client/extras/rxjava/src/main/java/org/asynchttpclient/extras/rxjava/UnsubscribedException.java
/Users/shivengarisa/Context4DocuGen/async-http-client/extras/rxjava/src/main/java/org/asynchttpclient/extras/rxjava/single/ProgressAsyncSingleSubscriberBridge.java
/Users/shivengarisa/Context4DocuGen/async-http-client/extras/rxjava/src/main/java/org/asynchttpclient/extras/rxjava/single/AbstractProgressSingleSubscriberBridge.java
