/Users/shivengarisa/Context4DocuGen/async-http-client/extras/simple/src/main/java/org/asynchttpclient/extras/simple/ThrowableHandler.java
/Users/shivengarisa/Context4DocuGen/async-http-client/extras/simple/src/main/java/org/asynchttpclient/extras/simple/SimpleAsyncHttpClient.java
/Users/shivengarisa/Context4DocuGen/async-http-client/extras/simple/src/main/java/org/asynchttpclient/extras/simple/SimpleAHCTransferListener.java
/Users/shivengarisa/Context4DocuGen/async-http-client/extras/simple/src/main/java/org/asynchttpclient/extras/simple/ResumableBodyConsumer.java
/Users/shivengarisa/Context4DocuGen/async-http-client/extras/simple/src/main/java/org/asynchttpclient/extras/simple/ByteBufferBodyConsumer.java
/Users/shivengarisa/Context4DocuGen/async-http-client/extras/simple/src/main/java/org/asynchttpclient/extras/simple/OutputStreamBodyConsumer.java
/Users/shivengarisa/Context4DocuGen/async-http-client/extras/simple/src/main/java/org/asynchttpclient/extras/simple/AppendableBodyConsumer.java
/Users/shivengarisa/Context4DocuGen/async-http-client/extras/simple/src/main/java/org/asynchttpclient/extras/simple/BodyConsumer.java
/Users/shivengarisa/Context4DocuGen/async-http-client/extras/simple/src/main/java/org/asynchttpclient/extras/simple/FileBodyConsumer.java
